ARM GAS  C:\Users\parni\AppData\Local\Temp\ccHaGwrQ.s 			page 1


   1              		.cpu cortex-m4
   2              		.arch armv7e-m
   3              		.fpu fpv4-sp-d16
   4              		.eabi_attribute 27, 1
   5              		.eabi_attribute 28, 1
   6              		.eabi_attribute 20, 1
   7              		.eabi_attribute 21, 1
   8              		.eabi_attribute 23, 3
   9              		.eabi_attribute 24, 1
  10              		.eabi_attribute 25, 1
  11              		.eabi_attribute 26, 1
  12              		.eabi_attribute 30, 1
  13              		.eabi_attribute 34, 1
  14              		.eabi_attribute 18, 4
  15              		.file	"it_handlers.c"
  16              		.text
  17              	.Ltext0:
  18              		.cfi_sections	.debug_frame
  19              		.file 1 "Core/Src/it_handlers.c"
  20              		.section	.text.SysTick_Handler,"ax",%progbits
  21              		.align	1
  22              		.global	SysTick_Handler
  23              		.syntax unified
  24              		.thumb
  25              		.thumb_func
  27              	SysTick_Handler:
  28              	.LFB130:
   1:Core/Src/it_handlers.c **** #include "it_handlers.h"
   2:Core/Src/it_handlers.c **** #include "init.h"
   3:Core/Src/it_handlers.c **** 
   4:Core/Src/it_handlers.c **** extern volatile uint16_t left_encoder_ticks;
   5:Core/Src/it_handlers.c **** extern volatile uint16_t right_encoder_ticks;
   6:Core/Src/it_handlers.c **** 
   7:Core/Src/it_handlers.c **** extern uint32_t left_delay_counter;
   8:Core/Src/it_handlers.c **** extern uint32_t right_delay_counter;
   9:Core/Src/it_handlers.c **** extern uint16_t button_delay_counter;
  10:Core/Src/it_handlers.c **** 
  11:Core/Src/it_handlers.c **** extern uint32_t millis_counter;
  12:Core/Src/it_handlers.c **** extern volatile uint32_t sys_tick;
  13:Core/Src/it_handlers.c **** 
  14:Core/Src/it_handlers.c **** extern bool status_button;
  15:Core/Src/it_handlers.c **** 
  16:Core/Src/it_handlers.c **** void SysTick_Handler(void)
  17:Core/Src/it_handlers.c **** {
  29              		.loc 1 17 1 view -0
  30              		.cfi_startproc
  31              		@ args = 0, pretend = 0, frame = 0
  32              		@ frame_needed = 0, uses_anonymous_args = 0
  33              		@ link register save eliminated.
  18:Core/Src/it_handlers.c ****     sys_tick++;
  34              		.loc 1 18 5 view .LVU1
  35              		.loc 1 18 13 is_stmt 0 view .LVU2
  36 0000 024A     		ldr	r2, .L2
  37 0002 1368     		ldr	r3, [r2]
  38 0004 0133     		adds	r3, r3, #1
  39 0006 1360     		str	r3, [r2]
  19:Core/Src/it_handlers.c **** }
ARM GAS  C:\Users\parni\AppData\Local\Temp\ccHaGwrQ.s 			page 2


  40              		.loc 1 19 1 view .LVU3
  41 0008 7047     		bx	lr
  42              	.L3:
  43 000a 00BF     		.align	2
  44              	.L2:
  45 000c 00000000 		.word	sys_tick
  46              		.cfi_endproc
  47              	.LFE130:
  49              		.section	.text.EXTI15_10_IRQHandler,"ax",%progbits
  50              		.align	1
  51              		.global	EXTI15_10_IRQHandler
  52              		.syntax unified
  53              		.thumb
  54              		.thumb_func
  56              	EXTI15_10_IRQHandler:
  57              	.LFB131:
  20:Core/Src/it_handlers.c **** 
  21:Core/Src/it_handlers.c **** void EXTI15_10_IRQHandler(void)
  22:Core/Src/it_handlers.c **** {
  58              		.loc 1 22 1 is_stmt 1 view -0
  59              		.cfi_startproc
  60              		@ args = 0, pretend = 0, frame = 0
  61              		@ frame_needed = 0, uses_anonymous_args = 0
  62              		@ link register save eliminated.
  23:Core/Src/it_handlers.c ****     // Обработчик прерываний с правого энкодера PC12
  24:Core/Src/it_handlers.c ****     if (READ_BIT(EXTI->PR, EXTI_PR_PR12))
  63              		.loc 1 24 5 view .LVU5
  64              		.loc 1 24 9 is_stmt 0 view .LVU6
  65 0000 1A4B     		ldr	r3, .L9
  66 0002 5B69     		ldr	r3, [r3, #20]
  67              		.loc 1 24 8 view .LVU7
  68 0004 13F4805F 		tst	r3, #4096
  69 0008 15D0     		beq	.L5
  25:Core/Src/it_handlers.c ****     {
  26:Core/Src/it_handlers.c ****         if (READ_BIT(GPIOC->IDR, GPIO_IDR_ID12))
  70              		.loc 1 26 9 is_stmt 1 view .LVU8
  71              		.loc 1 26 13 is_stmt 0 view .LVU9
  72 000a 194B     		ldr	r3, .L9+4
  73 000c 1B69     		ldr	r3, [r3, #16]
  74              		.loc 1 26 12 view .LVU10
  75 000e 13F4805F 		tst	r3, #4096
  76 0012 0BD0     		beq	.L6
  27:Core/Src/it_handlers.c ****         {
  28:Core/Src/it_handlers.c ****             if (right_delay_counter == 0)
  77              		.loc 1 28 13 is_stmt 1 view .LVU11
  78              		.loc 1 28 37 is_stmt 0 view .LVU12
  79 0014 174B     		ldr	r3, .L9+8
  80 0016 1B68     		ldr	r3, [r3]
  81              		.loc 1 28 16 view .LVU13
  82 0018 43B9     		cbnz	r3, .L6
  29:Core/Src/it_handlers.c ****             {
  30:Core/Src/it_handlers.c ****                 right_encoder_ticks++;
  83              		.loc 1 30 17 is_stmt 1 view .LVU14
  84              		.loc 1 30 36 is_stmt 0 view .LVU15
  85 001a 174A     		ldr	r2, .L9+12
  86 001c 1388     		ldrh	r3, [r2]
  87 001e 9BB2     		uxth	r3, r3
ARM GAS  C:\Users\parni\AppData\Local\Temp\ccHaGwrQ.s 			page 3


  88 0020 0133     		adds	r3, r3, #1
  89 0022 9BB2     		uxth	r3, r3
  90 0024 1380     		strh	r3, [r2]	@ movhi
  31:Core/Src/it_handlers.c ****                 right_delay_counter = 1;
  91              		.loc 1 31 17 is_stmt 1 view .LVU16
  92              		.loc 1 31 37 is_stmt 0 view .LVU17
  93 0026 134B     		ldr	r3, .L9+8
  94 0028 0122     		movs	r2, #1
  95 002a 1A60     		str	r2, [r3]
  96              	.L6:
  32:Core/Src/it_handlers.c ****             }
  33:Core/Src/it_handlers.c ****         }
  34:Core/Src/it_handlers.c **** 
  35:Core/Src/it_handlers.c ****         SET_BIT(EXTI->PR, EXTI_PR_PR12);
  97              		.loc 1 35 9 is_stmt 1 view .LVU18
  98 002c 0F4A     		ldr	r2, .L9
  99 002e 5369     		ldr	r3, [r2, #20]
 100 0030 43F48053 		orr	r3, r3, #4096
 101 0034 5361     		str	r3, [r2, #20]
 102              	.L5:
  36:Core/Src/it_handlers.c ****     }
  37:Core/Src/it_handlers.c **** 
  38:Core/Src/it_handlers.c ****     // Обработчик прерываний с кнопки PC13
  39:Core/Src/it_handlers.c ****     if (READ_BIT(EXTI->PR, EXTI_PR_PR13))
 103              		.loc 1 39 5 view .LVU19
 104              		.loc 1 39 9 is_stmt 0 view .LVU20
 105 0036 0D4B     		ldr	r3, .L9
 106 0038 5B69     		ldr	r3, [r3, #20]
 107              		.loc 1 39 8 view .LVU21
 108 003a 13F4005F 		tst	r3, #8192
 109 003e 14D0     		beq	.L4
  40:Core/Src/it_handlers.c ****     {
  41:Core/Src/it_handlers.c ****         if (((READ_BIT(GPIOC->IDR, GPIO_IDR_ID13) != 0)) && (button_delay_counter == 0))
 110              		.loc 1 41 9 is_stmt 1 view .LVU22
 111              		.loc 1 41 15 is_stmt 0 view .LVU23
 112 0040 0B4B     		ldr	r3, .L9+4
 113 0042 1B69     		ldr	r3, [r3, #16]
 114              		.loc 1 41 12 view .LVU24
 115 0044 13F4005F 		tst	r3, #8192
 116 0048 0AD0     		beq	.L8
 117              		.loc 1 41 83 discriminator 1 view .LVU25
 118 004a 0C4B     		ldr	r3, .L9+16
 119 004c 1B88     		ldrh	r3, [r3]
 120              		.loc 1 41 58 discriminator 1 view .LVU26
 121 004e 3BB9     		cbnz	r3, .L8
  42:Core/Src/it_handlers.c ****         {
  43:Core/Src/it_handlers.c ****             button_delay_counter = 100;
 122              		.loc 1 43 13 is_stmt 1 view .LVU27
 123              		.loc 1 43 34 is_stmt 0 view .LVU28
 124 0050 0A4B     		ldr	r3, .L9+16
 125 0052 6422     		movs	r2, #100
 126 0054 1A80     		strh	r2, [r3]	@ movhi
  44:Core/Src/it_handlers.c ****             status_button = !status_button;
 127              		.loc 1 44 13 is_stmt 1 view .LVU29
 128 0056 0A4A     		ldr	r2, .L9+20
 129 0058 1378     		ldrb	r3, [r2]	@ zero_extendqisi2
 130 005a 83F00103 		eor	r3, r3, #1
ARM GAS  C:\Users\parni\AppData\Local\Temp\ccHaGwrQ.s 			page 4


 131              		.loc 1 44 27 is_stmt 0 view .LVU30
 132 005e 1370     		strb	r3, [r2]
 133              	.L8:
  45:Core/Src/it_handlers.c ****         }
  46:Core/Src/it_handlers.c ****         SET_BIT(EXTI->PR, EXTI_PR_PR13);
 134              		.loc 1 46 9 is_stmt 1 view .LVU31
 135 0060 024A     		ldr	r2, .L9
 136 0062 5369     		ldr	r3, [r2, #20]
 137 0064 43F40053 		orr	r3, r3, #8192
 138 0068 5361     		str	r3, [r2, #20]
 139              	.L4:
  47:Core/Src/it_handlers.c ****     }
  48:Core/Src/it_handlers.c **** }
 140              		.loc 1 48 1 is_stmt 0 view .LVU32
 141 006a 7047     		bx	lr
 142              	.L10:
 143              		.align	2
 144              	.L9:
 145 006c 003C0140 		.word	1073822720
 146 0070 00080240 		.word	1073874944
 147 0074 00000000 		.word	right_delay_counter
 148 0078 00000000 		.word	right_encoder_ticks
 149 007c 00000000 		.word	button_delay_counter
 150 0080 00000000 		.word	status_button
 151              		.cfi_endproc
 152              	.LFE131:
 154              		.section	.text.EXTI9_5_IRQHandler,"ax",%progbits
 155              		.align	1
 156              		.global	EXTI9_5_IRQHandler
 157              		.syntax unified
 158              		.thumb
 159              		.thumb_func
 161              	EXTI9_5_IRQHandler:
 162              	.LFB132:
  49:Core/Src/it_handlers.c **** 
  50:Core/Src/it_handlers.c **** // Обработчик прерываний с левого энкодера PC8
  51:Core/Src/it_handlers.c **** void EXTI9_5_IRQHandler(void)
  52:Core/Src/it_handlers.c **** {
 163              		.loc 1 52 1 is_stmt 1 view -0
 164              		.cfi_startproc
 165              		@ args = 0, pretend = 0, frame = 0
 166              		@ frame_needed = 0, uses_anonymous_args = 0
 167              		@ link register save eliminated.
  53:Core/Src/it_handlers.c ****     if (READ_BIT(EXTI->PR, EXTI_PR_PR8))
 168              		.loc 1 53 5 view .LVU34
 169              		.loc 1 53 9 is_stmt 0 view .LVU35
 170 0000 0B4B     		ldr	r3, .L14
 171 0002 5B69     		ldr	r3, [r3, #20]
 172              		.loc 1 53 8 view .LVU36
 173 0004 13F4807F 		tst	r3, #256
 174 0008 10D0     		beq	.L11
  54:Core/Src/it_handlers.c ****     {
  55:Core/Src/it_handlers.c ****         if (left_delay_counter == 0)
 175              		.loc 1 55 9 is_stmt 1 view .LVU37
 176              		.loc 1 55 32 is_stmt 0 view .LVU38
 177 000a 0A4B     		ldr	r3, .L14+4
 178 000c 1B68     		ldr	r3, [r3]
ARM GAS  C:\Users\parni\AppData\Local\Temp\ccHaGwrQ.s 			page 5


 179              		.loc 1 55 12 view .LVU39
 180 000e 43B9     		cbnz	r3, .L13
  56:Core/Src/it_handlers.c ****         {
  57:Core/Src/it_handlers.c ****             left_encoder_ticks++;
 181              		.loc 1 57 13 is_stmt 1 view .LVU40
 182              		.loc 1 57 31 is_stmt 0 view .LVU41
 183 0010 094A     		ldr	r2, .L14+8
 184 0012 1388     		ldrh	r3, [r2]
 185 0014 9BB2     		uxth	r3, r3
 186 0016 0133     		adds	r3, r3, #1
 187 0018 9BB2     		uxth	r3, r3
 188 001a 1380     		strh	r3, [r2]	@ movhi
  58:Core/Src/it_handlers.c ****             left_delay_counter = 1;
 189              		.loc 1 58 13 is_stmt 1 view .LVU42
 190              		.loc 1 58 32 is_stmt 0 view .LVU43
 191 001c 054B     		ldr	r3, .L14+4
 192 001e 0122     		movs	r2, #1
 193 0020 1A60     		str	r2, [r3]
 194              	.L13:
  59:Core/Src/it_handlers.c ****         }
  60:Core/Src/it_handlers.c ****         SET_BIT(EXTI->PR, EXTI_PR_PR8);
 195              		.loc 1 60 9 is_stmt 1 view .LVU44
 196 0022 034A     		ldr	r2, .L14
 197 0024 5369     		ldr	r3, [r2, #20]
 198 0026 43F48073 		orr	r3, r3, #256
 199 002a 5361     		str	r3, [r2, #20]
 200              	.L11:
  61:Core/Src/it_handlers.c ****     }
  62:Core/Src/it_handlers.c **** }
 201              		.loc 1 62 1 is_stmt 0 view .LVU45
 202 002c 7047     		bx	lr
 203              	.L15:
 204 002e 00BF     		.align	2
 205              	.L14:
 206 0030 003C0140 		.word	1073822720
 207 0034 00000000 		.word	left_delay_counter
 208 0038 00000000 		.word	left_encoder_ticks
 209              		.cfi_endproc
 210              	.LFE132:
 212              		.text
 213              	.Letext0:
 214              		.file 2 "C:/SysGCC/arm-eabi/arm-none-eabi/include/machine/_default_types.h"
 215              		.file 3 "C:/SysGCC/arm-eabi/arm-none-eabi/include/sys/_stdint.h"
 216              		.file 4 "Core/Inc/..\\..\\CMSIS\\Devices\\STM32F4xx\\Inc\\STM32F411xE\\stm32f411xe.h"
 217              		.file 5 "Core/Inc/it_handlers.h"
ARM GAS  C:\Users\parni\AppData\Local\Temp\ccHaGwrQ.s 			page 6


DEFINED SYMBOLS
                            *ABS*:00000000 it_handlers.c
C:\Users\parni\AppData\Local\Temp\ccHaGwrQ.s:21     .text.SysTick_Handler:00000000 $t
C:\Users\parni\AppData\Local\Temp\ccHaGwrQ.s:27     .text.SysTick_Handler:00000000 SysTick_Handler
C:\Users\parni\AppData\Local\Temp\ccHaGwrQ.s:45     .text.SysTick_Handler:0000000c $d
C:\Users\parni\AppData\Local\Temp\ccHaGwrQ.s:50     .text.EXTI15_10_IRQHandler:00000000 $t
C:\Users\parni\AppData\Local\Temp\ccHaGwrQ.s:56     .text.EXTI15_10_IRQHandler:00000000 EXTI15_10_IRQHandler
C:\Users\parni\AppData\Local\Temp\ccHaGwrQ.s:145    .text.EXTI15_10_IRQHandler:0000006c $d
C:\Users\parni\AppData\Local\Temp\ccHaGwrQ.s:155    .text.EXTI9_5_IRQHandler:00000000 $t
C:\Users\parni\AppData\Local\Temp\ccHaGwrQ.s:161    .text.EXTI9_5_IRQHandler:00000000 EXTI9_5_IRQHandler
C:\Users\parni\AppData\Local\Temp\ccHaGwrQ.s:206    .text.EXTI9_5_IRQHandler:00000030 $d

UNDEFINED SYMBOLS
sys_tick
right_delay_counter
right_encoder_ticks
button_delay_counter
status_button
left_delay_counter
left_encoder_ticks
