ARM GAS  C:\Users\parni\AppData\Local\Temp\cclzDryd.s 			page 1


   1              		.cpu cortex-m4
   2              		.arch armv7e-m
   3              		.fpu fpv4-sp-d16
   4              		.eabi_attribute 27, 1
   5              		.eabi_attribute 28, 1
   6              		.eabi_attribute 20, 1
   7              		.eabi_attribute 21, 1
   8              		.eabi_attribute 23, 3
   9              		.eabi_attribute 24, 1
  10              		.eabi_attribute 25, 1
  11              		.eabi_attribute 26, 1
  12              		.eabi_attribute 30, 1
  13              		.eabi_attribute 34, 1
  14              		.eabi_attribute 18, 4
  15              		.file	"main.c"
  16              		.text
  17              	.Ltext0:
  18              		.cfi_sections	.debug_frame
  19              		.file 1 "Core/Src/main.c"
  20              		.section	.text.main,"ax",%progbits
  21              		.align	1
  22              		.global	main
  23              		.syntax unified
  24              		.thumb
  25              		.thumb_func
  27              	main:
  28              	.LFB130:
   1:Core/Src/main.c **** #include "init.h" // Подключаем заголовочный файл с объявления
   2:Core/Src/main.c **** #include "utils.h"
   3:Core/Src/main.c **** #include "uart_debug.h"
   4:Core/Src/main.c **** #include "mpu_i2c.h"
   5:Core/Src/main.c **** 
   6:Core/Src/main.c **** #define WHO_AM_I_REG        0x75
   7:Core/Src/main.c **** 
   8:Core/Src/main.c **** uint8_t pwm_state_pa8 = 0;
   9:Core/Src/main.c **** uint8_t pwm_state_pa9 = 0;
  10:Core/Src/main.c **** volatile uint16_t left_encoder_ticks = 0;
  11:Core/Src/main.c **** volatile uint16_t right_encoder_ticks = 0;
  12:Core/Src/main.c **** uint32_t left_delay_counter = 0;
  13:Core/Src/main.c **** uint32_t right_delay_counter = 0;
  14:Core/Src/main.c **** volatile uint32_t sys_tick = 0;
  15:Core/Src/main.c **** 
  16:Core/Src/main.c **** uint32_t millis_counter = 0;
  17:Core/Src/main.c **** 
  18:Core/Src/main.c **** uint16_t button_delay_counter = 0;
  19:Core/Src/main.c **** bool status_button = 0;
  20:Core/Src/main.c **** 
  21:Core/Src/main.c **** uint8_t z;
  22:Core/Src/main.c **** 
  23:Core/Src/main.c **** int main(void)
  24:Core/Src/main.c **** {
  29              		.loc 1 24 1 view -0
  30              		.cfi_startproc
  31              		@ Volatile: function does not return.
  32              		@ args = 0, pretend = 0, frame = 0
  33              		@ frame_needed = 0, uses_anonymous_args = 0
  34 0000 08B5     		push	{r3, lr}
ARM GAS  C:\Users\parni\AppData\Local\Temp\cclzDryd.s 			page 2


  35              	.LCFI0:
  36              		.cfi_def_cfa_offset 8
  37              		.cfi_offset 3, -8
  38              		.cfi_offset 14, -4
  25:Core/Src/main.c **** 
  26:Core/Src/main.c ****     RCC_Init();
  39              		.loc 1 26 5 view .LVU1
  40 0002 FFF7FEFF 		bl	RCC_Init
  41              	.LVL0:
  27:Core/Src/main.c ****     GPIO_Init_Ports();
  42              		.loc 1 27 5 view .LVU2
  43 0006 FFF7FEFF 		bl	GPIO_Init_Ports
  44              	.LVL1:
  28:Core/Src/main.c ****     SysTick_Init();
  45              		.loc 1 28 5 view .LVU3
  46 000a FFF7FEFF 		bl	SysTick_Init
  47              	.LVL2:
  29:Core/Src/main.c ****     TIM1_PWM_Init();
  48              		.loc 1 29 5 view .LVU4
  49 000e FFF7FEFF 		bl	TIM1_PWM_Init
  50              	.LVL3:
  30:Core/Src/main.c ****     ITR_Init();
  51              		.loc 1 30 5 view .LVU5
  52 0012 FFF7FEFF 		bl	ITR_Init
  53              	.LVL4:
  31:Core/Src/main.c ****     UART_Init();
  54              		.loc 1 31 5 view .LVU6
  55 0016 FFF7FEFF 		bl	UART_Init
  56              	.LVL5:
  57              	.L2:
  32:Core/Src/main.c ****     /*
  33:Core/Src/main.c ****     if (!MPU_Init()) {
  34:Core/Src/main.c ****         UART_SendString("MPU NOT FOUND\r\n");
  35:Core/Src/main.c ****         while (1);
  36:Core/Src/main.c ****     }
  37:Core/Src/main.c **** 
  38:Core/Src/main.c ****     UART_SendString("MPU OK\r\n");
  39:Core/Src/main.c **** 
  40:Core/Src/main.c ****     MPU_Calibrate();
  41:Core/Src/main.c ****     UART_SendString("MPU CALIBRATED\r\n");
  42:Core/Src/main.c ****     */
  43:Core/Src/main.c ****     while (1)
  58              		.loc 1 43 5 view .LVU7
  44:Core/Src/main.c ****     {
  45:Core/Src/main.c ****         MPU_Update();
  59              		.loc 1 45 9 view .LVU8
  60 001a FFF7FEFF 		bl	MPU_Update
  61              	.LVL6:
  46:Core/Src/main.c ****         MPU_Debug_Print();
  62              		.loc 1 46 9 discriminator 1 view .LVU9
  63 001e FFF7FEFF 		bl	MPU_Debug_Print
  64              	.LVL7:
  43:Core/Src/main.c ****     {
  65              		.loc 1 43 11 view .LVU10
  66 0022 FAE7     		b	.L2
  67              		.cfi_endproc
  68              	.LFE130:
ARM GAS  C:\Users\parni\AppData\Local\Temp\cclzDryd.s 			page 3


  70              		.global	z
  71              		.section	.bss.z,"aw",%nobits
  74              	z:
  75 0000 00       		.space	1
  76              		.global	status_button
  77              		.section	.bss.status_button,"aw",%nobits
  80              	status_button:
  81 0000 00       		.space	1
  82              		.global	button_delay_counter
  83              		.section	.bss.button_delay_counter,"aw",%nobits
  84              		.align	1
  87              	button_delay_counter:
  88 0000 0000     		.space	2
  89              		.global	millis_counter
  90              		.section	.bss.millis_counter,"aw",%nobits
  91              		.align	2
  94              	millis_counter:
  95 0000 00000000 		.space	4
  96              		.global	sys_tick
  97              		.section	.bss.sys_tick,"aw",%nobits
  98              		.align	2
 101              	sys_tick:
 102 0000 00000000 		.space	4
 103              		.global	right_delay_counter
 104              		.section	.bss.right_delay_counter,"aw",%nobits
 105              		.align	2
 108              	right_delay_counter:
 109 0000 00000000 		.space	4
 110              		.global	left_delay_counter
 111              		.section	.bss.left_delay_counter,"aw",%nobits
 112              		.align	2
 115              	left_delay_counter:
 116 0000 00000000 		.space	4
 117              		.global	right_encoder_ticks
 118              		.section	.bss.right_encoder_ticks,"aw",%nobits
 119              		.align	1
 122              	right_encoder_ticks:
 123 0000 0000     		.space	2
 124              		.global	left_encoder_ticks
 125              		.section	.bss.left_encoder_ticks,"aw",%nobits
 126              		.align	1
 129              	left_encoder_ticks:
 130 0000 0000     		.space	2
 131              		.global	pwm_state_pa9
 132              		.section	.bss.pwm_state_pa9,"aw",%nobits
 135              	pwm_state_pa9:
 136 0000 00       		.space	1
 137              		.global	pwm_state_pa8
 138              		.section	.bss.pwm_state_pa8,"aw",%nobits
 141              	pwm_state_pa8:
 142 0000 00       		.space	1
 143              		.text
 144              	.Letext0:
 145              		.file 2 "C:/SysGCC/arm-eabi/arm-none-eabi/include/machine/_default_types.h"
 146              		.file 3 "C:/SysGCC/arm-eabi/arm-none-eabi/include/sys/_stdint.h"
 147              		.file 4 "Core/Inc/it_handlers.h"
 148              		.file 5 "Core/Inc/mpu_i2c.h"
ARM GAS  C:\Users\parni\AppData\Local\Temp\cclzDryd.s 			page 4


 149              		.file 6 "Core/Inc/uart_debug.h"
 150              		.file 7 "Core/Inc/init.h"
ARM GAS  C:\Users\parni\AppData\Local\Temp\cclzDryd.s 			page 5


DEFINED SYMBOLS
                            *ABS*:00000000 main.c
C:\Users\parni\AppData\Local\Temp\cclzDryd.s:21     .text.main:00000000 $t
C:\Users\parni\AppData\Local\Temp\cclzDryd.s:27     .text.main:00000000 main
C:\Users\parni\AppData\Local\Temp\cclzDryd.s:74     .bss.z:00000000 z
C:\Users\parni\AppData\Local\Temp\cclzDryd.s:75     .bss.z:00000000 $d
C:\Users\parni\AppData\Local\Temp\cclzDryd.s:80     .bss.status_button:00000000 status_button
C:\Users\parni\AppData\Local\Temp\cclzDryd.s:81     .bss.status_button:00000000 $d
C:\Users\parni\AppData\Local\Temp\cclzDryd.s:87     .bss.button_delay_counter:00000000 button_delay_counter
C:\Users\parni\AppData\Local\Temp\cclzDryd.s:84     .bss.button_delay_counter:00000000 $d
C:\Users\parni\AppData\Local\Temp\cclzDryd.s:94     .bss.millis_counter:00000000 millis_counter
C:\Users\parni\AppData\Local\Temp\cclzDryd.s:91     .bss.millis_counter:00000000 $d
C:\Users\parni\AppData\Local\Temp\cclzDryd.s:101    .bss.sys_tick:00000000 sys_tick
C:\Users\parni\AppData\Local\Temp\cclzDryd.s:98     .bss.sys_tick:00000000 $d
C:\Users\parni\AppData\Local\Temp\cclzDryd.s:108    .bss.right_delay_counter:00000000 right_delay_counter
C:\Users\parni\AppData\Local\Temp\cclzDryd.s:105    .bss.right_delay_counter:00000000 $d
C:\Users\parni\AppData\Local\Temp\cclzDryd.s:115    .bss.left_delay_counter:00000000 left_delay_counter
C:\Users\parni\AppData\Local\Temp\cclzDryd.s:112    .bss.left_delay_counter:00000000 $d
C:\Users\parni\AppData\Local\Temp\cclzDryd.s:122    .bss.right_encoder_ticks:00000000 right_encoder_ticks
C:\Users\parni\AppData\Local\Temp\cclzDryd.s:119    .bss.right_encoder_ticks:00000000 $d
C:\Users\parni\AppData\Local\Temp\cclzDryd.s:129    .bss.left_encoder_ticks:00000000 left_encoder_ticks
C:\Users\parni\AppData\Local\Temp\cclzDryd.s:126    .bss.left_encoder_ticks:00000000 $d
C:\Users\parni\AppData\Local\Temp\cclzDryd.s:135    .bss.pwm_state_pa9:00000000 pwm_state_pa9
C:\Users\parni\AppData\Local\Temp\cclzDryd.s:136    .bss.pwm_state_pa9:00000000 $d
C:\Users\parni\AppData\Local\Temp\cclzDryd.s:141    .bss.pwm_state_pa8:00000000 pwm_state_pa8
C:\Users\parni\AppData\Local\Temp\cclzDryd.s:142    .bss.pwm_state_pa8:00000000 $d

UNDEFINED SYMBOLS
RCC_Init
GPIO_Init_Ports
SysTick_Init
TIM1_PWM_Init
ITR_Init
UART_Init
MPU_Update
MPU_Debug_Print
