ARM GAS  C:\Users\parni\AppData\Local\Temp\ccV8fsgM.s 			page 1


   1              		.cpu cortex-m4
   2              		.arch armv7e-m
   3              		.fpu fpv4-sp-d16
   4              		.eabi_attribute 27, 1
   5              		.eabi_attribute 28, 1
   6              		.eabi_attribute 20, 1
   7              		.eabi_attribute 21, 1
   8              		.eabi_attribute 23, 3
   9              		.eabi_attribute 24, 1
  10              		.eabi_attribute 25, 1
  11              		.eabi_attribute 26, 1
  12              		.eabi_attribute 30, 1
  13              		.eabi_attribute 34, 1
  14              		.eabi_attribute 18, 4
  15              		.file	"main.c"
  16              		.text
  17              	.Ltext0:
  18              		.cfi_sections	.debug_frame
  19              		.file 1 "Core/Src/main.c"
  20              		.section	.rodata.main.str1.4,"aMS",%progbits,1
  21              		.align	2
  22              	.LC0:
  23 0000 55415254 		.ascii	"UART OK\015\012\000"
  23      204F4B0D 
  23      0A00
  24 000a 0000     		.align	2
  25              	.LC1:
  26 000c 4D505520 		.ascii	"MPU NOT FOUND\015\012\000"
  26      4E4F5420 
  26      464F554E 
  26      440D0A00 
  27              		.align	2
  28              	.LC2:
  29 001c 4D505520 		.ascii	"MPU OK\015\012\000"
  29      4F4B0D0A 
  29      00
  30 0025 000000   		.align	2
  31              	.LC3:
  32 0028 4D505520 		.ascii	"MPU CALIBRATED\015\012\000"
  32      43414C49 
  32      42524154 
  32      45440D0A 
  32      00
  33              		.section	.text.main,"ax",%progbits
  34              		.align	1
  35              		.global	main
  36              		.syntax unified
  37              		.thumb
  38              		.thumb_func
  40              	main:
  41              	.LFB130:
   1:Core/Src/main.c **** #include "init.h" // Подключаем заголовочный файл с объявления
   2:Core/Src/main.c **** #include "utils.h"
   3:Core/Src/main.c **** #include "uart_debug.h"
   4:Core/Src/main.c **** #include "mpu_i2c.h"
   5:Core/Src/main.c **** 
   6:Core/Src/main.c **** #define WHO_AM_I_REG        0x75
ARM GAS  C:\Users\parni\AppData\Local\Temp\ccV8fsgM.s 			page 2


   7:Core/Src/main.c **** 
   8:Core/Src/main.c **** uint8_t pwm_state_pa8 = 0;
   9:Core/Src/main.c **** uint8_t pwm_state_pa9 = 0;
  10:Core/Src/main.c **** volatile uint16_t left_encoder_ticks = 0;
  11:Core/Src/main.c **** volatile uint16_t right_encoder_ticks = 0;
  12:Core/Src/main.c **** uint32_t left_delay_counter = 0;
  13:Core/Src/main.c **** uint32_t right_delay_counter = 0;
  14:Core/Src/main.c **** volatile uint32_t sys_tick = 0;
  15:Core/Src/main.c **** 
  16:Core/Src/main.c **** uint16_t button_delay_counter = 0;
  17:Core/Src/main.c **** volatile bool status_button = 0;
  18:Core/Src/main.c **** 
  19:Core/Src/main.c **** uint8_t z;
  20:Core/Src/main.c **** 
  21:Core/Src/main.c **** int main(void)
  22:Core/Src/main.c **** {
  42              		.loc 1 22 1 view -0
  43              		.cfi_startproc
  44              		@ Volatile: function does not return.
  45              		@ args = 0, pretend = 0, frame = 0
  46              		@ frame_needed = 0, uses_anonymous_args = 0
  47 0000 08B5     		push	{r3, lr}
  48              	.LCFI0:
  49              		.cfi_def_cfa_offset 8
  50              		.cfi_offset 3, -8
  51              		.cfi_offset 14, -4
  23:Core/Src/main.c **** 
  24:Core/Src/main.c ****     RCC_Init();
  52              		.loc 1 24 5 view .LVU1
  53 0002 FFF7FEFF 		bl	RCC_Init
  54              	.LVL0:
  25:Core/Src/main.c ****     GPIO_Init_Ports();
  55              		.loc 1 25 5 view .LVU2
  56 0006 FFF7FEFF 		bl	GPIO_Init_Ports
  57              	.LVL1:
  26:Core/Src/main.c ****     SysTick_Init();
  58              		.loc 1 26 5 view .LVU3
  59 000a FFF7FEFF 		bl	SysTick_Init
  60              	.LVL2:
  27:Core/Src/main.c ****     TIM1_PWM_Init();
  61              		.loc 1 27 5 view .LVU4
  62 000e FFF7FEFF 		bl	TIM1_PWM_Init
  63              	.LVL3:
  28:Core/Src/main.c ****     ITR_Init();
  64              		.loc 1 28 5 view .LVU5
  65 0012 FFF7FEFF 		bl	ITR_Init
  66              	.LVL4:
  29:Core/Src/main.c ****     I2C_Init_HW();
  67              		.loc 1 29 5 view .LVU6
  68 0016 FFF7FEFF 		bl	I2C_Init_HW
  69              	.LVL5:
  30:Core/Src/main.c ****     UART_Init();
  70              		.loc 1 30 5 view .LVU7
  71 001a FFF7FEFF 		bl	UART_Init
  72              	.LVL6:
  31:Core/Src/main.c **** 
  32:Core/Src/main.c ****     UART_SendString("UART OK\r\n");
ARM GAS  C:\Users\parni\AppData\Local\Temp\ccV8fsgM.s 			page 3


  73              		.loc 1 32 5 view .LVU8
  74 001e 1448     		ldr	r0, .L7
  75 0020 FFF7FEFF 		bl	UART_SendString
  76              	.LVL7:
  33:Core/Src/main.c ****     if (MPU_Init() != 0) {
  77              		.loc 1 33 5 view .LVU9
  78              		.loc 1 33 9 is_stmt 0 view .LVU10
  79 0024 FFF7FEFF 		bl	MPU_Init
  80              	.LVL8:
  81              		.loc 1 33 8 discriminator 1 view .LVU11
  82 0028 18B1     		cbz	r0, .L2
  34:Core/Src/main.c ****         UART_SendString("MPU NOT FOUND\r\n");
  83              		.loc 1 34 9 is_stmt 1 view .LVU12
  84 002a 1248     		ldr	r0, .L7+4
  85 002c FFF7FEFF 		bl	UART_SendString
  86              	.LVL9:
  87              	.L3:
  35:Core/Src/main.c ****         while (1);
  88              		.loc 1 35 9 view .LVU13
  89              		.loc 1 35 15 view .LVU14
  90 0030 FEE7     		b	.L3
  91              	.L2:
  36:Core/Src/main.c ****     }
  37:Core/Src/main.c **** 
  38:Core/Src/main.c ****     UART_SendString("MPU OK\r\n");
  92              		.loc 1 38 5 view .LVU15
  93 0032 1148     		ldr	r0, .L7+8
  94 0034 FFF7FEFF 		bl	UART_SendString
  95              	.LVL10:
  39:Core/Src/main.c **** 
  40:Core/Src/main.c ****     MPU_Calibrate();
  96              		.loc 1 40 5 view .LVU16
  97 0038 FFF7FEFF 		bl	MPU_Calibrate
  98              	.LVL11:
  41:Core/Src/main.c ****     UART_SendString("MPU CALIBRATED\r\n");
  99              		.loc 1 41 5 view .LVU17
 100 003c 0F48     		ldr	r0, .L7+12
 101 003e FFF7FEFF 		bl	UART_SendString
 102              	.LVL12:
 103              	.L4:
  42:Core/Src/main.c ****     //moveStraight(50.0f);
  43:Core/Src/main.c ****     //turnByAngle(90.0f);
  44:Core/Src/main.c ****     //moveStraight(50.0f);
  45:Core/Src/main.c ****     //turnByAngle(-24.0f);
  46:Core/Src/main.c ****     
  47:Core/Src/main.c ****     while (1)
 104              		.loc 1 47 5 view .LVU18
  48:Core/Src/main.c ****     {
  49:Core/Src/main.c ****         if (status_button)
 105              		.loc 1 49 9 view .LVU19
 106              		.loc 1 49 13 is_stmt 0 view .LVU20
 107 0042 0F4B     		ldr	r3, .L7+16
 108 0044 1B78     		ldrb	r3, [r3]	@ zero_extendqisi2
 109              		.loc 1 49 12 view .LVU21
 110 0046 002B     		cmp	r3, #0
 111 0048 FBD0     		beq	.L4
  50:Core/Src/main.c ****         {
ARM GAS  C:\Users\parni\AppData\Local\Temp\ccV8fsgM.s 			page 4


  51:Core/Src/main.c ****             delay_ms(1000);
 112              		.loc 1 51 13 is_stmt 1 view .LVU22
 113 004a 4FF47A70 		mov	r0, #1000
 114 004e FFF7FEFF 		bl	delay_ms
 115              	.LVL13:
  52:Core/Src/main.c ****             MPU_Debug_Print();
 116              		.loc 1 52 13 view .LVU23
 117 0052 FFF7FEFF 		bl	MPU_Debug_Print
 118              	.LVL14:
  53:Core/Src/main.c **** 
  54:Core/Src/main.c ****             turnByAngle(23.5f);
 119              		.loc 1 54 13 view .LVU24
 120 0056 9FED0B0A 		vldr.32	s0, .L7+20
 121 005a FFF7FEFF 		bl	turnByAngle
 122              	.LVL15:
  55:Core/Src/main.c ****             MPU_Debug_Print();
 123              		.loc 1 55 13 view .LVU25
 124 005e FFF7FEFF 		bl	MPU_Debug_Print
 125              	.LVL16:
  56:Core/Src/main.c ****             // moveStraight(60.0f);
  57:Core/Src/main.c ****             delay_ms(2000);
 126              		.loc 1 57 13 view .LVU26
 127 0062 4FF4FA60 		mov	r0, #2000
 128 0066 FFF7FEFF 		bl	delay_ms
 129              	.LVL17:
  58:Core/Src/main.c ****             MPU_Debug_Print();
 130              		.loc 1 58 13 view .LVU27
 131 006a FFF7FEFF 		bl	MPU_Debug_Print
 132              	.LVL18:
 133 006e E8E7     		b	.L4
 134              	.L8:
 135              		.align	2
 136              	.L7:
 137 0070 00000000 		.word	.LC0
 138 0074 0C000000 		.word	.LC1
 139 0078 1C000000 		.word	.LC2
 140 007c 28000000 		.word	.LC3
 141 0080 00000000 		.word	status_button
 142 0084 0000BC41 		.word	1102839808
 143              		.cfi_endproc
 144              	.LFE130:
 146              		.global	z
 147              		.section	.bss.z,"aw",%nobits
 150              	z:
 151 0000 00       		.space	1
 152              		.global	status_button
 153              		.section	.bss.status_button,"aw",%nobits
 156              	status_button:
 157 0000 00       		.space	1
 158              		.global	button_delay_counter
 159              		.section	.bss.button_delay_counter,"aw",%nobits
 160              		.align	1
 163              	button_delay_counter:
 164 0000 0000     		.space	2
 165              		.global	sys_tick
 166              		.section	.bss.sys_tick,"aw",%nobits
 167              		.align	2
ARM GAS  C:\Users\parni\AppData\Local\Temp\ccV8fsgM.s 			page 5


 170              	sys_tick:
 171 0000 00000000 		.space	4
 172              		.global	right_delay_counter
 173              		.section	.bss.right_delay_counter,"aw",%nobits
 174              		.align	2
 177              	right_delay_counter:
 178 0000 00000000 		.space	4
 179              		.global	left_delay_counter
 180              		.section	.bss.left_delay_counter,"aw",%nobits
 181              		.align	2
 184              	left_delay_counter:
 185 0000 00000000 		.space	4
 186              		.global	right_encoder_ticks
 187              		.section	.bss.right_encoder_ticks,"aw",%nobits
 188              		.align	1
 191              	right_encoder_ticks:
 192 0000 0000     		.space	2
 193              		.global	left_encoder_ticks
 194              		.section	.bss.left_encoder_ticks,"aw",%nobits
 195              		.align	1
 198              	left_encoder_ticks:
 199 0000 0000     		.space	2
 200              		.global	pwm_state_pa9
 201              		.section	.bss.pwm_state_pa9,"aw",%nobits
 204              	pwm_state_pa9:
 205 0000 00       		.space	1
 206              		.global	pwm_state_pa8
 207              		.section	.bss.pwm_state_pa8,"aw",%nobits
 210              	pwm_state_pa8:
 211 0000 00       		.space	1
 212              		.text
 213              	.Letext0:
 214              		.file 2 "C:/SysGCC/arm-eabi/arm-none-eabi/include/machine/_default_types.h"
 215              		.file 3 "C:/SysGCC/arm-eabi/arm-none-eabi/include/sys/_stdint.h"
 216              		.file 4 "Core/Inc/it_handlers.h"
 217              		.file 5 "Core/Inc/utils.h"
 218              		.file 6 "Core/Inc/mpu_i2c.h"
 219              		.file 7 "Core/Inc/uart_debug.h"
 220              		.file 8 "Core/Inc/init.h"
ARM GAS  C:\Users\parni\AppData\Local\Temp\ccV8fsgM.s 			page 6


DEFINED SYMBOLS
                            *ABS*:00000000 main.c
C:\Users\parni\AppData\Local\Temp\ccV8fsgM.s:21     .rodata.main.str1.4:00000000 $d
C:\Users\parni\AppData\Local\Temp\ccV8fsgM.s:34     .text.main:00000000 $t
C:\Users\parni\AppData\Local\Temp\ccV8fsgM.s:40     .text.main:00000000 main
C:\Users\parni\AppData\Local\Temp\ccV8fsgM.s:137    .text.main:00000070 $d
C:\Users\parni\AppData\Local\Temp\ccV8fsgM.s:156    .bss.status_button:00000000 status_button
C:\Users\parni\AppData\Local\Temp\ccV8fsgM.s:150    .bss.z:00000000 z
C:\Users\parni\AppData\Local\Temp\ccV8fsgM.s:151    .bss.z:00000000 $d
C:\Users\parni\AppData\Local\Temp\ccV8fsgM.s:157    .bss.status_button:00000000 $d
C:\Users\parni\AppData\Local\Temp\ccV8fsgM.s:163    .bss.button_delay_counter:00000000 button_delay_counter
C:\Users\parni\AppData\Local\Temp\ccV8fsgM.s:160    .bss.button_delay_counter:00000000 $d
C:\Users\parni\AppData\Local\Temp\ccV8fsgM.s:170    .bss.sys_tick:00000000 sys_tick
C:\Users\parni\AppData\Local\Temp\ccV8fsgM.s:167    .bss.sys_tick:00000000 $d
C:\Users\parni\AppData\Local\Temp\ccV8fsgM.s:177    .bss.right_delay_counter:00000000 right_delay_counter
C:\Users\parni\AppData\Local\Temp\ccV8fsgM.s:174    .bss.right_delay_counter:00000000 $d
C:\Users\parni\AppData\Local\Temp\ccV8fsgM.s:184    .bss.left_delay_counter:00000000 left_delay_counter
C:\Users\parni\AppData\Local\Temp\ccV8fsgM.s:181    .bss.left_delay_counter:00000000 $d
C:\Users\parni\AppData\Local\Temp\ccV8fsgM.s:191    .bss.right_encoder_ticks:00000000 right_encoder_ticks
C:\Users\parni\AppData\Local\Temp\ccV8fsgM.s:188    .bss.right_encoder_ticks:00000000 $d
C:\Users\parni\AppData\Local\Temp\ccV8fsgM.s:198    .bss.left_encoder_ticks:00000000 left_encoder_ticks
C:\Users\parni\AppData\Local\Temp\ccV8fsgM.s:195    .bss.left_encoder_ticks:00000000 $d
C:\Users\parni\AppData\Local\Temp\ccV8fsgM.s:204    .bss.pwm_state_pa9:00000000 pwm_state_pa9
C:\Users\parni\AppData\Local\Temp\ccV8fsgM.s:205    .bss.pwm_state_pa9:00000000 $d
C:\Users\parni\AppData\Local\Temp\ccV8fsgM.s:210    .bss.pwm_state_pa8:00000000 pwm_state_pa8
C:\Users\parni\AppData\Local\Temp\ccV8fsgM.s:211    .bss.pwm_state_pa8:00000000 $d

UNDEFINED SYMBOLS
RCC_Init
GPIO_Init_Ports
SysTick_Init
TIM1_PWM_Init
ITR_Init
I2C_Init_HW
UART_Init
UART_SendString
MPU_Init
MPU_Calibrate
delay_ms
MPU_Debug_Print
turnByAngle
