Archive member included to satisfy reference by file (symbol)

C:/SysGCC/arm-eabi/bin/../lib/gcc/arm-none-eabi/13.3.1/thumb/v7e-m+fp/hard\libc_nano.a(libc_a-exit.o)
                              C:/SysGCC/arm-eabi/bin/../lib/gcc/arm-none-eabi/13.3.1/thumb/v7e-m+fp/hard/crt0.o (exit)
C:/SysGCC/arm-eabi/bin/../lib/gcc/arm-none-eabi/13.3.1/thumb/v7e-m+fp/hard\libc_nano.a(libc_a-findfp.o)
                              C:/SysGCC/arm-eabi/bin/../lib/gcc/arm-none-eabi/13.3.1/thumb/v7e-m+fp/hard\libc_nano.a(libc_a-exit.o) (__stdio_exit_handler)
C:/SysGCC/arm-eabi/bin/../lib/gcc/arm-none-eabi/13.3.1/thumb/v7e-m+fp/hard\libc_nano.a(libc_a-fwalk.o)
                              C:/SysGCC/arm-eabi/bin/../lib/gcc/arm-none-eabi/13.3.1/thumb/v7e-m+fp/hard\libc_nano.a(libc_a-findfp.o) (_fwalk_sglue)
C:/SysGCC/arm-eabi/bin/../lib/gcc/arm-none-eabi/13.3.1/thumb/v7e-m+fp/hard\libc_nano.a(libc_a-sprintf.o)
                              build_F411RE/mpu_i2c.o (sprintf)
C:/SysGCC/arm-eabi/bin/../lib/gcc/arm-none-eabi/13.3.1/thumb/v7e-m+fp/hard\libc_nano.a(libc_a-stdio.o)
                              C:/SysGCC/arm-eabi/bin/../lib/gcc/arm-none-eabi/13.3.1/thumb/v7e-m+fp/hard\libc_nano.a(libc_a-findfp.o) (__sread)
C:/SysGCC/arm-eabi/bin/../lib/gcc/arm-none-eabi/13.3.1/thumb/v7e-m+fp/hard\libc_nano.a(libc_a-memset.o)
                              C:/SysGCC/arm-eabi/bin/../lib/gcc/arm-none-eabi/13.3.1/thumb/v7e-m+fp/hard/crt0.o (memset)
C:/SysGCC/arm-eabi/bin/../lib/gcc/arm-none-eabi/13.3.1/thumb/v7e-m+fp/hard\libc_nano.a(libc_a-closer.o)
                              C:/SysGCC/arm-eabi/bin/../lib/gcc/arm-none-eabi/13.3.1/thumb/v7e-m+fp/hard\libc_nano.a(libc_a-stdio.o) (_close_r)
C:/SysGCC/arm-eabi/bin/../lib/gcc/arm-none-eabi/13.3.1/thumb/v7e-m+fp/hard\libc_nano.a(libc_a-reent.o)
                              C:/SysGCC/arm-eabi/bin/../lib/gcc/arm-none-eabi/13.3.1/thumb/v7e-m+fp/hard\libc_nano.a(libc_a-closer.o) (errno)
C:/SysGCC/arm-eabi/bin/../lib/gcc/arm-none-eabi/13.3.1/thumb/v7e-m+fp/hard\libc_nano.a(libc_a-impure.o)
                              C:/SysGCC/arm-eabi/bin/../lib/gcc/arm-none-eabi/13.3.1/thumb/v7e-m+fp/hard\libc_nano.a(libc_a-sprintf.o) (_impure_ptr)
C:/SysGCC/arm-eabi/bin/../lib/gcc/arm-none-eabi/13.3.1/thumb/v7e-m+fp/hard\libc_nano.a(libc_a-lseekr.o)
                              C:/SysGCC/arm-eabi/bin/../lib/gcc/arm-none-eabi/13.3.1/thumb/v7e-m+fp/hard\libc_nano.a(libc_a-stdio.o) (_lseek_r)
C:/SysGCC/arm-eabi/bin/../lib/gcc/arm-none-eabi/13.3.1/thumb/v7e-m+fp/hard\libc_nano.a(libc_a-readr.o)
                              C:/SysGCC/arm-eabi/bin/../lib/gcc/arm-none-eabi/13.3.1/thumb/v7e-m+fp/hard\libc_nano.a(libc_a-stdio.o) (_read_r)
C:/SysGCC/arm-eabi/bin/../lib/gcc/arm-none-eabi/13.3.1/thumb/v7e-m+fp/hard\libc_nano.a(libc_a-writer.o)
                              C:/SysGCC/arm-eabi/bin/../lib/gcc/arm-none-eabi/13.3.1/thumb/v7e-m+fp/hard\libc_nano.a(libc_a-stdio.o) (_write_r)
C:/SysGCC/arm-eabi/bin/../lib/gcc/arm-none-eabi/13.3.1/thumb/v7e-m+fp/hard\libc_nano.a(libc_a-errno.o)
                              build_F411RE/syscalls.o (__errno)
C:/SysGCC/arm-eabi/bin/../lib/gcc/arm-none-eabi/13.3.1/thumb/v7e-m+fp/hard\libc_nano.a(libc_a-init.o)
                              C:/SysGCC/arm-eabi/bin/../lib/gcc/arm-none-eabi/13.3.1/thumb/v7e-m+fp/hard/crt0.o (__libc_init_array)
C:/SysGCC/arm-eabi/bin/../lib/gcc/arm-none-eabi/13.3.1/thumb/v7e-m+fp/hard\libc_nano.a(libc_a-lock.o)
                              C:/SysGCC/arm-eabi/bin/../lib/gcc/arm-none-eabi/13.3.1/thumb/v7e-m+fp/hard\libc_nano.a(libc_a-findfp.o) (__retarget_lock_init_recursive)
C:/SysGCC/arm-eabi/bin/../lib/gcc/arm-none-eabi/13.3.1/thumb/v7e-m+fp/hard\libc_nano.a(libc_a-freer.o)
                              C:/SysGCC/arm-eabi/bin/../lib/gcc/arm-none-eabi/13.3.1/thumb/v7e-m+fp/hard\libc_nano.a(libc_a-reent.o) (_free_r)
C:/SysGCC/arm-eabi/bin/../lib/gcc/arm-none-eabi/13.3.1/thumb/v7e-m+fp/hard\libc_nano.a(libc_a-mallocr.o)
                              C:/SysGCC/arm-eabi/bin/../lib/gcc/arm-none-eabi/13.3.1/thumb/v7e-m+fp/hard\libc_nano.a(libc_a-findfp.o) (_malloc_r)
C:/SysGCC/arm-eabi/bin/../lib/gcc/arm-none-eabi/13.3.1/thumb/v7e-m+fp/hard\libc_nano.a(libc_a-mlock.o)
                              C:/SysGCC/arm-eabi/bin/../lib/gcc/arm-none-eabi/13.3.1/thumb/v7e-m+fp/hard\libc_nano.a(libc_a-freer.o) (__malloc_lock)
C:/SysGCC/arm-eabi/bin/../lib/gcc/arm-none-eabi/13.3.1/thumb/v7e-m+fp/hard\libc_nano.a(libc_a-nano-svfprintf.o)
                              C:/SysGCC/arm-eabi/bin/../lib/gcc/arm-none-eabi/13.3.1/thumb/v7e-m+fp/hard\libc_nano.a(libc_a-sprintf.o) (_svfprintf_r)
C:/SysGCC/arm-eabi/bin/../lib/gcc/arm-none-eabi/13.3.1/thumb/v7e-m+fp/hard\libc_nano.a(libc_a-nano-vfprintf_i.o)
                              C:/SysGCC/arm-eabi/bin/../lib/gcc/arm-none-eabi/13.3.1/thumb/v7e-m+fp/hard\libc_nano.a(libc_a-nano-svfprintf.o) (_printf_i)
C:/SysGCC/arm-eabi/bin/../lib/gcc/arm-none-eabi/13.3.1/thumb/v7e-m+fp/hard\libc_nano.a(libc_a-fflush.o)
[...]
Memory Configuration

Name             Origin             Length             Attributes
RAM              0x20000000         0x00020000         xrw
FLASH            0x08000000         0x00080000         xr
*default*        0x00000000         0xffffffff

Linker script and memory map

LOAD C:/SysGCC/arm-eabi/bin/../lib/gcc/arm-none-eabi/13.3.1/thumb/v7e-m+fp/hard/crti.o
LOAD C:/SysGCC/arm-eabi/bin/../lib/gcc/arm-none-eabi/13.3.1/thumb/v7e-m+fp/hard/crtbegin.o
LOAD C:/SysGCC/arm-eabi/bin/../lib/gcc/arm-none-eabi/13.3.1/thumb/v7e-m+fp/hard/crt0.o
LOAD build_F411RE/system_stm32f4xx.o
LOAD build_F411RE/syscalls.o
LOAD build_F411RE/sysmem.o
LOAD build_F411RE/main.o
LOAD build_F411RE/init.o
LOAD build_F411RE/it_handlers.o
LOAD build_F411RE/utils.o
LOAD build_F411RE/uart_debug.o
LOAD build_F411RE/mpu_i2c.o
LOAD build_F411RE/startup_stm32f411xe.o
LOAD C:/SysGCC/arm-eabi/bin/../lib/gcc/arm-none-eabi/13.3.1/thumb/v7e-m+fp/hard\libc_nano.a
LOAD C:/SysGCC/arm-eabi/bin/../lib/gcc/arm-none-eabi/13.3.1/thumb/v7e-m+fp/hard\libm.a
LOAD C:/SysGCC/arm-eabi/bin/../lib/gcc/arm-none-eabi/13.3.1/thumb/v7e-m+fp/hard\libnosys.a
START GROUP
LOAD C:/SysGCC/arm-eabi/bin/../lib/gcc/arm-none-eabi/13.3.1/thumb/v7e-m+fp/hard\libgcc.a
LOAD C:/SysGCC/arm-eabi/bin/../lib/gcc/arm-none-eabi/13.3.1/thumb/v7e-m+fp/hard\libc_nano.a
END GROUP
START GROUP
LOAD C:/SysGCC/arm-eabi/bin/../lib/gcc/arm-none-eabi/13.3.1/thumb/v7e-m+fp/hard\libgcc.a
LOAD C:/SysGCC/arm-eabi/bin/../lib/gcc/arm-none-eabi/13.3.1/thumb/v7e-m+fp/hard\libc_nano.a
END GROUP
LOAD C:/SysGCC/arm-eabi/bin/../lib/gcc/arm-none-eabi/13.3.1/thumb/v7e-m+fp/hard/crtend.o
LOAD C:/SysGCC/arm-eabi/bin/../lib/gcc/arm-none-eabi/13.3.1/thumb/v7e-m+fp/hard/crtn.o
                0x20020000                        _estack = 0x20020000
                0x00000200                        _Min_Heap_Size = 0x200
                0x00000400                        _Min_Stack_Size = 0x400

.isr_vector     0x08000000      0x198
                0x08000000                        . = ALIGN (0x4)
 *(.isr_vector)
 .isr_vector    0x08000000      0x198 build_F411RE/startup_stm32f411xe.o
                0x08000000                g_pfnVectors
                0x08000198                        . = ALIGN (0x4)

.text           0x080001a0     0x1730
                0x080001a0                        . = ALIGN (0x4)
 *(.text)
 .text          0x080001a0       0xa0 C:/SysGCC/arm-eabi/bin/../lib/gcc/arm-none-eabi/13.3.1/thumb/v7e-m+fp/hard\libc_nano.a(libc_a-memchr.o)
                0x080001a0                memchr
 .text          0x08000240      0x378 C:/SysGCC/arm-eabi/bin/../lib/gcc/arm-none-eabi/13.3.1/thumb/v7e-m+fp/hard\libgcc.a(_arm_addsubdf3.o)
                0x08000240                __aeabi_drsub
                0x08000248                __aeabi_dsub
                0x08000248                __subdf3
                0x0800024c                __aeabi_dadd
                0x0800024c                __adddf3
                0x080004c4                __floatunsidf
                0x080004c4                __aeabi_ui2d
                0x080004e4                __floatsidf
                0x080004e4                __aeabi_i2d
                0x08000508                __aeabi_f2d
                0x08000508                __extendsfdf2
                0x0800054c                __floatundidf
                0x0800054c                __aeabi_ul2d
                0x0800055c                __floatdidf
                0x0800055c                __aeabi_l2d
 *(.text*)
 .text.deregister_tm_clones
                0x080005b8       0x1c C:/SysGCC/arm-eabi/bin/../lib/gcc/arm-none-eabi/13.3.1/thumb/v7e-m+fp/hard/crtbegin.o
 .text.register_tm_clones
                0x080005d4       0x24 C:/SysGCC/arm-eabi/bin/../lib/gcc/arm-none-eabi/13.3.1/thumb/v7e-m+fp/hard/crtbegin.o
 .text.__do_global_dtors_aux
                0x080005f8       0x28 C:/SysGCC/arm-eabi/bin/../lib/gcc/arm-none-eabi/13.3.1/thumb/v7e-m+fp/hard/crtbegin.o
 .text.frame_dummy
                0x08000620       0x24 C:/SysGCC/arm-eabi/bin/../lib/gcc/arm-none-eabi/13.3.1/thumb/v7e-m+fp/hard/crtbegin.o
 .text.SystemInit
                0x08000644       0x14 build_F411RE/system_stm32f4xx.o
                0x08000644                SystemInit
 .text._sbrk    0x08000658       0x48 build_F411RE/sysmem.o
                0x08000658                _sbrk
 .text.main     0x080006a0       0x24 build_F411RE/main.o
                0x080006a0                main
 .text.NVIC_EncodePriority
                0x080006c4       0x3e build_F411RE/init.o
 *fill*         0x08000702        0x2 
 .text.GPIO_Init_Ports
                0x08000704       0xb8 build_F411RE/init.o
                0x08000704                GPIO_Init_Ports
 .text.SysTick_Init
                0x080007bc       0x46 build_F411RE/init.o
                0x080007bc                SysTick_Init
 *fill*         0x08000802        0x2 
 .text.RCC_Init
                0x08000804       0xe0 build_F411RE/init.o
                0x08000804                RCC_Init
 .text.TIM1_PWM_Init
                0x080008e4       0xa8 build_F411RE/init.o
                0x080008e4                TIM1_PWM_Init
 .text.ITR_Init
                0x0800098c       0xe8 build_F411RE/init.o
                0x0800098c                ITR_Init
 .text.SysTick_Handler
                0x08000a74       0x10 build_F411RE/it_handlers.o
                0x08000a74                SysTick_Handler
 .text.EXTI15_10_IRQHandler
                0x08000a84       0x84 build_F411RE/it_handlers.o
                0x08000a84                EXTI15_10_IRQHandler
 .text.EXTI9_5_IRQHandler
                0x08000b08       0x3c build_F411RE/it_handlers.o
                0x08000b08                EXTI9_5_IRQHandler
 .text.millis   0x08000b44        0xc build_F411RE/utils.o
                0x08000b44                millis
 .text.UART_Init
                0x08000b50       0x4c build_F411RE/uart_debug.o
                0x08000b50                UART_Init
 .text.UART_SendChar
                0x08000b9c       0x14 build_F411RE/uart_debug.o
                0x08000b9c                UART_SendChar
 .text.I2C_Wait
                0x08000bb0       0x22 build_F411RE/mpu_i2c.o
                0x08000bb0                I2C_Wait
 *fill*         0x08000bd2        0x2 
 .text.I2C_Start
                0x08000bd4       0x20 build_F411RE/mpu_i2c.o
                0x08000bd4                I2C_Start
 .text.I2C_Stop
                0x08000bf4       0x14 build_F411RE/mpu_i2c.o
                0x08000bf4                I2C_Stop
 .text.I2C_Address
                0x08000c08       0x34 build_F411RE/mpu_i2c.o
                0x08000c08                I2C_Address
 .text.I2C_Write
                0x08000c3c       0x34 build_F411RE/mpu_i2c.o
                0x08000c3c                I2C_Write
 .text.MPU_Read
                0x08000c70       0xec build_F411RE/mpu_i2c.o
                0x08000c70                MPU_Read
 .text.MPU_Update
                0x08000d5c      0x15c build_F411RE/mpu_i2c.o
                0x08000d5c                MPU_Update
 .text.MPU_Debug_Print
                0x08000eb8       0x7c build_F411RE/mpu_i2c.o
                0x08000eb8                MPU_Debug_Print
 .text.Reset_Handler
                0x08000f34       0x50 build_F411RE/startup_stm32f411xe.o
                0x08000f34                Reset_Handler
 .text.Default_Handler
                0x08000f84        0x2 build_F411RE/startup_stm32f411xe.o
                0x08000f84                RTC_Alarm_IRQHandler
                0x08000f84                EXTI2_IRQHandler
                0x08000f84                DebugMon_Handler
                0x08000f84                SPI4_IRQHandler
                0x08000f84                TIM1_CC_IRQHandler
                0x08000f84                DMA2_Stream5_IRQHandler
                0x08000f84                HardFault_Handler
                0x08000f84                DMA1_Stream5_IRQHandler
                0x08000f84                PVD_IRQHandler
                0x08000f84                SDIO_IRQHandler
                0x08000f84                TAMP_STAMP_IRQHandler
                0x08000f84                PendSV_Handler
                0x08000f84                NMI_Handler
                0x08000f84                EXTI3_IRQHandler
                0x08000f84                TIM1_UP_TIM10_IRQHandler
                0x08000f84                I2C3_ER_IRQHandler
                0x08000f84                EXTI0_IRQHandler
                0x08000f84                I2C2_EV_IRQHandler
                0x08000f84                DMA1_Stream2_IRQHandler
                0x08000f84                FPU_IRQHandler
                0x08000f84                UsageFault_Handler
                0x08000f84                DMA2_Stream2_IRQHandler
                0x08000f84                SPI1_IRQHandler
                0x08000f84                TIM1_BRK_TIM9_IRQHandler
                0x08000f84                DMA2_Stream3_IRQHandler
                0x08000f84                USART6_IRQHandler
                0x08000f84                DMA2_Stream0_IRQHandler
                0x08000f84                TIM4_IRQHandler
                0x08000f84                I2C1_EV_IRQHandler
                0x08000f84                DMA1_Stream6_IRQHandler
                0x08000f84                DMA1_Stream1_IRQHandler
                0x08000f84                TIM3_IRQHandler
                0x08000f84                RCC_IRQHandler
                0x08000f84                Default_Handler
                0x08000f84                ADC_IRQHandler
                0x08000f84                DMA1_Stream7_IRQHandler
                0x08000f84                SPI5_IRQHandler
                0x08000f84                TIM5_IRQHandler
                0x08000f84                DMA2_Stream7_IRQHandler
                0x08000f84                I2C3_EV_IRQHandler
                0x08000f84                RTC_WKUP_IRQHandler
                0x08000f84                SPI2_IRQHandler
                0x08000f84                MemManage_Handler
                0x08000f84                DMA1_Stream0_IRQHandler
                0x08000f84                SVC_Handler
                0x08000f84                EXTI4_IRQHandler
                0x08000f84                WWDG_IRQHandler
                0x08000f84                TIM2_IRQHandler
                0x08000f84                OTG_FS_WKUP_IRQHandler
                0x08000f84                TIM1_TRG_COM_TIM11_IRQHandler
                0x08000f84                EXTI1_IRQHandler
                0x08000f84                USART2_IRQHandler
                0x08000f84                I2C2_ER_IRQHandler
                0x08000f84                DMA2_Stream1_IRQHandler
                0x08000f84                FLASH_IRQHandler
                0x08000f84                DMA2_Stream4_IRQHandler
                0x08000f84                BusFault_Handler
                0x08000f84                USART1_IRQHandler
                0x08000f84                OTG_FS_IRQHandler
                0x08000f84                SPI3_IRQHandler
                0x08000f84                DMA1_Stream4_IRQHandler
                0x08000f84                I2C1_ER_IRQHandler
                0x08000f84                DMA2_Stream6_IRQHandler
                0x08000f84                DMA1_Stream3_IRQHandler
 *fill*         0x08000f86        0x2 
 .text.sprintf  0x08000f88       0x44 C:/SysGCC/arm-eabi/bin/../lib/gcc/arm-none-eabi/13.3.1/thumb/v7e-m+fp/hard\libc_nano.a(libc_a-sprintf.o)
                0x08000f88                siprintf
                0x08000f88                sprintf
 .text.__errno  0x08000fcc        0xc C:/SysGCC/arm-eabi/bin/../lib/gcc/arm-none-eabi/13.3.1/thumb/v7e-m+fp/hard\libc_nano.a(libc_a-errno.o)
                0x08000fcc                __errno
 .text.__libc_init_array
                0x08000fd8       0x48 C:/SysGCC/arm-eabi/bin/../lib/gcc/arm-none-eabi/13.3.1/thumb/v7e-m+fp/hard\libc_nano.a(libc_a-init.o)
                0x08000fd8                __libc_init_array
 .text.__retarget_lock_acquire_recursive
                0x08001020        0x2 C:/SysGCC/arm-eabi/bin/../lib/gcc/arm-none-eabi/13.3.1/thumb/v7e-m+fp/hard\libc_nano.a(libc_a-lock.o)
                0x08001020                __retarget_lock_acquire_recursive
 .text.__retarget_lock_release_recursive
                0x08001022        0x2 C:/SysGCC/arm-eabi/bin/../lib/gcc/arm-none-eabi/13.3.1/thumb/v7e-m+fp/hard\libc_nano.a(libc_a-lock.o)
                0x08001022                __retarget_lock_release_recursive
 .text._free_r  0x08001024       0x94 C:/SysGCC/arm-eabi/bin/../lib/gcc/arm-none-eabi/13.3.1/thumb/v7e-m+fp/hard\libc_nano.a(libc_a-freer.o)
                0x08001024                _free_r
 .text.sbrk_aligned
                0x080010b8       0x44 C:/SysGCC/arm-eabi/bin/../lib/gcc/arm-none-eabi/13.3.1/thumb/v7e-m+fp/hard\libc_nano.a(libc_a-mallocr.o)
 .text._malloc_r
                0x080010fc      0x100 C:/SysGCC/arm-eabi/bin/../lib/gcc/arm-none-eabi/13.3.1/thumb/v7e-m+fp/hard\libc_nano.a(libc_a-mallocr.o)
                0x080010fc                _malloc_r
 .text.__malloc_lock
                0x080011fc        0xc C:/SysGCC/arm-eabi/bin/../lib/gcc/arm-none-eabi/13.3.1/thumb/v7e-m+fp/hard\libc_nano.a(libc_a-mlock.o)
                0x080011fc                __malloc_lock
 .text.__malloc_unlock
                0x08001208        0xc C:/SysGCC/arm-eabi/bin/../lib/gcc/arm-none-eabi/13.3.1/thumb/v7e-m+fp/hard\libc_nano.a(libc_a-mlock.o)
                0x08001208                __malloc_unlock
 .text.__ssputs_r
                0x08001214       0xb6 C:/SysGCC/arm-eabi/bin/../lib/gcc/arm-none-eabi/13.3.1/thumb/v7e-m+fp/hard\libc_nano.a(libc_a-nano-svfprintf.o)
                0x08001214                __ssputs_r
 *fill*         0x080012ca        0x2 
 .text._svfprintf_r
                0x080012cc      0x1f8 C:/SysGCC/arm-eabi/bin/../lib/gcc/arm-none-eabi/13.3.1/thumb/v7e-m+fp/hard\libc_nano.a(libc_a-nano-svfprintf.o)
                0x080012cc                _svfiprintf_r
                0x080012cc                _svfprintf_r
 .text._printf_common
                0x080014c4       0xda C:/SysGCC/arm-eabi/bin/../lib/gcc/arm-none-eabi/13.3.1/thumb/v7e-m+fp/hard\libc_nano.a(libc_a-nano-vfprintf_i.o)
                0x080014c4                _printf_common
 *fill*         0x0800159e        0x2 
 .text._printf_i
                0x080015a0      0x23c C:/SysGCC/arm-eabi/bin/../lib/gcc/arm-none-eabi/13.3.1/thumb/v7e-m+fp/hard\libc_nano.a(libc_a-nano-vfprintf_i.o)
                0x080015a0                _printf_i
 .text.memmove  0x080017dc       0x34 C:/SysGCC/arm-eabi/bin/../lib/gcc/arm-none-eabi/13.3.1/thumb/v7e-m+fp/hard\libc_nano.a(libc_a-memmove.o)
                0x080017dc                memmove
 .text._sbrk_r  0x08001810       0x20 C:/SysGCC/arm-eabi/bin/../lib/gcc/arm-none-eabi/13.3.1/thumb/v7e-m+fp/hard\libc_nano.a(libc_a-sbrkr.o)
                0x08001810                _sbrk_r
 .text.memcpy   0x08001830       0x1c C:/SysGCC/arm-eabi/bin/../lib/gcc/arm-none-eabi/13.3.1/thumb/v7e-m+fp/hard\libc_nano.a(libc_a-memcpy-stub.o)
                0x08001830                memcpy
 .text._realloc_r
                0x0800184c       0x5c C:/SysGCC/arm-eabi/bin/../lib/gcc/arm-none-eabi/13.3.1/thumb/v7e-m+fp/hard\libc_nano.a(libc_a-reallocr.o)
                0x0800184c                _realloc_r
 .text._malloc_usable_size_r
                0x080018a8       0x10 C:/SysGCC/arm-eabi/bin/../lib/gcc/arm-none-eabi/13.3.1/thumb/v7e-m+fp/hard\libc_nano.a(libc_a-msizer.o)
                0x080018a8                _malloc_usable_size_r
 *(.glue_7)
 .glue_7        0x080018b8        0x0 linker stubs
 *(.glue_7t)
 .glue_7t       0x080018b8        0x0 linker stubs
 *(.eh_frame)
 .eh_frame      0x080018b8        0x0 C:/SysGCC/arm-eabi/bin/../lib/gcc/arm-none-eabi/13.3.1/thumb/v7e-m+fp/hard/crtbegin.o
 *(.init)
 .init          0x080018b8        0x4 C:/SysGCC/arm-eabi/bin/../lib/gcc/arm-none-eabi/13.3.1/thumb/v7e-m+fp/hard/crti.o
                0x080018b8                _init
 .init          0x080018bc        0x8 C:/SysGCC/arm-eabi/bin/../lib/gcc/arm-none-eabi/13.3.1/thumb/v7e-m+fp/hard/crtn.o
 *(.fini)
 .fini          0x080018c4        0x4 C:/SysGCC/arm-eabi/bin/../lib/gcc/arm-none-eabi/13.3.1/thumb/v7e-m+fp/hard/crti.o
                0x080018c4                _fini
 .fini          0x080018c8        0x8 C:/SysGCC/arm-eabi/bin/../lib/gcc/arm-none-eabi/13.3.1/thumb/v7e-m+fp/hard/crtn.o
                0x080018d0                        . = ALIGN (0x4)
                0x080018d0                        _etext = .

.vfp11_veneer   0x080018d0        0x0
 .vfp11_veneer  0x080018d0        0x0 linker stubs

.v4_bx          0x080018d0        0x0
 .v4_bx         0x080018d0        0x0 linker stubs

.iplt           0x080018d0        0x0
 .iplt          0x080018d0        0x0 C:/SysGCC/arm-eabi/bin/../lib/gcc/arm-none-eabi/13.3.1/thumb/v7e-m+fp/hard/crtbegin.o

.rodata         0x080018d0       0x64
                0x080018d0                        . = ALIGN (0x4)
 *(.rodata)
 *(.rodata*)
 .rodata.MPU_Debug_Print.str1.4
                0x080018d0       0x31 build_F411RE/mpu_i2c.o
 .rodata._svfprintf_r.str1.1
                0x08001901       0x33 C:/SysGCC/arm-eabi/bin/../lib/gcc/arm-none-eabi/13.3.1/thumb/v7e-m+fp/hard\libc_nano.a(libc_a-nano-svfprintf.o)
                                 0x11 (size before relaxing)
 .rodata._printf_i.str1.1
                0x08001934       0x22 C:/SysGCC/arm-eabi/bin/../lib/gcc/arm-none-eabi/13.3.1/thumb/v7e-m+fp/hard\libc_nano.a(libc_a-nano-vfprintf_i.o)
                0x08001958                        . = ALIGN (0x4)

.ARM.extab
 *(.ARM.extab* .gnu.linkonce.armextab.*)

.ARM            0x08001934        0x8
                0x08001934                        __exidx_start = .
 *(.ARM.exidx*)
 .ARM.exidx     0x08001934        0x8 C:/SysGCC/arm-eabi/bin/../lib/gcc/arm-none-eabi/13.3.1/thumb/v7e-m+fp/hard\libc_nano.a(libc_a-memchr.o)
                0x0800193c                        __exidx_end = .

.rel.dyn        0x0800193c        0x0
 .rel.iplt      0x0800193c        0x0 C:/SysGCC/arm-eabi/bin/../lib/gcc/arm-none-eabi/13.3.1/thumb/v7e-m+fp/hard/crtbegin.o

.preinit_array  0x0800193c        0x0
                0x0800193c                        PROVIDE (__preinit_array_start = .)
 *(.preinit_array*)
                0x0800193c                        PROVIDE (__preinit_array_end = .)

.init_array     0x0800193c        0x4
                0x0800193c                        PROVIDE (__init_array_start = .)
 *(SORT_BY_NAME(.init_array.*))
 *(.init_array*)
 .init_array    0x0800193c        0x4 C:/SysGCC/arm-eabi/bin/../lib/gcc/arm-none-eabi/13.3.1/thumb/v7e-m+fp/hard/crtbegin.o
                0x08001940                        PROVIDE (__init_array_end = .)

.fini_array     0x08001940        0x4
                [!provide]                        PROVIDE (__fini_array_start = .)
 *(SORT_BY_NAME(.fini_array.*))
 *(.fini_array*)
 .fini_array    0x08001940        0x4 C:/SysGCC/arm-eabi/bin/../lib/gcc/arm-none-eabi/13.3.1/thumb/v7e-m+fp/hard/crtbegin.o
                [!provide]                        PROVIDE (__fini_array_end = .)
                0x08001944                        _sidata = LOADADDR (.data)

.data           0x20000000       0x50 load address 0x08001944
                0x20000000                        . = ALIGN (0x4)
                0x20000000                        _sdata = .
 *(.data)
 *(.data*)
 .data._impure_ptr
                0x20000000        0x4 C:/SysGCC/arm-eabi/bin/../lib/gcc/arm-none-eabi/13.3.1/thumb/v7e-m+fp/hard\libc_nano.a(libc_a-impure.o)
                0x20000000                _impure_ptr
 .data._impure_data
                0x20000004       0x4c C:/SysGCC/arm-eabi/bin/../lib/gcc/arm-none-eabi/13.3.1/thumb/v7e-m+fp/hard\libc_nano.a(libc_a-impure.o)
                0x20000004                _impure_data
                0x20000050                        . = ALIGN (0x4)
                0x20000050                        _edata = .

.tm_clone_table
                0x20000050        0x0 load address 0x08001994
 .tm_clone_table
                0x20000050        0x0 C:/SysGCC/arm-eabi/bin/../lib/gcc/arm-none-eabi/13.3.1/thumb/v7e-m+fp/hard/crtbegin.o
 .tm_clone_table
                0x20000050        0x0 C:/SysGCC/arm-eabi/bin/../lib/gcc/arm-none-eabi/13.3.1/thumb/v7e-m+fp/hard/crtend.o

.igot.plt       0x20000050        0x0 load address 0x08001994
 .igot.plt      0x20000050        0x0 C:/SysGCC/arm-eabi/bin/../lib/gcc/arm-none-eabi/13.3.1/thumb/v7e-m+fp/hard/crtbegin.o
                0x20000050                        . = ALIGN (0x4)

.bss            0x20000050      0x1b0 load address 0x08001994
                0x20000050                        _sbss = .
                0x20000050                        __bss_start__ = _sbss
 *(.bss)
 *(.bss*)
 .bss.completed.1
                0x20000050        0x1 C:/SysGCC/arm-eabi/bin/../lib/gcc/arm-none-eabi/13.3.1/thumb/v7e-m+fp/hard/crtbegin.o
 *fill*         0x20000051        0x3 
 .bss.object.0  0x20000054       0x18 C:/SysGCC/arm-eabi/bin/../lib/gcc/arm-none-eabi/13.3.1/thumb/v7e-m+fp/hard/crtbegin.o
 .bss.__sbrk_heap_end
                0x2000006c        0x4 build_F411RE/sysmem.o
 .bss.status_button
                0x20000070        0x1 build_F411RE/main.o
                0x20000070                status_button
 *fill*         0x20000071        0x1 
 .bss.button_delay_counter
                0x20000072        0x2 build_F411RE/main.o
                0x20000072                button_delay_counter
 .bss.millis_counter
                0x20000074        0x4 build_F411RE/main.o
                0x20000074                millis_counter
 .bss.sys_tick  0x20000078        0x4 build_F411RE/main.o
                0x20000078                sys_tick
 .bss.right_delay_counter
                0x2000007c        0x4 build_F411RE/main.o
                0x2000007c                right_delay_counter
 .bss.left_delay_counter
                0x20000080        0x4 build_F411RE/main.o
                0x20000080                left_delay_counter
 .bss.right_encoder_ticks
                0x20000084        0x2 build_F411RE/main.o
                0x20000084                right_encoder_ticks
 .bss.left_encoder_ticks
                0x20000086        0x2 build_F411RE/main.o
                0x20000086                left_encoder_ticks
 .bss.last_print.0
                0x20000088        0x4 build_F411RE/mpu_i2c.o
 .bss.buffer.1  0x2000008c        0xc build_F411RE/mpu_i2c.o
 .bss.idx.2     0x20000098        0x1 build_F411RE/mpu_i2c.o
 *fill*         0x20000099        0x3 
 .bss.last_update
                0x2000009c        0x4 build_F411RE/mpu_i2c.o
 .bss.yaw_angle
                0x200000a0        0x4 build_F411RE/mpu_i2c.o
 .bss.gz_filtered
                0x200000a4        0x4 build_F411RE/mpu_i2c.o
 .bss.gyro_offset_z
                0x200000a8        0x4 build_F411RE/mpu_i2c.o
                0x200000a8                gyro_offset_z
 .bss.mpu       0x200000ac        0xc build_F411RE/mpu_i2c.o
                0x200000ac                mpu
 .bss.__sf      0x200000b8      0x138 C:/SysGCC/arm-eabi/bin/../lib/gcc/arm-none-eabi/13.3.1/thumb/v7e-m+fp/hard\libc_nano.a(libc_a-findfp.o)
                0x200000b8                __sf
 .bss.errno     0x200001f0        0x4 C:/SysGCC/arm-eabi/bin/../lib/gcc/arm-none-eabi/13.3.1/thumb/v7e-m+fp/hard\libc_nano.a(libc_a-reent.o)
                0x200001f0                errno
 .bss.__lock___malloc_recursive_mutex
                0x200001f4        0x1 C:/SysGCC/arm-eabi/bin/../lib/gcc/arm-none-eabi/13.3.1/thumb/v7e-m+fp/hard\libc_nano.a(libc_a-lock.o)
                0x200001f4                __lock___malloc_recursive_mutex
 *fill*         0x200001f5        0x3 
 .bss.__malloc_sbrk_start
                0x200001f8        0x4 C:/SysGCC/arm-eabi/bin/../lib/gcc/arm-none-eabi/13.3.1/thumb/v7e-m+fp/hard\libc_nano.a(libc_a-mallocr.o)
                0x200001f8                __malloc_sbrk_start
 .bss.__malloc_free_list
                0x200001fc        0x4 C:/SysGCC/arm-eabi/bin/../lib/gcc/arm-none-eabi/13.3.1/thumb/v7e-m+fp/hard\libc_nano.a(libc_a-mallocr.o)
                0x200001fc                __malloc_free_list
 *(COMMON)
                0x20000200                        . = ALIGN (0x4)
                0x20000200                        _ebss = .
                0x20000200                        __bss_end__ = _ebss

._user_heap_stack
                0x20000200      0x600 load address 0x08001994
                0x20000200                        . = ALIGN (0x8)
                [!provide]                        PROVIDE (end = .)
                0x20000200                        PROVIDE (_end = .)
                0x20000400                        . = (. + _Min_Heap_Size)
 *fill*         0x20000200      0x200 
                0x20000800                        . = (. + _Min_Stack_Size)
 *fill*         0x20000400      0x400 
                0x20000800                        . = ALIGN (0x8)

/DISCARD/
 libc.a(*)
 libm.a(*)
 libgcc.a(*)

.ARM.attributes
                0x00000000       0x30
 *(.ARM.attributes)
 .ARM.attributes
                0x00000000       0x22 C:/SysGCC/arm-eabi/bin/../lib/gcc/arm-none-eabi/13.3.1/thumb/v7e-m+fp/hard/crti.o
 .ARM.attributes
                0x00000022       0x34 C:/SysGCC/arm-eabi/bin/../lib/gcc/arm-none-eabi/13.3.1/thumb/v7e-m+fp/hard/crtbegin.o
 .ARM.attributes
                0x00000056       0x34 build_F411RE/system_stm32f4xx.o
 .ARM.attributes
                0x0000008a       0x34 build_F411RE/sysmem.o
 .ARM.attributes
                0x000000be       0x34 build_F411RE/main.o
 .ARM.attributes
                0x000000f2       0x34 build_F411RE/init.o
 .ARM.attributes
                0x00000126       0x34 build_F411RE/it_handlers.o
 .ARM.attributes
                0x0000015a       0x34 build_F411RE/utils.o
 .ARM.attributes
                0x0000018e       0x34 build_F411RE/uart_debug.o
 .ARM.attributes
                0x000001c2       0x34 build_F411RE/mpu_i2c.o
 .ARM.attributes
                0x000001f6       0x21 build_F411RE/startup_stm32f411xe.o
 .ARM.attributes
                0x00000217       0x34 C:/SysGCC/arm-eabi/bin/../lib/gcc/arm-none-eabi/13.3.1/thumb/v7e-m+fp/hard\libc_nano.a(libc_a-findfp.o)
 .ARM.attributes
                0x0000024b       0x34 C:/SysGCC/arm-eabi/bin/../lib/gcc/arm-none-eabi/13.3.1/thumb/v7e-m+fp/hard\libc_nano.a(libc_a-sprintf.o)
 .ARM.attributes
                0x0000027f       0x34 C:/SysGCC/arm-eabi/bin/../lib/gcc/arm-none-eabi/13.3.1/thumb/v7e-m+fp/hard\libc_nano.a(libc_a-reent.o)
 .ARM.attributes
                0x000002b3       0x34 C:/SysGCC/arm-eabi/bin/../lib/gcc/arm-none-eabi/13.3.1/thumb/v7e-m+fp/hard\libc_nano.a(libc_a-impure.o)
 .ARM.attributes
                0x000002e7       0x34 C:/SysGCC/arm-eabi/bin/../lib/gcc/arm-none-eabi/13.3.1/thumb/v7e-m+fp/hard\libc_nano.a(libc_a-errno.o)
 .ARM.attributes
                0x0000031b       0x34 C:/SysGCC/arm-eabi/bin/../lib/gcc/arm-none-eabi/13.3.1/thumb/v7e-m+fp/hard\libc_nano.a(libc_a-init.o)
 .ARM.attributes
                0x0000034f       0x34 C:/SysGCC/arm-eabi/bin/../lib/gcc/arm-none-eabi/13.3.1/thumb/v7e-m+fp/hard\libc_nano.a(libc_a-lock.o)
 .ARM.attributes
                0x00000383       0x34 C:/SysGCC/arm-eabi/bin/../lib/gcc/arm-none-eabi/13.3.1/thumb/v7e-m+fp/hard\libc_nano.a(libc_a-freer.o)
 .ARM.attributes
                0x000003b7       0x34 C:/SysGCC/arm-eabi/bin/../lib/gcc/arm-none-eabi/13.3.1/thumb/v7e-m+fp/hard\libc_nano.a(libc_a-mallocr.o)
 .ARM.attributes
                0x000003eb       0x34 C:/SysGCC/arm-eabi/bin/../lib/gcc/arm-none-eabi/13.3.1/thumb/v7e-m+fp/hard\libc_nano.a(libc_a-mlock.o)
 .ARM.attributes
                0x0000041f       0x34 C:/SysGCC/arm-eabi/bin/../lib/gcc/arm-none-eabi/13.3.1/thumb/v7e-m+fp/hard\libc_nano.a(libc_a-nano-svfprintf.o)
 .ARM.attributes
                0x00000453       0x34 C:/SysGCC/arm-eabi/bin/../lib/gcc/arm-none-eabi/13.3.1/thumb/v7e-m+fp/hard\libc_nano.a(libc_a-nano-vfprintf_i.o)
 .ARM.attributes
                0x00000487       0x34 C:/SysGCC/arm-eabi/bin/../lib/gcc/arm-none-eabi/13.3.1/thumb/v7e-m+fp/hard\libc_nano.a(libc_a-memmove.o)
 .ARM.attributes
                0x000004bb       0x34 C:/SysGCC/arm-eabi/bin/../lib/gcc/arm-none-eabi/13.3.1/thumb/v7e-m+fp/hard\libc_nano.a(libc_a-sbrkr.o)
 .ARM.attributes
                0x000004ef       0x1c C:/SysGCC/arm-eabi/bin/../lib/gcc/arm-none-eabi/13.3.1/thumb/v7e-m+fp/hard\libc_nano.a(libc_a-memchr.o)
 .ARM.attributes
                0x0000050b       0x34 C:/SysGCC/arm-eabi/bin/../lib/gcc/arm-none-eabi/13.3.1/thumb/v7e-m+fp/hard\libc_nano.a(libc_a-memcpy-stub.o)
 .ARM.attributes
                0x0000053f       0x34 C:/SysGCC/arm-eabi/bin/../lib/gcc/arm-none-eabi/13.3.1/thumb/v7e-m+fp/hard\libc_nano.a(libc_a-reallocr.o)
 .ARM.attributes
                0x00000573       0x34 C:/SysGCC/arm-eabi/bin/../lib/gcc/arm-none-eabi/13.3.1/thumb/v7e-m+fp/hard\libc_nano.a(libc_a-msizer.o)
 .ARM.attributes
                0x000005a7       0x22 C:/SysGCC/arm-eabi/bin/../lib/gcc/arm-none-eabi/13.3.1/thumb/v7e-m+fp/hard\libgcc.a(_arm_addsubdf3.o)
 .ARM.attributes
                0x000005c9       0x34 C:/SysGCC/arm-eabi/bin/../lib/gcc/arm-none-eabi/13.3.1/thumb/v7e-m+fp/hard/crtend.o
 .ARM.attributes
                0x000005fd       0x22 C:/SysGCC/arm-eabi/bin/../lib/gcc/arm-none-eabi/13.3.1/thumb/v7e-m+fp/hard/crtn.o
OUTPUT(build_F411RE/STM32F411RE.elf elf32-littlearm)
LOAD linker stubs
LOAD C:/SysGCC/arm-eabi/bin/../lib/gcc/arm-none-eabi/13.3.1/thumb/v7e-m+fp/hard\libc.a
LOAD C:/SysGCC/arm-eabi/bin/../lib/gcc/arm-none-eabi/13.3.1/thumb/v7e-m+fp/hard\libm.a
LOAD C:/SysGCC/arm-eabi/bin/../lib/gcc/arm-none-eabi/13.3.1/thumb/v7e-m+fp/hard\libgcc.a

.debug_info     0x00000000     0x38a8
 .debug_info    0x00000000      0x5de build_F411RE/system_stm32f4xx.o
 .debug_info    0x000005de      0x18c build_F411RE/sysmem.o
 .debug_info    0x0000076a      0x264 build_F411RE/main.o
 .debug_info    0x000009ce      0xecc build_F411RE/init.o
 .debug_info    0x0000189a      0x281 build_F411RE/it_handlers.o
 .debug_info    0x00001b1b      0xb74 build_F411RE/utils.o
 .debug_info    0x0000268f      0x4ac build_F411RE/uart_debug.o
 .debug_info    0x00002b3b      0xd3d build_F411RE/mpu_i2c.o
 .debug_info    0x00003878       0x30 build_F411RE/startup_stm32f411xe.o

.debug_abbrev   0x00000000      0xc4b
 .debug_abbrev  0x00000000      0x11b build_F411RE/system_stm32f4xx.o
 .debug_abbrev  0x0000011b       0xeb build_F411RE/sysmem.o
 .debug_abbrev  0x00000206       0xc4 build_F411RE/main.o
 .debug_abbrev  0x000002ca      0x21f build_F411RE/init.o
 .debug_abbrev  0x000004e9       0xf2 build_F411RE/it_handlers.o
 .debug_abbrev  0x000005db      0x21d build_F411RE/utils.o
 .debug_abbrev  0x000007f8      0x10e build_F411RE/uart_debug.o
 .debug_abbrev  0x00000906      0x328 build_F411RE/mpu_i2c.o
 .debug_abbrev  0x00000c2e       0x1d build_F411RE/startup_stm32f411xe.o

.debug_loc      0x00000000     0x115c
 .debug_loc     0x00000000      0x181 build_F411RE/system_stm32f4xx.o
 .debug_loc     0x00000181       0x90 build_F411RE/sysmem.o
 .debug_loc     0x00000211       0x20 build_F411RE/main.o
 .debug_loc     0x00000231      0x206 build_F411RE/init.o
 .debug_loc     0x00000437      0x686 build_F411RE/utils.o
 .debug_loc     0x00000abd       0x57 build_F411RE/uart_debug.o
 .debug_loc     0x00000b14      0x648 build_F411RE/mpu_i2c.o

.debug_aranges  0x00000000      0x240
 .debug_aranges
                0x00000000       0x28 build_F411RE/system_stm32f4xx.o
 .debug_aranges
                0x00000028       0x20 build_F411RE/sysmem.o
 .debug_aranges
                0x00000048       0x20 build_F411RE/main.o
 .debug_aranges
                0x00000068       0x48 build_F411RE/init.o
 .debug_aranges
                0x000000b0       0x30 build_F411RE/it_handlers.o
 .debug_aranges
                0x000000e0       0x78 build_F411RE/utils.o
 .debug_aranges
                0x00000158       0x30 build_F411RE/uart_debug.o
 .debug_aranges
                0x00000188       0x90 build_F411RE/mpu_i2c.o
 .debug_aranges
                0x00000218       0x28 build_F411RE/startup_stm32f411xe.o

.debug_ranges   0x00000000      0x238
 .debug_ranges  0x00000000       0x18 build_F411RE/system_stm32f4xx.o
 .debug_ranges  0x00000018       0x10 build_F411RE/sysmem.o
 .debug_ranges  0x00000028       0x10 build_F411RE/main.o
 .debug_ranges  0x00000038       0x38 build_F411RE/init.o
 .debug_ranges  0x00000070       0x20 build_F411RE/it_handlers.o
 .debug_ranges  0x00000090       0x98 build_F411RE/utils.o
 .debug_ranges  0x00000128       0x20 build_F411RE/uart_debug.o
 .debug_ranges  0x00000148       0xd0 build_F411RE/mpu_i2c.o
 .debug_ranges  0x00000218       0x20 build_F411RE/startup_stm32f411xe.o

.debug_line     0x00000000     0x1bc1
 .debug_line    0x00000000      0x237 build_F411RE/system_stm32f4xx.o
 .debug_line    0x00000237      0x16f build_F411RE/sysmem.o
 .debug_line    0x000003a6      0x117 build_F411RE/main.o
 .debug_line    0x000004bd      0x3e4 build_F411RE/init.o
 .debug_line    0x000008a1      0x1f1 build_F411RE/it_handlers.o
 .debug_line    0x00000a92      0x5e7 build_F411RE/utils.o
 .debug_line    0x00001079      0x1c0 build_F411RE/uart_debug.o
 .debug_line    0x00001239      0x8fe build_F411RE/mpu_i2c.o
 .debug_line    0x00001b37       0x8a build_F411RE/startup_stm32f411xe.o

.debug_str      0x00000000      0xdff
 .debug_str     0x00000000      0xdff build_F411RE/system_stm32f4xx.o
                                0x362 (size before relaxing)
 .debug_str     0x00000dff      0x202 build_F411RE/sysmem.o
 .debug_str     0x00000dff      0x2a5 build_F411RE/main.o
 .debug_str     0x00000dff      0x8c6 build_F411RE/init.o
 .debug_str     0x00000dff      0x289 build_F411RE/it_handlers.o
 .debug_str     0x00000dff      0x390 build_F411RE/utils.o
 .debug_str     0x00000dff      0x2ff build_F411RE/uart_debug.o
 .debug_str     0x00000dff      0x47b build_F411RE/mpu_i2c.o
 .debug_str     0x00000dff       0x6d build_F411RE/startup_stm32f411xe.o

.comment        0x00000000       0x45
 .comment       0x00000000       0x45 build_F411RE/system_stm32f4xx.o
                                 0x46 (size before relaxing)
 .comment       0x00000045       0x46 build_F411RE/sysmem.o
 .comment       0x00000045       0x46 build_F411RE/main.o
 .comment       0x00000045       0x46 build_F411RE/init.o
 .comment       0x00000045       0x46 build_F411RE/it_handlers.o
 .comment       0x00000045       0x46 build_F411RE/utils.o
 .comment       0x00000045       0x46 build_F411RE/uart_debug.o
 .comment       0x00000045       0x46 build_F411RE/mpu_i2c.o

.debug_frame    0x00000000      0xa8c
 .debug_frame   0x00000000       0x30 build_F411RE/system_stm32f4xx.o
 .debug_frame   0x00000030       0x28 build_F411RE/sysmem.o
 .debug_frame   0x00000058       0x28 build_F411RE/main.o
 .debug_frame   0x00000080       0x88 build_F411RE/init.o
 .debug_frame   0x00000108       0x40 build_F411RE/it_handlers.o
 .debug_frame   0x00000148      0x144 build_F411RE/utils.o
 .debug_frame   0x0000028c       0x48 build_F411RE/uart_debug.o
 .debug_frame   0x000002d4      0x1a0 build_F411RE/mpu_i2c.o
 .debug_frame   0x00000474      0x144 C:/SysGCC/arm-eabi/bin/../lib/gcc/arm-none-eabi/13.3.1/thumb/v7e-m+fp/hard\libc_nano.a(libc_a-findfp.o)
 .debug_frame   0x000005b8       0x74 C:/SysGCC/arm-eabi/bin/../lib/gcc/arm-none-eabi/13.3.1/thumb/v7e-m+fp/hard\libc_nano.a(libc_a-sprintf.o)
 .debug_frame   0x0000062c       0x38 C:/SysGCC/arm-eabi/bin/../lib/gcc/arm-none-eabi/13.3.1/thumb/v7e-m+fp/hard\libc_nano.a(libc_a-reent.o)
 .debug_frame   0x00000664       0x20 C:/SysGCC/arm-eabi/bin/../lib/gcc/arm-none-eabi/13.3.1/thumb/v7e-m+fp/hard\libc_nano.a(libc_a-errno.o)
 .debug_frame   0x00000684       0x2c C:/SysGCC/arm-eabi/bin/../lib/gcc/arm-none-eabi/13.3.1/thumb/v7e-m+fp/hard\libc_nano.a(libc_a-init.o)
 .debug_frame   0x000006b0       0xb0 C:/SysGCC/arm-eabi/bin/../lib/gcc/arm-none-eabi/13.3.1/thumb/v7e-m+fp/hard\libc_nano.a(libc_a-lock.o)
 .debug_frame   0x00000760       0x38 C:/SysGCC/arm-eabi/bin/../lib/gcc/arm-none-eabi/13.3.1/thumb/v7e-m+fp/hard\libc_nano.a(libc_a-freer.o)
 .debug_frame   0x00000798       0x50 C:/SysGCC/arm-eabi/bin/../lib/gcc/arm-none-eabi/13.3.1/thumb/v7e-m+fp/hard\libc_nano.a(libc_a-mallocr.o)
 .debug_frame   0x000007e8       0x30 C:/SysGCC/arm-eabi/bin/../lib/gcc/arm-none-eabi/13.3.1/thumb/v7e-m+fp/hard\libc_nano.a(libc_a-mlock.o)
 .debug_frame   0x00000818       0x90 C:/SysGCC/arm-eabi/bin/../lib/gcc/arm-none-eabi/13.3.1/thumb/v7e-m+fp/hard\libc_nano.a(libc_a-nano-svfprintf.o)
 .debug_frame   0x000008a8       0x60 C:/SysGCC/arm-eabi/bin/../lib/gcc/arm-none-eabi/13.3.1/thumb/v7e-m+fp/hard\libc_nano.a(libc_a-nano-vfprintf_i.o)
 .debug_frame   0x00000908       0x28 C:/SysGCC/arm-eabi/bin/../lib/gcc/arm-none-eabi/13.3.1/thumb/v7e-m+fp/hard\libc_nano.a(libc_a-memmove.o)
 .debug_frame   0x00000930       0x2c C:/SysGCC/arm-eabi/bin/../lib/gcc/arm-none-eabi/13.3.1/thumb/v7e-m+fp/hard\libc_nano.a(libc_a-sbrkr.o)
 .debug_frame   0x0000095c       0x28 C:/SysGCC/arm-eabi/bin/../lib/gcc/arm-none-eabi/13.3.1/thumb/v7e-m+fp/hard\libc_nano.a(libc_a-memcpy-stub.o)
 .debug_frame   0x00000984       0x3c C:/SysGCC/arm-eabi/bin/../lib/gcc/arm-none-eabi/13.3.1/thumb/v7e-m+fp/hard\libc_nano.a(libc_a-reallocr.o)
 .debug_frame   0x000009c0       0x20 C:/SysGCC/arm-eabi/bin/../lib/gcc/arm-none-eabi/13.3.1/thumb/v7e-m+fp/hard\libc_nano.a(libc_a-msizer.o)
 .debug_frame   0x000009e0       0xac C:/SysGCC/arm-eabi/bin/../lib/gcc/arm-none-eabi/13.3.1/thumb/v7e-m+fp/hard\libgcc.a(_arm_addsubdf3.o)

.debug_line_str
                0x00000000      0x1af
 .debug_line_str
                0x00000000      0x1af C:/SysGCC/arm-eabi/bin/../lib/gcc/arm-none-eabi/13.3.1/thumb/v7e-m+fp/hard\libc_nano.a(libc_a-memchr.o)
                                 0xe1 (size before relaxing)
 .debug_line_str
                0x000001af       0xce C:/SysGCC/arm-eabi/bin/../lib/gcc/arm-none-eabi/13.3.1/thumb/v7e-m+fp/hard\libgcc.a(_arm_addsubdf3.o)

Cross Reference Table

Symbol                                            File
ADC_IRQHandler                                    build_F411RE/startup_stm32f411xe.o
AHBPrescTable                                     build_F411RE/system_stm32f4xx.o
APBPrescTable                                     build_F411RE/system_stm32f4xx.o
BusFault_Handler                                  build_F411RE/startup_stm32f411xe.o
DMA1_Stream0_IRQHandler                           build_F411RE/startup_stm32f411xe.o
DMA1_Stream1_IRQHandler                           build_F411RE/startup_stm32f411xe.o
DMA1_Stream2_IRQHandler                           build_F411RE/startup_stm32f411xe.o
DMA1_Stream3_IRQHandler                           build_F411RE/startup_stm32f411xe.o
DMA1_Stream4_IRQHandler                           build_F411RE/startup_stm32f411xe.o
DMA1_Stream5_IRQHandler                           build_F411RE/startup_stm32f411xe.o
DMA1_Stream6_IRQHandler                           build_F411RE/startup_stm32f411xe.o
DMA1_Stream7_IRQHandler                           build_F411RE/startup_stm32f411xe.o
DMA2_Stream0_IRQHandler                           build_F411RE/startup_stm32f411xe.o
DMA2_Stream1_IRQHandler                           build_F411RE/startup_stm32f411xe.o
DMA2_Stream2_IRQHandler                           build_F411RE/startup_stm32f411xe.o
DMA2_Stream3_IRQHandler                           build_F411RE/startup_stm32f411xe.o
DMA2_Stream4_IRQHandler                           build_F411RE/startup_stm32f411xe.o
DMA2_Stream5_IRQHandler                           build_F411RE/startup_stm32f411xe.o
DMA2_Stream6_IRQHandler                           build_F411RE/startup_stm32f411xe.o
DMA2_Stream7_IRQHandler                           build_F411RE/startup_stm32f411xe.o
DebugMon_Handler                                  build_F411RE/startup_stm32f411xe.o
Default_Handler                                   build_F411RE/startup_stm32f411xe.o
EXTI0_IRQHandler                                  build_F411RE/startup_stm32f411xe.o
EXTI15_10_IRQHandler                              build_F411RE/it_handlers.o
EXTI1_IRQHandler                                  build_F411RE/startup_stm32f411xe.o
EXTI2_IRQHandler                                  build_F411RE/startup_stm32f411xe.o
EXTI3_IRQHandler                                  build_F411RE/startup_stm32f411xe.o
EXTI4_IRQHandler                                  build_F411RE/startup_stm32f411xe.o
EXTI9_5_IRQHandler                                build_F411RE/it_handlers.o
FLASH_IRQHandler                                  build_F411RE/startup_stm32f411xe.o
FPU_IRQHandler                                    build_F411RE/startup_stm32f411xe.o
GPIO_Init_Ports                                   build_F411RE/init.o
                                                  build_F411RE/main.o
HardFault_Handler                                 build_F411RE/startup_stm32f411xe.o
I2C1_ER_IRQHandler                                build_F411RE/startup_stm32f411xe.o
I2C1_EV_IRQHandler                                build_F411RE/startup_stm32f411xe.o
I2C2_ER_IRQHandler                                build_F411RE/startup_stm32f411xe.o
I2C2_EV_IRQHandler                                build_F411RE/startup_stm32f411xe.o
I2C3_ER_IRQHandler                                build_F411RE/startup_stm32f411xe.o
I2C3_EV_IRQHandler                                build_F411RE/startup_stm32f411xe.o
I2C_Address                                       build_F411RE/mpu_i2c.o
I2C_Init_HW                                       build_F411RE/mpu_i2c.o
I2C_Read                                          build_F411RE/mpu_i2c.o
I2C_Start                                         build_F411RE/mpu_i2c.o
I2C_Stop                                          build_F411RE/mpu_i2c.o
I2C_Wait                                          build_F411RE/mpu_i2c.o
I2C_Write                                         build_F411RE/mpu_i2c.o
ITR_Init                                          build_F411RE/init.o
                                                  build_F411RE/main.o
MPU_Calibrate                                     build_F411RE/mpu_i2c.o
MPU_Debug_Print                                   build_F411RE/mpu_i2c.o
                                                  build_F411RE/main.o
MPU_GetYaw                                        build_F411RE/mpu_i2c.o
MPU_GetYawRate                                    build_F411RE/mpu_i2c.o
MPU_Init                                          build_F411RE/mpu_i2c.o
MPU_Read                                          build_F411RE/mpu_i2c.o
MPU_Update                                        build_F411RE/mpu_i2c.o
                                                  build_F411RE/main.o
MPU_Write                                         build_F411RE/mpu_i2c.o
MemManage_Handler                                 build_F411RE/startup_stm32f411xe.o
NMI_Handler                                       build_F411RE/startup_stm32f411xe.o
OTG_FS_IRQHandler                                 build_F411RE/startup_stm32f411xe.o
OTG_FS_WKUP_IRQHandler                            build_F411RE/startup_stm32f411xe.o
PID                                               build_F411RE/utils.o
PID_Reset                                         build_F411RE/utils.o
PVD_IRQHandler                                    build_F411RE/startup_stm32f411xe.o
PWM_Left                                          build_F411RE/utils.o
PWM_Right                                         build_F411RE/utils.o
PendSV_Handler                                    build_F411RE/startup_stm32f411xe.o
RCC_IRQHandler                                    build_F411RE/startup_stm32f411xe.o
RCC_Init                                          build_F411RE/init.o
                                                  build_F411RE/main.o
RTC_Alarm_IRQHandler                              build_F411RE/startup_stm32f411xe.o
RTC_WKUP_IRQHandler                               build_F411RE/startup_stm32f411xe.o
Reset_Handler                                     build_F411RE/startup_stm32f411xe.o
SDIO_IRQHandler                                   build_F411RE/startup_stm32f411xe.o
SPI1_IRQHandler                                   build_F411RE/startup_stm32f411xe.o
SPI2_IRQHandler                                   build_F411RE/startup_stm32f411xe.o
SPI3_IRQHandler                                   build_F411RE/startup_stm32f411xe.o
SPI4_IRQHandler                                   build_F411RE/startup_stm32f411xe.o
SPI5_IRQHandler                                   build_F411RE/startup_stm32f411xe.o
SVC_Handler                                       build_F411RE/startup_stm32f411xe.o
SysTick_Handler                                   build_F411RE/it_handlers.o
SysTick_Init                                      build_F411RE/init.o
                                                  build_F411RE/main.o
SystemCoreClock                                   build_F411RE/system_stm32f4xx.o
SystemCoreClockUpdate                             build_F411RE/system_stm32f4xx.o
SystemInit                                        build_F411RE/system_stm32f4xx.o
                                                  build_F411RE/startup_stm32f411xe.o
TAMP_STAMP_IRQHandler                             build_F411RE/startup_stm32f411xe.o
TIM1_BRK_TIM9_IRQHandler                          build_F411RE/startup_stm32f411xe.o
TIM1_CC_IRQHandler                                build_F411RE/startup_stm32f411xe.o
TIM1_PWM_Init                                     build_F411RE/init.o
                                                  build_F411RE/main.o
TIM1_TRG_COM_TIM11_IRQHandler                     build_F411RE/startup_stm32f411xe.o
TIM1_UP_TIM10_IRQHandler                          build_F411RE/startup_stm32f411xe.o
TIM2_IRQHandler                                   build_F411RE/startup_stm32f411xe.o
TIM3_IRQHandler                                   build_F411RE/startup_stm32f411xe.o
TIM4_IRQHandler                                   build_F411RE/startup_stm32f411xe.o
TIM5_IRQHandler                                   build_F411RE/startup_stm32f411xe.o
UART_Init                                         build_F411RE/uart_debug.o
                                                  build_F411RE/main.o
UART_SendChar                                     build_F411RE/uart_debug.o
                                                  build_F411RE/mpu_i2c.o
UART_SendString                                   build_F411RE/uart_debug.o
USART1_IRQHandler                                 build_F411RE/startup_stm32f411xe.o
USART2_IRQHandler                                 build_F411RE/startup_stm32f411xe.o
USART6_IRQHandler                                 build_F411RE/startup_stm32f411xe.o
UsageFault_Handler                                build_F411RE/startup_stm32f411xe.o
WWDG_IRQHandler                                   build_F411RE/startup_stm32f411xe.o
_ITM_deregisterTMCloneTable                       C:/SysGCC/arm-eabi/bin/../lib/gcc/arm-none-eabi/13.3.1/thumb/v7e-m+fp/hard/crtbegin.o
_ITM_registerTMCloneTable                         C:/SysGCC/arm-eabi/bin/../lib/gcc/arm-none-eabi/13.3.1/thumb/v7e-m+fp/hard/crtbegin.o
_Min_Stack_Size                                   build_F411RE/sysmem.o
__TMC_END__                                       C:/SysGCC/arm-eabi/bin/../lib/gcc/arm-none-eabi/13.3.1/thumb/v7e-m+fp/hard/crtend.o
                                                  C:/SysGCC/arm-eabi/bin/../lib/gcc/arm-none-eabi/13.3.1/thumb/v7e-m+fp/hard/crtbegin.o
__adddf3                                          C:/SysGCC/arm-eabi/bin/../lib/gcc/arm-none-eabi/13.3.1/thumb/v7e-m+fp/hard\libgcc.a(_arm_addsubdf3.o)
__aeabi_dadd                                      C:/SysGCC/arm-eabi/bin/../lib/gcc/arm-none-eabi/13.3.1/thumb/v7e-m+fp/hard\libgcc.a(_arm_addsubdf3.o)
__aeabi_drsub                                     C:/SysGCC/arm-eabi/bin/../lib/gcc/arm-none-eabi/13.3.1/thumb/v7e-m+fp/hard\libgcc.a(_arm_addsubdf3.o)
__aeabi_dsub                                      C:/SysGCC/arm-eabi/bin/../lib/gcc/arm-none-eabi/13.3.1/thumb/v7e-m+fp/hard\libgcc.a(_arm_addsubdf3.o)
__aeabi_f2d                                       C:/SysGCC/arm-eabi/bin/../lib/gcc/arm-none-eabi/13.3.1/thumb/v7e-m+fp/hard\libgcc.a(_arm_addsubdf3.o)
                                                  build_F411RE/mpu_i2c.o
__aeabi_i2d                                       C:/SysGCC/arm-eabi/bin/../lib/gcc/arm-none-eabi/13.3.1/thumb/v7e-m+fp/hard\libgcc.a(_arm_addsubdf3.o)
__aeabi_l2d                                       C:/SysGCC/arm-eabi/bin/../lib/gcc/arm-none-eabi/13.3.1/thumb/v7e-m+fp/hard\libgcc.a(_arm_addsubdf3.o)
__aeabi_ui2d                                      C:/SysGCC/arm-eabi/bin/../lib/gcc/arm-none-eabi/13.3.1/thumb/v7e-m+fp/hard\libgcc.a(_arm_addsubdf3.o)
__aeabi_ul2d                                      C:/SysGCC/arm-eabi/bin/../lib/gcc/arm-none-eabi/13.3.1/thumb/v7e-m+fp/hard\libgcc.a(_arm_addsubdf3.o)
__bss_end__                                       C:/SysGCC/arm-eabi/bin/../lib/gcc/arm-none-eabi/13.3.1/thumb/v7e-m+fp/hard/crt0.o
__bss_start__                                     C:/SysGCC/arm-eabi/bin/../lib/gcc/arm-none-eabi/13.3.1/thumb/v7e-m+fp/hard/crt0.o
__call_exitprocs                                  C:/SysGCC/arm-eabi/bin/../lib/gcc/arm-none-eabi/13.3.1/thumb/v7e-m+fp/hard\libc_nano.a(libc_a-exit.o)
__deregister_frame_info                           C:/SysGCC/arm-eabi/bin/../lib/gcc/arm-none-eabi/13.3.1/thumb/v7e-m+fp/hard/crtbegin.o
__dso_handle                                      C:/SysGCC/arm-eabi/bin/../lib/gcc/arm-none-eabi/13.3.1/thumb/v7e-m+fp/hard/crtbegin.o
__env                                             build_F411RE/syscalls.o
__errno                                           C:/SysGCC/arm-eabi/bin/../lib/gcc/arm-none-eabi/13.3.1/thumb/v7e-m+fp/hard\libc_nano.a(libc_a-errno.o)
                                                  build_F411RE/sysmem.o
                                                  build_F411RE/syscalls.o
__extendsfdf2                                     C:/SysGCC/arm-eabi/bin/../lib/gcc/arm-none-eabi/13.3.1/thumb/v7e-m+fp/hard\libgcc.a(_arm_addsubdf3.o)
__floatdidf                                       C:/SysGCC/arm-eabi/bin/../lib/gcc/arm-none-eabi/13.3.1/thumb/v7e-m+fp/hard\libgcc.a(_arm_addsubdf3.o)
__floatsidf                                       C:/SysGCC/arm-eabi/bin/../lib/gcc/arm-none-eabi/13.3.1/thumb/v7e-m+fp/hard\libgcc.a(_arm_addsubdf3.o)
__floatundidf                                     C:/SysGCC/arm-eabi/bin/../lib/gcc/arm-none-eabi/13.3.1/thumb/v7e-m+fp/hard\libgcc.a(_arm_addsubdf3.o)
__floatunsidf                                     C:/SysGCC/arm-eabi/bin/../lib/gcc/arm-none-eabi/13.3.1/thumb/v7e-m+fp/hard\libgcc.a(_arm_addsubdf3.o)
__fp_lock_all                                     C:/SysGCC/arm-eabi/bin/../lib/gcc/arm-none-eabi/13.3.1/thumb/v7e-m+fp/hard\libc_nano.a(libc_a-findfp.o)
__fp_unlock_all                                   C:/SysGCC/arm-eabi/bin/../lib/gcc/arm-none-eabi/13.3.1/thumb/v7e-m+fp/hard\libc_nano.a(libc_a-findfp.o)
__init_array_end                                  C:/SysGCC/arm-eabi/bin/../lib/gcc/arm-none-eabi/13.3.1/thumb/v7e-m+fp/hard\libc_nano.a(libc_a-init.o)
__init_array_start                                C:/SysGCC/arm-eabi/bin/../lib/gcc/arm-none-eabi/13.3.1/thumb/v7e-m+fp/hard\libc_nano.a(libc_a-init.o)
__io_getchar                                      build_F411RE/syscalls.o
__io_putchar                                      build_F411RE/syscalls.o
__libc_fini_array                                 C:/SysGCC/arm-eabi/bin/../lib/gcc/arm-none-eabi/13.3.1/thumb/v7e-m+fp/hard/crt0.o
__libc_init_array                                 C:/SysGCC/arm-eabi/bin/../lib/gcc/arm-none-eabi/13.3.1/thumb/v7e-m+fp/hard\libc_nano.a(libc_a-init.o)
                                                  build_F411RE/startup_stm32f411xe.o
                                                  C:/SysGCC/arm-eabi/bin/../lib/gcc/arm-none-eabi/13.3.1/thumb/v7e-m+fp/hard/crt0.o
__lock___arc4random_mutex                         C:/SysGCC/arm-eabi/bin/../lib/gcc/arm-none-eabi/13.3.1/thumb/v7e-m+fp/hard\libc_nano.a(libc_a-lock.o)
__lock___at_quick_exit_mutex                      C:/SysGCC/arm-eabi/bin/../lib/gcc/arm-none-eabi/13.3.1/thumb/v7e-m+fp/hard\libc_nano.a(libc_a-lock.o)
__lock___atexit_recursive_mutex                   C:/SysGCC/arm-eabi/bin/../lib/gcc/arm-none-eabi/13.3.1/thumb/v7e-m+fp/hard\libc_nano.a(libc_a-lock.o)
__lock___dd_hash_mutex                            C:/SysGCC/arm-eabi/bin/../lib/gcc/arm-none-eabi/13.3.1/thumb/v7e-m+fp/hard\libc_nano.a(libc_a-lock.o)
__lock___env_recursive_mutex                      C:/SysGCC/arm-eabi/bin/../lib/gcc/arm-none-eabi/13.3.1/thumb/v7e-m+fp/hard\libc_nano.a(libc_a-lock.o)
__lock___malloc_recursive_mutex                   C:/SysGCC/arm-eabi/bin/../lib/gcc/arm-none-eabi/13.3.1/thumb/v7e-m+fp/hard\libc_nano.a(libc_a-lock.o)
                                                  C:/SysGCC/arm-eabi/bin/../lib/gcc/arm-none-eabi/13.3.1/thumb/v7e-m+fp/hard\libc_nano.a(libc_a-mlock.o)
__lock___sfp_recursive_mutex                      C:/SysGCC/arm-eabi/bin/../lib/gcc/arm-none-eabi/13.3.1/thumb/v7e-m+fp/hard\libc_nano.a(libc_a-lock.o)
                                                  C:/SysGCC/arm-eabi/bin/../lib/gcc/arm-none-eabi/13.3.1/thumb/v7e-m+fp/hard\libc_nano.a(libc_a-findfp.o)
__lock___tz_mutex                                 C:/SysGCC/arm-eabi/bin/../lib/gcc/arm-none-eabi/13.3.1/thumb/v7e-m+fp/hard\libc_nano.a(libc_a-lock.o)
__malloc_free_list                                C:/SysGCC/arm-eabi/bin/../lib/gcc/arm-none-eabi/13.3.1/thumb/v7e-m+fp/hard\libc_nano.a(libc_a-mallocr.o)
                                                  C:/SysGCC/arm-eabi/bin/../lib/gcc/arm-none-eabi/13.3.1/thumb/v7e-m+fp/hard\libc_nano.a(libc_a-freer.o)
__malloc_lock                                     C:/SysGCC/arm-eabi/bin/../lib/gcc/arm-none-eabi/13.3.1/thumb/v7e-m+fp/hard\libc_nano.a(libc_a-mlock.o)
                                                  C:/SysGCC/arm-eabi/bin/../lib/gcc/arm-none-eabi/13.3.1/thumb/v7e-m+fp/hard\libc_nano.a(libc_a-mallocr.o)
                                                  C:/SysGCC/arm-eabi/bin/../lib/gcc/arm-none-eabi/13.3.1/thumb/v7e-m+fp/hard\libc_nano.a(libc_a-freer.o)
__malloc_sbrk_start                               C:/SysGCC/arm-eabi/bin/../lib/gcc/arm-none-eabi/13.3.1/thumb/v7e-m+fp/hard\libc_nano.a(libc_a-mallocr.o)
__malloc_unlock                                   C:/SysGCC/arm-eabi/bin/../lib/gcc/arm-none-eabi/13.3.1/thumb/v7e-m+fp/hard\libc_nano.a(libc_a-mlock.o)
                                                  C:/SysGCC/arm-eabi/bin/../lib/gcc/arm-none-eabi/13.3.1/thumb/v7e-m+fp/hard\libc_nano.a(libc_a-mallocr.o)
                                                  C:/SysGCC/arm-eabi/bin/../lib/gcc/arm-none-eabi/13.3.1/thumb/v7e-m+fp/hard\libc_nano.a(libc_a-freer.o)
__preinit_array_end                               C:/SysGCC/arm-eabi/bin/../lib/gcc/arm-none-eabi/13.3.1/thumb/v7e-m+fp/hard\libc_nano.a(libc_a-init.o)
__preinit_array_start                             C:/SysGCC/arm-eabi/bin/../lib/gcc/arm-none-eabi/13.3.1/thumb/v7e-m+fp/hard\libc_nano.a(libc_a-init.o)
__register_frame_info                             C:/SysGCC/arm-eabi/bin/../lib/gcc/arm-none-eabi/13.3.1/thumb/v7e-m+fp/hard/crtbegin.o
__retarget_lock_acquire                           C:/SysGCC/arm-eabi/bin/../lib/gcc/arm-none-eabi/13.3.1/thumb/v7e-m+fp/hard\libc_nano.a(libc_a-lock.o)
__retarget_lock_acquire_recursive                 C:/SysGCC/arm-eabi/bin/../lib/gcc/arm-none-eabi/13.3.1/thumb/v7e-m+fp/hard\libc_nano.a(libc_a-lock.o)
                                                  C:/SysGCC/arm-eabi/bin/../lib/gcc/arm-none-eabi/13.3.1/thumb/v7e-m+fp/hard\libc_nano.a(libc_a-fflush.o)
                                                  C:/SysGCC/arm-eabi/bin/../lib/gcc/arm-none-eabi/13.3.1/thumb/v7e-m+fp/hard\libc_nano.a(libc_a-mlock.o)
                                                  C:/SysGCC/arm-eabi/bin/../lib/gcc/arm-none-eabi/13.3.1/thumb/v7e-m+fp/hard\libc_nano.a(libc_a-findfp.o)
__retarget_lock_close                             C:/SysGCC/arm-eabi/bin/../lib/gcc/arm-none-eabi/13.3.1/thumb/v7e-m+fp/hard\libc_nano.a(libc_a-lock.o)
__retarget_lock_close_recursive                   C:/SysGCC/arm-eabi/bin/../lib/gcc/arm-none-eabi/13.3.1/thumb/v7e-m+fp/hard\libc_nano.a(libc_a-lock.o)
__retarget_lock_init                              C:/SysGCC/arm-eabi/bin/../lib/gcc/arm-none-eabi/13.3.1/thumb/v7e-m+fp/hard\libc_nano.a(libc_a-lock.o)
__retarget_lock_init_recursive                    C:/SysGCC/arm-eabi/bin/../lib/gcc/arm-none-eabi/13.3.1/thumb/v7e-m+fp/hard\libc_nano.a(libc_a-lock.o)
                                                  C:/SysGCC/arm-eabi/bin/../lib/gcc/arm-none-eabi/13.3.1/thumb/v7e-m+fp/hard\libc_nano.a(libc_a-findfp.o)
__retarget_lock_release                           C:/SysGCC/arm-eabi/bin/../lib/gcc/arm-none-eabi/13.3.1/thumb/v7e-m+fp/hard\libc_nano.a(libc_a-lock.o)
__retarget_lock_release_recursive                 C:/SysGCC/arm-eabi/bin/../lib/gcc/arm-none-eabi/13.3.1/thumb/v7e-m+fp/hard\libc_nano.a(libc_a-lock.o)
                                                  C:/SysGCC/arm-eabi/bin/../lib/gcc/arm-none-eabi/13.3.1/thumb/v7e-m+fp/hard\libc_nano.a(libc_a-fflush.o)
                                                  C:/SysGCC/arm-eabi/bin/../lib/gcc/arm-none-eabi/13.3.1/thumb/v7e-m+fp/hard\libc_nano.a(libc_a-mlock.o)
                                                  C:/SysGCC/arm-eabi/bin/../lib/gcc/arm-none-eabi/13.3.1/thumb/v7e-m+fp/hard\libc_nano.a(libc_a-findfp.o)
__retarget_lock_try_acquire                       C:/SysGCC/arm-eabi/bin/../lib/gcc/arm-none-eabi/13.3.1/thumb/v7e-m+fp/hard\libc_nano.a(libc_a-lock.o)
__retarget_lock_try_acquire_recursive             C:/SysGCC/arm-eabi/bin/../lib/gcc/arm-none-eabi/13.3.1/thumb/v7e-m+fp/hard\libc_nano.a(libc_a-lock.o)
__sclose                                          C:/SysGCC/arm-eabi/bin/../lib/gcc/arm-none-eabi/13.3.1/thumb/v7e-m+fp/hard\libc_nano.a(libc_a-stdio.o)
                                                  C:/SysGCC/arm-eabi/bin/../lib/gcc/arm-none-eabi/13.3.1/thumb/v7e-m+fp/hard\libc_nano.a(libc_a-findfp.o)
__seofread                                        C:/SysGCC/arm-eabi/bin/../lib/gcc/arm-none-eabi/13.3.1/thumb/v7e-m+fp/hard\libc_nano.a(libc_a-stdio.o)
__sf                                              C:/SysGCC/arm-eabi/bin/../lib/gcc/arm-none-eabi/13.3.1/thumb/v7e-m+fp/hard\libc_nano.a(libc_a-findfp.o)
                                                  C:/SysGCC/arm-eabi/bin/../lib/gcc/arm-none-eabi/13.3.1/thumb/v7e-m+fp/hard\libc_nano.a(libc_a-impure.o)
__sflush_r                                        C:/SysGCC/arm-eabi/bin/../lib/gcc/arm-none-eabi/13.3.1/thumb/v7e-m+fp/hard\libc_nano.a(libc_a-fflush.o)
__sfp                                             C:/SysGCC/arm-eabi/bin/../lib/gcc/arm-none-eabi/13.3.1/thumb/v7e-m+fp/hard\libc_nano.a(libc_a-findfp.o)
__sfp_lock_acquire                                C:/SysGCC/arm-eabi/bin/../lib/gcc/arm-none-eabi/13.3.1/thumb/v7e-m+fp/hard\libc_nano.a(libc_a-findfp.o)
__sfp_lock_release                                C:/SysGCC/arm-eabi/bin/../lib/gcc/arm-none-eabi/13.3.1/thumb/v7e-m+fp/hard\libc_nano.a(libc_a-findfp.o)
__sglue                                           C:/SysGCC/arm-eabi/bin/../lib/gcc/arm-none-eabi/13.3.1/thumb/v7e-m+fp/hard\libc_nano.a(libc_a-findfp.o)
                                                  C:/SysGCC/arm-eabi/bin/../lib/gcc/arm-none-eabi/13.3.1/thumb/v7e-m+fp/hard\libc_nano.a(libc_a-fflush.o)
__sinit                                           C:/SysGCC/arm-eabi/bin/../lib/gcc/arm-none-eabi/13.3.1/thumb/v7e-m+fp/hard\libc_nano.a(libc_a-findfp.o)
                                                  C:/SysGCC/arm-eabi/bin/../lib/gcc/arm-none-eabi/13.3.1/thumb/v7e-m+fp/hard\libc_nano.a(libc_a-fflush.o)
__sread                                           C:/SysGCC/arm-eabi/bin/../lib/gcc/arm-none-eabi/13.3.1/thumb/v7e-m+fp/hard\libc_nano.a(libc_a-stdio.o)
                                                  C:/SysGCC/arm-eabi/bin/../lib/gcc/arm-none-eabi/13.3.1/thumb/v7e-m+fp/hard\libc_nano.a(libc_a-findfp.o)
__sseek                                           C:/SysGCC/arm-eabi/bin/../lib/gcc/arm-none-eabi/13.3.1/thumb/v7e-m+fp/hard\libc_nano.a(libc_a-stdio.o)
                                                  C:/SysGCC/arm-eabi/bin/../lib/gcc/arm-none-eabi/13.3.1/thumb/v7e-m+fp/hard\libc_nano.a(libc_a-findfp.o)
__ssprint_r                                       C:/SysGCC/arm-eabi/bin/../lib/gcc/arm-none-eabi/13.3.1/thumb/v7e-m+fp/hard\libc_nano.a(libc_a-nano-svfprintf.o)
__ssputs_r                                        C:/SysGCC/arm-eabi/bin/../lib/gcc/arm-none-eabi/13.3.1/thumb/v7e-m+fp/hard\libc_nano.a(libc_a-nano-svfprintf.o)
__stack                                           C:/SysGCC/arm-eabi/bin/../lib/gcc/arm-none-eabi/13.3.1/thumb/v7e-m+fp/hard/crt0.o
__stdio_exit_handler                              C:/SysGCC/arm-eabi/bin/../lib/gcc/arm-none-eabi/13.3.1/thumb/v7e-m+fp/hard\libc_nano.a(libc_a-findfp.o)
                                                  C:/SysGCC/arm-eabi/bin/../lib/gcc/arm-none-eabi/13.3.1/thumb/v7e-m+fp/hard\libc_nano.a(libc_a-exit.o)
__subdf3                                          C:/SysGCC/arm-eabi/bin/../lib/gcc/arm-none-eabi/13.3.1/thumb/v7e-m+fp/hard\libgcc.a(_arm_addsubdf3.o)
__swrite                                          C:/SysGCC/arm-eabi/bin/../lib/gcc/arm-none-eabi/13.3.1/thumb/v7e-m+fp/hard\libc_nano.a(libc_a-stdio.o)
                                                  C:/SysGCC/arm-eabi/bin/../lib/gcc/arm-none-eabi/13.3.1/thumb/v7e-m+fp/hard\libc_nano.a(libc_a-findfp.o)
_close                                            build_F411RE/syscalls.o
                                                  C:/SysGCC/arm-eabi/bin/../lib/gcc/arm-none-eabi/13.3.1/thumb/v7e-m+fp/hard\libc_nano.a(libc_a-closer.o)
_close_r                                          C:/SysGCC/arm-eabi/bin/../lib/gcc/arm-none-eabi/13.3.1/thumb/v7e-m+fp/hard\libc_nano.a(libc_a-closer.o)
                                                  C:/SysGCC/arm-eabi/bin/../lib/gcc/arm-none-eabi/13.3.1/thumb/v7e-m+fp/hard\libc_nano.a(libc_a-stdio.o)
_ebss                                             build_F411RE/startup_stm32f411xe.o
_edata                                            build_F411RE/startup_stm32f411xe.o
_end                                              build_F411RE/sysmem.o
_estack                                           build_F411RE/startup_stm32f411xe.o
                                                  build_F411RE/sysmem.o
_execve                                           build_F411RE/syscalls.o
_exit                                             build_F411RE/syscalls.o
                                                  C:/SysGCC/arm-eabi/bin/../lib/gcc/arm-none-eabi/13.3.1/thumb/v7e-m+fp/hard\libc_nano.a(libc_a-exit.o)
_fflush_r                                         C:/SysGCC/arm-eabi/bin/../lib/gcc/arm-none-eabi/13.3.1/thumb/v7e-m+fp/hard\libc_nano.a(libc_a-fflush.o)
                                                  C:/SysGCC/arm-eabi/bin/../lib/gcc/arm-none-eabi/13.3.1/thumb/v7e-m+fp/hard\libc_nano.a(libc_a-findfp.o)
_fini                                             C:/SysGCC/arm-eabi/bin/../lib/gcc/arm-none-eabi/13.3.1/thumb/v7e-m+fp/hard/crti.o
_fork                                             build_F411RE/syscalls.o
_free_r                                           C:/SysGCC/arm-eabi/bin/../lib/gcc/arm-none-eabi/13.3.1/thumb/v7e-m+fp/hard\libc_nano.a(libc_a-freer.o)
                                                  C:/SysGCC/arm-eabi/bin/../lib/gcc/arm-none-eabi/13.3.1/thumb/v7e-m+fp/hard\libc_nano.a(libc_a-reallocr.o)
                                                  C:/SysGCC/arm-eabi/bin/../lib/gcc/arm-none-eabi/13.3.1/thumb/v7e-m+fp/hard\libc_nano.a(libc_a-fflush.o)
                                                  C:/SysGCC/arm-eabi/bin/../lib/gcc/arm-none-eabi/13.3.1/thumb/v7e-m+fp/hard\libc_nano.a(libc_a-nano-svfprintf.o)
                                                  C:/SysGCC/arm-eabi/bin/../lib/gcc/arm-none-eabi/13.3.1/thumb/v7e-m+fp/hard\libc_nano.a(libc_a-reent.o)
_fstat                                            build_F411RE/syscalls.o
_fwalk_sglue                                      C:/SysGCC/arm-eabi/bin/../lib/gcc/arm-none-eabi/13.3.1/thumb/v7e-m+fp/hard\libc_nano.a(libc_a-fwalk.o)
                                                  C:/SysGCC/arm-eabi/bin/../lib/gcc/arm-none-eabi/13.3.1/thumb/v7e-m+fp/hard\libc_nano.a(libc_a-fflush.o)
                                                  C:/SysGCC/arm-eabi/bin/../lib/gcc/arm-none-eabi/13.3.1/thumb/v7e-m+fp/hard\libc_nano.a(libc_a-findfp.o)
_getpid                                           build_F411RE/syscalls.o
_impure_data                                      C:/SysGCC/arm-eabi/bin/../lib/gcc/arm-none-eabi/13.3.1/thumb/v7e-m+fp/hard\libc_nano.a(libc_a-impure.o)
                                                  C:/SysGCC/arm-eabi/bin/../lib/gcc/arm-none-eabi/13.3.1/thumb/v7e-m+fp/hard\libc_nano.a(libc_a-fflush.o)
                                                  C:/SysGCC/arm-eabi/bin/../lib/gcc/arm-none-eabi/13.3.1/thumb/v7e-m+fp/hard\libc_nano.a(libc_a-findfp.o)
_impure_ptr                                       C:/SysGCC/arm-eabi/bin/../lib/gcc/arm-none-eabi/13.3.1/thumb/v7e-m+fp/hard\libc_nano.a(libc_a-impure.o)
                                                  C:/SysGCC/arm-eabi/bin/../lib/gcc/arm-none-eabi/13.3.1/thumb/v7e-m+fp/hard\libc_nano.a(libc_a-fflush.o)
                                                  C:/SysGCC/arm-eabi/bin/../lib/gcc/arm-none-eabi/13.3.1/thumb/v7e-m+fp/hard\libc_nano.a(libc_a-errno.o)
                                                  C:/SysGCC/arm-eabi/bin/../lib/gcc/arm-none-eabi/13.3.1/thumb/v7e-m+fp/hard\libc_nano.a(libc_a-reent.o)
                                                  C:/SysGCC/arm-eabi/bin/../lib/gcc/arm-none-eabi/13.3.1/thumb/v7e-m+fp/hard\libc_nano.a(libc_a-sprintf.o)
_init                                             C:/SysGCC/arm-eabi/bin/../lib/gcc/arm-none-eabi/13.3.1/thumb/v7e-m+fp/hard/crti.o
                                                  C:/SysGCC/arm-eabi/bin/../lib/gcc/arm-none-eabi/13.3.1/thumb/v7e-m+fp/hard\libc_nano.a(libc_a-init.o)
_isatty                                           build_F411RE/syscalls.o
_kill                                             build_F411RE/syscalls.o
_link                                             build_F411RE/syscalls.o
_lseek                                            build_F411RE/syscalls.o
                                                  C:/SysGCC/arm-eabi/bin/../lib/gcc/arm-none-eabi/13.3.1/thumb/v7e-m+fp/hard\libc_nano.a(libc_a-lseekr.o)
_lseek_r                                          C:/SysGCC/arm-eabi/bin/../lib/gcc/arm-none-eabi/13.3.1/thumb/v7e-m+fp/hard\libc_nano.a(libc_a-lseekr.o)
                                                  C:/SysGCC/arm-eabi/bin/../lib/gcc/arm-none-eabi/13.3.1/thumb/v7e-m+fp/hard\libc_nano.a(libc_a-stdio.o)
_mainCRTStartup                                   C:/SysGCC/arm-eabi/bin/../lib/gcc/arm-none-eabi/13.3.1/thumb/v7e-m+fp/hard/crt0.o
_malloc_r                                         C:/SysGCC/arm-eabi/bin/../lib/gcc/arm-none-eabi/13.3.1/thumb/v7e-m+fp/hard\libc_nano.a(libc_a-mallocr.o)
                                                  C:/SysGCC/arm-eabi/bin/../lib/gcc/arm-none-eabi/13.3.1/thumb/v7e-m+fp/hard\libc_nano.a(libc_a-reallocr.o)
                                                  C:/SysGCC/arm-eabi/bin/../lib/gcc/arm-none-eabi/13.3.1/thumb/v7e-m+fp/hard\libc_nano.a(libc_a-nano-svfprintf.o)
                                                  C:/SysGCC/arm-eabi/bin/../lib/gcc/arm-none-eabi/13.3.1/thumb/v7e-m+fp/hard\libc_nano.a(libc_a-findfp.o)
_malloc_usable_size_r                             C:/SysGCC/arm-eabi/bin/../lib/gcc/arm-none-eabi/13.3.1/thumb/v7e-m+fp/hard\libc_nano.a(libc_a-msizer.o)
                                                  C:/SysGCC/arm-eabi/bin/../lib/gcc/arm-none-eabi/13.3.1/thumb/v7e-m+fp/hard\libc_nano.a(libc_a-reallocr.o)
_open                                             build_F411RE/syscalls.o
_printf_common                                    C:/SysGCC/arm-eabi/bin/../lib/gcc/arm-none-eabi/13.3.1/thumb/v7e-m+fp/hard\libc_nano.a(libc_a-nano-vfprintf_i.o)
_printf_float                                     C:/SysGCC/arm-eabi/bin/../lib/gcc/arm-none-eabi/13.3.1/thumb/v7e-m+fp/hard\libc_nano.a(libc_a-nano-svfprintf.o)
_printf_i                                         C:/SysGCC/arm-eabi/bin/../lib/gcc/arm-none-eabi/13.3.1/thumb/v7e-m+fp/hard\libc_nano.a(libc_a-nano-vfprintf_i.o)
                                                  C:/SysGCC/arm-eabi/bin/../lib/gcc/arm-none-eabi/13.3.1/thumb/v7e-m+fp/hard\libc_nano.a(libc_a-nano-svfprintf.o)
_read                                             build_F411RE/syscalls.o
                                                  C:/SysGCC/arm-eabi/bin/../lib/gcc/arm-none-eabi/13.3.1/thumb/v7e-m+fp/hard\libc_nano.a(libc_a-readr.o)
_read_r                                           C:/SysGCC/arm-eabi/bin/../lib/gcc/arm-none-eabi/13.3.1/thumb/v7e-m+fp/hard\libc_nano.a(libc_a-readr.o)
                                                  C:/SysGCC/arm-eabi/bin/../lib/gcc/arm-none-eabi/13.3.1/thumb/v7e-m+fp/hard\libc_nano.a(libc_a-stdio.o)
_realloc_r                                        C:/SysGCC/arm-eabi/bin/../lib/gcc/arm-none-eabi/13.3.1/thumb/v7e-m+fp/hard\libc_nano.a(libc_a-reallocr.o)
                                                  C:/SysGCC/arm-eabi/bin/../lib/gcc/arm-none-eabi/13.3.1/thumb/v7e-m+fp/hard\libc_nano.a(libc_a-nano-svfprintf.o)
_reclaim_reent                                    C:/SysGCC/arm-eabi/bin/../lib/gcc/arm-none-eabi/13.3.1/thumb/v7e-m+fp/hard\libc_nano.a(libc_a-reent.o)
_sbrk                                             build_F411RE/sysmem.o
                                                  C:/SysGCC/arm-eabi/bin/../lib/gcc/arm-none-eabi/13.3.1/thumb/v7e-m+fp/hard\libc_nano.a(libc_a-sbrkr.o)
_sbrk_r                                           C:/SysGCC/arm-eabi/bin/../lib/gcc/arm-none-eabi/13.3.1/thumb/v7e-m+fp/hard\libc_nano.a(libc_a-sbrkr.o)
                                                  C:/SysGCC/arm-eabi/bin/../lib/gcc/arm-none-eabi/13.3.1/thumb/v7e-m+fp/hard\libc_nano.a(libc_a-mallocr.o)
_sbss                                             build_F411RE/startup_stm32f411xe.o
_sdata                                            build_F411RE/startup_stm32f411xe.o
_sidata                                           build_F411RE/startup_stm32f411xe.o
_siprintf_r                                       C:/SysGCC/arm-eabi/bin/../lib/gcc/arm-none-eabi/13.3.1/thumb/v7e-m+fp/hard\libc_nano.a(libc_a-sprintf.o)
_sprintf_r                                        C:/SysGCC/arm-eabi/bin/../lib/gcc/arm-none-eabi/13.3.1/thumb/v7e-m+fp/hard\libc_nano.a(libc_a-sprintf.o)
_stack_init                                       C:/SysGCC/arm-eabi/bin/../lib/gcc/arm-none-eabi/13.3.1/thumb/v7e-m+fp/hard/crt0.o
_start                                            C:/SysGCC/arm-eabi/bin/../lib/gcc/arm-none-eabi/13.3.1/thumb/v7e-m+fp/hard/crt0.o
_stat                                             build_F411RE/syscalls.o
_svfiprintf_r                                     C:/SysGCC/arm-eabi/bin/../lib/gcc/arm-none-eabi/13.3.1/thumb/v7e-m+fp/hard\libc_nano.a(libc_a-nano-svfprintf.o)
_svfprintf_r                                      C:/SysGCC/arm-eabi/bin/../lib/gcc/arm-none-eabi/13.3.1/thumb/v7e-m+fp/hard\libc_nano.a(libc_a-nano-svfprintf.o)
                                                  C:/SysGCC/arm-eabi/bin/../lib/gcc/arm-none-eabi/13.3.1/thumb/v7e-m+fp/hard\libc_nano.a(libc_a-sprintf.o)
_times                                            build_F411RE/syscalls.o
_unlink                                           build_F411RE/syscalls.o
_wait                                             build_F411RE/syscalls.o
_write                                            build_F411RE/syscalls.o
                                                  C:/SysGCC/arm-eabi/bin/../lib/gcc/arm-none-eabi/13.3.1/thumb/v7e-m+fp/hard\libc_nano.a(libc_a-writer.o)
_write_r                                          C:/SysGCC/arm-eabi/bin/../lib/gcc/arm-none-eabi/13.3.1/thumb/v7e-m+fp/hard\libc_nano.a(libc_a-writer.o)
                                                  C:/SysGCC/arm-eabi/bin/../lib/gcc/arm-none-eabi/13.3.1/thumb/v7e-m+fp/hard\libc_nano.a(libc_a-stdio.o)
atexit                                            C:/SysGCC/arm-eabi/bin/../lib/gcc/arm-none-eabi/13.3.1/thumb/v7e-m+fp/hard/crt0.o
button_delay_counter                              build_F411RE/main.o
                                                  build_F411RE/it_handlers.o
constrainf                                        build_F411RE/utils.o
environ                                           build_F411RE/syscalls.o
errno                                             C:/SysGCC/arm-eabi/bin/../lib/gcc/arm-none-eabi/13.3.1/thumb/v7e-m+fp/hard\libc_nano.a(libc_a-reent.o)
                                                  C:/SysGCC/arm-eabi/bin/../lib/gcc/arm-none-eabi/13.3.1/thumb/v7e-m+fp/hard\libc_nano.a(libc_a-sbrkr.o)
                                                  C:/SysGCC/arm-eabi/bin/../lib/gcc/arm-none-eabi/13.3.1/thumb/v7e-m+fp/hard\libc_nano.a(libc_a-writer.o)
                                                  C:/SysGCC/arm-eabi/bin/../lib/gcc/arm-none-eabi/13.3.1/thumb/v7e-m+fp/hard\libc_nano.a(libc_a-readr.o)
                                                  C:/SysGCC/arm-eabi/bin/../lib/gcc/arm-none-eabi/13.3.1/thumb/v7e-m+fp/hard\libc_nano.a(libc_a-lseekr.o)
                                                  C:/SysGCC/arm-eabi/bin/../lib/gcc/arm-none-eabi/13.3.1/thumb/v7e-m+fp/hard\libc_nano.a(libc_a-closer.o)
exit                                              C:/SysGCC/arm-eabi/bin/../lib/gcc/arm-none-eabi/13.3.1/thumb/v7e-m+fp/hard\libc_nano.a(libc_a-exit.o)
                                                  C:/SysGCC/arm-eabi/bin/../lib/gcc/arm-none-eabi/13.3.1/thumb/v7e-m+fp/hard/crt0.o
fflush                                            C:/SysGCC/arm-eabi/bin/../lib/gcc/arm-none-eabi/13.3.1/thumb/v7e-m+fp/hard\libc_nano.a(libc_a-fflush.o)
g_pfnVectors                                      build_F411RE/startup_stm32f411xe.o
gyro_offset_z                                     build_F411RE/mpu_i2c.o
hardware_init_hook                                C:/SysGCC/arm-eabi/bin/../lib/gcc/arm-none-eabi/13.3.1/thumb/v7e-m+fp/hard/crt0.o
initialise_monitor_handles                        build_F411RE/syscalls.o
last_time                                         build_F411RE/mpu_i2c.o
left_delay_counter                                build_F411RE/main.o
                                                  build_F411RE/it_handlers.o
left_dir                                          build_F411RE/utils.o
left_encoder_ticks                                build_F411RE/main.o
                                                  build_F411RE/utils.o
                                                  build_F411RE/it_handlers.o
main                                              build_F411RE/main.o
                                                  build_F411RE/startup_stm32f411xe.o
                                                  C:/SysGCC/arm-eabi/bin/../lib/gcc/arm-none-eabi/13.3.1/thumb/v7e-m+fp/hard/crt0.o
memchr                                            C:/SysGCC/arm-eabi/bin/../lib/gcc/arm-none-eabi/13.3.1/thumb/v7e-m+fp/hard\libc_nano.a(libc_a-memchr.o)
                                                  C:/SysGCC/arm-eabi/bin/../lib/gcc/arm-none-eabi/13.3.1/thumb/v7e-m+fp/hard\libc_nano.a(libc_a-nano-vfprintf_i.o)
                                                  C:/SysGCC/arm-eabi/bin/../lib/gcc/arm-none-eabi/13.3.1/thumb/v7e-m+fp/hard\libc_nano.a(libc_a-nano-svfprintf.o)
memcpy                                            C:/SysGCC/arm-eabi/bin/../lib/gcc/arm-none-eabi/13.3.1/thumb/v7e-m+fp/hard\libc_nano.a(libc_a-memcpy-stub.o)
                                                  C:/SysGCC/arm-eabi/bin/../lib/gcc/arm-none-eabi/13.3.1/thumb/v7e-m+fp/hard\libc_nano.a(libc_a-reallocr.o)
                                                  C:/SysGCC/arm-eabi/bin/../lib/gcc/arm-none-eabi/13.3.1/thumb/v7e-m+fp/hard\libc_nano.a(libc_a-nano-svfprintf.o)
memmove                                           C:/SysGCC/arm-eabi/bin/../lib/gcc/arm-none-eabi/13.3.1/thumb/v7e-m+fp/hard\libc_nano.a(libc_a-memmove.o)
                                                  C:/SysGCC/arm-eabi/bin/../lib/gcc/arm-none-eabi/13.3.1/thumb/v7e-m+fp/hard\libc_nano.a(libc_a-nano-svfprintf.o)
memset                                            C:/SysGCC/arm-eabi/bin/../lib/gcc/arm-none-eabi/13.3.1/thumb/v7e-m+fp/hard\libc_nano.a(libc_a-memset.o)
                                                  C:/SysGCC/arm-eabi/bin/../lib/gcc/arm-none-eabi/13.3.1/thumb/v7e-m+fp/hard\libc_nano.a(libc_a-findfp.o)
                                                  C:/SysGCC/arm-eabi/bin/../lib/gcc/arm-none-eabi/13.3.1/thumb/v7e-m+fp/hard/crt0.o
millis                                            build_F411RE/utils.o
                                                  build_F411RE/mpu_i2c.o
millis_counter                                    build_F411RE/main.o
                                                  build_F411RE/utils.o
moveStraight                                      build_F411RE/utils.o
mpu                                               build_F411RE/mpu_i2c.o
normalizeAngle                                    build_F411RE/utils.o
pidSpeed                                          build_F411RE/utils.o
pidSync                                           build_F411RE/utils.o
pidYaw                                            build_F411RE/utils.o
pwm_state_pa8                                     build_F411RE/main.o
pwm_state_pa9                                     build_F411RE/main.o
right_delay_counter                               build_F411RE/main.o
                                                  build_F411RE/it_handlers.o
right_dir                                         build_F411RE/utils.o
right_encoder_ticks                               build_F411RE/main.o
                                                  build_F411RE/utils.o
                                                  build_F411RE/it_handlers.o
siprintf                                          C:/SysGCC/arm-eabi/bin/../lib/gcc/arm-none-eabi/13.3.1/thumb/v7e-m+fp/hard\libc_nano.a(libc_a-sprintf.o)
software_init_hook                                C:/SysGCC/arm-eabi/bin/../lib/gcc/arm-none-eabi/13.3.1/thumb/v7e-m+fp/hard/crt0.o
sprintf                                           C:/SysGCC/arm-eabi/bin/../lib/gcc/arm-none-eabi/13.3.1/thumb/v7e-m+fp/hard\libc_nano.a(libc_a-sprintf.o)
                                                  build_F411RE/mpu_i2c.o
status_button                                     build_F411RE/main.o
                                                  build_F411RE/it_handlers.o
stopMotors                                        build_F411RE/utils.o
sys_tick                                          build_F411RE/main.o
                                                  build_F411RE/it_handlers.o
turnByAngle                                       build_F411RE/utils.o
yaw_angle                                         build_F411RE/utils.o
z                                                 build_F411RE/main.o
