Archive member included to satisfy reference by file (symbol)

C:/SysGCC/arm-eabi/bin/../lib/gcc/arm-none-eabi/13.3.1/thumb/v7e-m+fp/hard\libc_nano.a(libc_a-exit.o)
                              C:/SysGCC/arm-eabi/bin/../lib/gcc/arm-none-eabi/13.3.1/thumb/v7e-m+fp/hard/crt0.o (exit)
C:/SysGCC/arm-eabi/bin/../lib/gcc/arm-none-eabi/13.3.1/thumb/v7e-m+fp/hard\libc_nano.a(libc_a-findfp.o)
                              C:/SysGCC/arm-eabi/bin/../lib/gcc/arm-none-eabi/13.3.1/thumb/v7e-m+fp/hard\libc_nano.a(libc_a-exit.o) (__stdio_exit_handler)
C:/SysGCC/arm-eabi/bin/../lib/gcc/arm-none-eabi/13.3.1/thumb/v7e-m+fp/hard\libc_nano.a(libc_a-fwalk.o)
                              C:/SysGCC/arm-eabi/bin/../lib/gcc/arm-none-eabi/13.3.1/thumb/v7e-m+fp/hard\libc_nano.a(libc_a-findfp.o) (_fwalk_sglue)
C:/SysGCC/arm-eabi/bin/../lib/gcc/arm-none-eabi/13.3.1/thumb/v7e-m+fp/hard\libc_nano.a(libc_a-stdio.o)
                              C:/SysGCC/arm-eabi/bin/../lib/gcc/arm-none-eabi/13.3.1/thumb/v7e-m+fp/hard\libc_nano.a(libc_a-findfp.o) (__sread)
C:/SysGCC/arm-eabi/bin/../lib/gcc/arm-none-eabi/13.3.1/thumb/v7e-m+fp/hard\libc_nano.a(libc_a-memset.o)
                              C:/SysGCC/arm-eabi/bin/../lib/gcc/arm-none-eabi/13.3.1/thumb/v7e-m+fp/hard/crt0.o (memset)
C:/SysGCC/arm-eabi/bin/../lib/gcc/arm-none-eabi/13.3.1/thumb/v7e-m+fp/hard\libc_nano.a(libc_a-closer.o)
                              C:/SysGCC/arm-eabi/bin/../lib/gcc/arm-none-eabi/13.3.1/thumb/v7e-m+fp/hard\libc_nano.a(libc_a-stdio.o) (_close_r)
C:/SysGCC/arm-eabi/bin/../lib/gcc/arm-none-eabi/13.3.1/thumb/v7e-m+fp/hard\libc_nano.a(libc_a-reent.o)
                              C:/SysGCC/arm-eabi/bin/../lib/gcc/arm-none-eabi/13.3.1/thumb/v7e-m+fp/hard\libc_nano.a(libc_a-closer.o) (errno)
C:/SysGCC/arm-eabi/bin/../lib/gcc/arm-none-eabi/13.3.1/thumb/v7e-m+fp/hard\libc_nano.a(libc_a-impure.o)
                              C:/SysGCC/arm-eabi/bin/../lib/gcc/arm-none-eabi/13.3.1/thumb/v7e-m+fp/hard\libc_nano.a(libc_a-reent.o) (_impure_ptr)
C:/SysGCC/arm-eabi/bin/../lib/gcc/arm-none-eabi/13.3.1/thumb/v7e-m+fp/hard\libc_nano.a(libc_a-lseekr.o)
                              C:/SysGCC/arm-eabi/bin/../lib/gcc/arm-none-eabi/13.3.1/thumb/v7e-m+fp/hard\libc_nano.a(libc_a-stdio.o) (_lseek_r)
C:/SysGCC/arm-eabi/bin/../lib/gcc/arm-none-eabi/13.3.1/thumb/v7e-m+fp/hard\libc_nano.a(libc_a-readr.o)
                              C:/SysGCC/arm-eabi/bin/../lib/gcc/arm-none-eabi/13.3.1/thumb/v7e-m+fp/hard\libc_nano.a(libc_a-stdio.o) (_read_r)
C:/SysGCC/arm-eabi/bin/../lib/gcc/arm-none-eabi/13.3.1/thumb/v7e-m+fp/hard\libc_nano.a(libc_a-writer.o)
                              C:/SysGCC/arm-eabi/bin/../lib/gcc/arm-none-eabi/13.3.1/thumb/v7e-m+fp/hard\libc_nano.a(libc_a-stdio.o) (_write_r)
C:/SysGCC/arm-eabi/bin/../lib/gcc/arm-none-eabi/13.3.1/thumb/v7e-m+fp/hard\libc_nano.a(libc_a-errno.o)
                              build_F411RE/syscalls.o (__errno)
C:/SysGCC/arm-eabi/bin/../lib/gcc/arm-none-eabi/13.3.1/thumb/v7e-m+fp/hard\libc_nano.a(libc_a-init.o)
                              C:/SysGCC/arm-eabi/bin/../lib/gcc/arm-none-eabi/13.3.1/thumb/v7e-m+fp/hard/crt0.o (__libc_init_array)
C:/SysGCC/arm-eabi/bin/../lib/gcc/arm-none-eabi/13.3.1/thumb/v7e-m+fp/hard\libc_nano.a(libc_a-lock.o)
                              C:/SysGCC/arm-eabi/bin/../lib/gcc/arm-none-eabi/13.3.1/thumb/v7e-m+fp/hard\libc_nano.a(libc_a-findfp.o) (__retarget_lock_init_recursive)
C:/SysGCC/arm-eabi/bin/../lib/gcc/arm-none-eabi/13.3.1/thumb/v7e-m+fp/hard\libc_nano.a(libc_a-freer.o)
                              C:/SysGCC/arm-eabi/bin/../lib/gcc/arm-none-eabi/13.3.1/thumb/v7e-m+fp/hard\libc_nano.a(libc_a-reent.o) (_free_r)
C:/SysGCC/arm-eabi/bin/../lib/gcc/arm-none-eabi/13.3.1/thumb/v7e-m+fp/hard\libc_nano.a(libc_a-mallocr.o)
                              C:/SysGCC/arm-eabi/bin/../lib/gcc/arm-none-eabi/13.3.1/thumb/v7e-m+fp/hard\libc_nano.a(libc_a-findfp.o) (_malloc_r)
C:/SysGCC/arm-eabi/bin/../lib/gcc/arm-none-eabi/13.3.1/thumb/v7e-m+fp/hard\libc_nano.a(libc_a-mlock.o)
                              C:/SysGCC/arm-eabi/bin/../lib/gcc/arm-none-eabi/13.3.1/thumb/v7e-m+fp/hard\libc_nano.a(libc_a-freer.o) (__malloc_lock)
C:/SysGCC/arm-eabi/bin/../lib/gcc/arm-none-eabi/13.3.1/thumb/v7e-m+fp/hard\libc_nano.a(libc_a-fflush.o)
                              C:/SysGCC/arm-eabi/bin/../lib/gcc/arm-none-eabi/13.3.1/thumb/v7e-m+fp/hard\libc_nano.a(libc_a-findfp.o) (_fflush_r)
C:/SysGCC/arm-eabi/bin/../lib/gcc/arm-none-eabi/13.3.1/thumb/v7e-m+fp/hard\libc_nano.a(libc_a-sbrkr.o)
                              C:/SysGCC/arm-eabi/bin/../lib/gcc/arm-none-eabi/13.3.1/thumb/v7e-m+fp/hard\libc_nano.a(libc_a-mallocr.o) (_sbrk_r)
C:/SysGCC/arm-eabi/bin/../lib/gcc/arm-none-eabi/13.3.1/thumb/v7e-m+fp/hard\libgcc.a(_arm_muldf3.o)
                              build_F411RE/utils.o (__aeabi_dmul)
C:/SysGCC/arm-eabi/bin/../lib/gcc/arm-none-eabi/13.3.1/thumb/v7e-m+fp/hard\libgcc.a(_arm_addsubdf3.o)
[...]
Memory Configuration

Name             Origin             Length             Attributes
RAM              0x20000000         0x00020000         xrw
FLASH            0x08000000         0x00080000         xr
*default*        0x00000000         0xffffffff

Linker script and memory map

LOAD C:/SysGCC/arm-eabi/bin/../lib/gcc/arm-none-eabi/13.3.1/thumb/v7e-m+fp/hard/crti.o
LOAD C:/SysGCC/arm-eabi/bin/../lib/gcc/arm-none-eabi/13.3.1/thumb/v7e-m+fp/hard/crtbegin.o
LOAD C:/SysGCC/arm-eabi/bin/../lib/gcc/arm-none-eabi/13.3.1/thumb/v7e-m+fp/hard/crt0.o
LOAD build_F411RE/system_stm32f4xx.o
LOAD build_F411RE/syscalls.o
LOAD build_F411RE/sysmem.o
LOAD build_F411RE/main.o
LOAD build_F411RE/init.o
LOAD build_F411RE/it_handlers.o
LOAD build_F411RE/utils.o
LOAD build_F411RE/startup_stm32f411xe.o
LOAD C:/SysGCC/arm-eabi/bin/../lib/gcc/arm-none-eabi/13.3.1/thumb/v7e-m+fp/hard\libc_nano.a
LOAD C:/SysGCC/arm-eabi/bin/../lib/gcc/arm-none-eabi/13.3.1/thumb/v7e-m+fp/hard\libm.a
LOAD C:/SysGCC/arm-eabi/bin/../lib/gcc/arm-none-eabi/13.3.1/thumb/v7e-m+fp/hard\libnosys.a
START GROUP
LOAD C:/SysGCC/arm-eabi/bin/../lib/gcc/arm-none-eabi/13.3.1/thumb/v7e-m+fp/hard\libgcc.a
LOAD C:/SysGCC/arm-eabi/bin/../lib/gcc/arm-none-eabi/13.3.1/thumb/v7e-m+fp/hard\libc_nano.a
END GROUP
START GROUP
LOAD C:/SysGCC/arm-eabi/bin/../lib/gcc/arm-none-eabi/13.3.1/thumb/v7e-m+fp/hard\libgcc.a
LOAD C:/SysGCC/arm-eabi/bin/../lib/gcc/arm-none-eabi/13.3.1/thumb/v7e-m+fp/hard\libc_nano.a
END GROUP
LOAD C:/SysGCC/arm-eabi/bin/../lib/gcc/arm-none-eabi/13.3.1/thumb/v7e-m+fp/hard/crtend.o
LOAD C:/SysGCC/arm-eabi/bin/../lib/gcc/arm-none-eabi/13.3.1/thumb/v7e-m+fp/hard/crtn.o
                0x20020000                        _estack = 0x20020000
                0x00000200                        _Min_Heap_Size = 0x200
                0x00000400                        _Min_Stack_Size = 0x400

.isr_vector     0x08000000      0x198
                0x08000000                        . = ALIGN (0x4)
 *(.isr_vector)
 .isr_vector    0x08000000      0x198 build_F411RE/startup_stm32f411xe.o
                0x08000000                g_pfnVectors
                0x08000198                        . = ALIGN (0x4)

.text           0x08000198     0x1318
                0x08000198                        . = ALIGN (0x4)
 *(.text)
 .text          0x08000198      0x378 C:/SysGCC/arm-eabi/bin/../lib/gcc/arm-none-eabi/13.3.1/thumb/v7e-m+fp/hard\libgcc.a(_arm_addsubdf3.o)
                0x08000198                __aeabi_drsub
                0x080001a0                __aeabi_dsub
                0x080001a0                __subdf3
                0x080001a4                __aeabi_dadd
                0x080001a4                __adddf3
                0x0800041c                __floatunsidf
                0x0800041c                __aeabi_ui2d
                0x0800043c                __floatsidf
                0x0800043c                __aeabi_i2d
                0x08000460                __aeabi_f2d
                0x08000460                __extendsfdf2
                0x080004a4                __floatundidf
                0x080004a4                __aeabi_ul2d
                0x080004b4                __floatdidf
                0x080004b4                __aeabi_l2d
 .text          0x08000510      0x424 C:/SysGCC/arm-eabi/bin/../lib/gcc/arm-none-eabi/13.3.1/thumb/v7e-m+fp/hard\libgcc.a(_arm_muldivdf3.o)
                0x08000510                __aeabi_dmul
                0x08000510                __muldf3
                0x08000764                __divdf3
                0x08000764                __aeabi_ddiv
 .text          0x08000934       0xa0 C:/SysGCC/arm-eabi/bin/../lib/gcc/arm-none-eabi/13.3.1/thumb/v7e-m+fp/hard\libgcc.a(_arm_truncdfsf2.o)
                0x08000934                __truncdfsf2
                0x08000934                __aeabi_d2f
 *(.text*)
 .text.deregister_tm_clones
                0x080009d4       0x1c C:/SysGCC/arm-eabi/bin/../lib/gcc/arm-none-eabi/13.3.1/thumb/v7e-m+fp/hard/crtbegin.o
 .text.register_tm_clones
                0x080009f0       0x24 C:/SysGCC/arm-eabi/bin/../lib/gcc/arm-none-eabi/13.3.1/thumb/v7e-m+fp/hard/crtbegin.o
 .text.__do_global_dtors_aux
                0x08000a14       0x28 C:/SysGCC/arm-eabi/bin/../lib/gcc/arm-none-eabi/13.3.1/thumb/v7e-m+fp/hard/crtbegin.o
 .text.frame_dummy
                0x08000a3c       0x24 C:/SysGCC/arm-eabi/bin/../lib/gcc/arm-none-eabi/13.3.1/thumb/v7e-m+fp/hard/crtbegin.o
 .text.SystemInit
                0x08000a60       0x14 build_F411RE/system_stm32f4xx.o
                0x08000a60                SystemInit
 .text.main     0x08000a74       0x5c build_F411RE/main.o
                0x08000a74                main
 .text.NVIC_EncodePriority
                0x08000ad0       0x3e build_F411RE/init.o
 *fill*         0x08000b0e        0x2 
 .text.GPIO_Init_Ports
                0x08000b10       0xb8 build_F411RE/init.o
                0x08000b10                GPIO_Init_Ports
 .text.SysTick_Init
                0x08000bc8       0x46 build_F411RE/init.o
                0x08000bc8                SysTick_Init
 *fill*         0x08000c0e        0x2 
 .text.ITR_Init
                0x08000c10       0xd8 build_F411RE/init.o
                0x08000c10                ITR_Init
 .text.RCC_Init
                0x08000ce8       0xe0 build_F411RE/init.o
                0x08000ce8                RCC_Init
 .text.TIM1_PWM_Init
                0x08000dc8       0xa8 build_F411RE/init.o
                0x08000dc8                TIM1_PWM_Init
 .text.SysTick_Handler
                0x08000e70       0x4c build_F411RE/it_handlers.o
                0x08000e70                SysTick_Handler
 .text.EXTI15_10_IRQHandler
                0x08000ebc       0x78 build_F411RE/it_handlers.o
                0x08000ebc                EXTI15_10_IRQHandler
 .text.EXTI9_5_IRQHandler
                0x08000f34       0x2c build_F411RE/it_handlers.o
                0x08000f34                EXTI9_5_IRQHandler
 .text.delay_ms
                0x08000f60       0x14 build_F411RE/utils.o
                0x08000f60                delay_ms
 .text.resetEncoders
                0x08000f74       0x14 build_F411RE/utils.o
                0x08000f74                resetEncoders
 .text.constrainf
                0x08000f88       0x22 build_F411RE/utils.o
                0x08000f88                constrainf
 *fill*         0x08000faa        0x2 
 .text.millis   0x08000fac        0xc build_F411RE/utils.o
                0x08000fac                millis
 .text.resetPID
                0x08000fb8       0x24 build_F411RE/utils.o
                0x08000fb8                resetPID
 .text.Set_PWM_Right_DutyCycle
                0x08000fdc       0x2c build_F411RE/utils.o
                0x08000fdc                Set_PWM_Right_DutyCycle
 .text.Set_PWM_Left_DutyCycle
                0x08001008       0x2c build_F411RE/utils.o
                0x08001008                Set_PWM_Left_DutyCycle
 .text.left_wheel_direction
                0x08001034       0x64 build_F411RE/utils.o
                0x08001034                left_wheel_direction
 .text.right_wheel_direction
                0x08001098       0x64 build_F411RE/utils.o
                0x08001098                right_wheel_direction
 .text.stopMotors
                0x080010fc       0x1c build_F411RE/utils.o
                0x080010fc                stopMotors
 .text.calculatePID
                0x08001118      0x12c build_F411RE/utils.o
                0x08001118                calculatePID
 .text.calculatePulsesForDistance
                0x08001244       0x2c build_F411RE/utils.o
                0x08001244                calculatePulsesForDistance
 .text.moveForward
                0x08001270       0x98 build_F411RE/utils.o
                0x08001270                moveForward
 .text.calculatePulsesForAngle
                0x08001308       0x5c build_F411RE/utils.o
                0x08001308                calculatePulsesForAngle
 .text.turnLeft
                0x08001364       0x98 build_F411RE/utils.o
                0x08001364                turnLeft
 .text.Reset_Handler
                0x080013fc       0x50 build_F411RE/startup_stm32f411xe.o
                0x080013fc                Reset_Handler
 .text.Default_Handler
                0x0800144c        0x2 build_F411RE/startup_stm32f411xe.o
                0x0800144c                RTC_Alarm_IRQHandler
                0x0800144c                EXTI2_IRQHandler
                0x0800144c                DebugMon_Handler
                0x0800144c                SPI4_IRQHandler
                0x0800144c                TIM1_CC_IRQHandler
                0x0800144c                DMA2_Stream5_IRQHandler
                0x0800144c                HardFault_Handler
                0x0800144c                DMA1_Stream5_IRQHandler
                0x0800144c                PVD_IRQHandler
                0x0800144c                SDIO_IRQHandler
                0x0800144c                TAMP_STAMP_IRQHandler
                0x0800144c                PendSV_Handler
                0x0800144c                NMI_Handler
                0x0800144c                EXTI3_IRQHandler
                0x0800144c                TIM1_UP_TIM10_IRQHandler
                0x0800144c                I2C3_ER_IRQHandler
                0x0800144c                EXTI0_IRQHandler
                0x0800144c                I2C2_EV_IRQHandler
                0x0800144c                DMA1_Stream2_IRQHandler
                0x0800144c                FPU_IRQHandler
                0x0800144c                UsageFault_Handler
                0x0800144c                DMA2_Stream2_IRQHandler
                0x0800144c                SPI1_IRQHandler
                0x0800144c                TIM1_BRK_TIM9_IRQHandler
                0x0800144c                DMA2_Stream3_IRQHandler
                0x0800144c                USART6_IRQHandler
                0x0800144c                DMA2_Stream0_IRQHandler
                0x0800144c                TIM4_IRQHandler
                0x0800144c                I2C1_EV_IRQHandler
                0x0800144c                DMA1_Stream6_IRQHandler
                0x0800144c                DMA1_Stream1_IRQHandler
                0x0800144c                TIM3_IRQHandler
                0x0800144c                RCC_IRQHandler
                0x0800144c                Default_Handler
                0x0800144c                ADC_IRQHandler
                0x0800144c                DMA1_Stream7_IRQHandler
                0x0800144c                SPI5_IRQHandler
                0x0800144c                TIM5_IRQHandler
                0x0800144c                DMA2_Stream7_IRQHandler
                0x0800144c                I2C3_EV_IRQHandler
                0x0800144c                RTC_WKUP_IRQHandler
                0x0800144c                SPI2_IRQHandler
                0x0800144c                MemManage_Handler
                0x0800144c                DMA1_Stream0_IRQHandler
                0x0800144c                SVC_Handler
                0x0800144c                EXTI4_IRQHandler
                0x0800144c                WWDG_IRQHandler
                0x0800144c                TIM2_IRQHandler
                0x0800144c                OTG_FS_WKUP_IRQHandler
                0x0800144c                TIM1_TRG_COM_TIM11_IRQHandler
                0x0800144c                EXTI1_IRQHandler
                0x0800144c                USART2_IRQHandler
                0x0800144c                I2C2_ER_IRQHandler
                0x0800144c                DMA2_Stream1_IRQHandler
                0x0800144c                FLASH_IRQHandler
                0x0800144c                DMA2_Stream4_IRQHandler
                0x0800144c                BusFault_Handler
                0x0800144c                USART1_IRQHandler
                0x0800144c                OTG_FS_IRQHandler
                0x0800144c                SPI3_IRQHandler
                0x0800144c                DMA1_Stream4_IRQHandler
                0x0800144c                I2C1_ER_IRQHandler
                0x0800144c                DMA2_Stream6_IRQHandler
                0x0800144c                DMA1_Stream3_IRQHandler
 *fill*         0x0800144e        0x2 
 .text.__libc_init_array
                0x08001450       0x48 C:/SysGCC/arm-eabi/bin/../lib/gcc/arm-none-eabi/13.3.1/thumb/v7e-m+fp/hard\libc_nano.a(libc_a-init.o)
                0x08001450                __libc_init_array
 *(.glue_7)
 .glue_7        0x08001498        0x0 linker stubs
 *(.glue_7t)
 .glue_7t       0x08001498        0x0 linker stubs
 *(.eh_frame)
 .eh_frame      0x08001498        0x0 C:/SysGCC/arm-eabi/bin/../lib/gcc/arm-none-eabi/13.3.1/thumb/v7e-m+fp/hard/crtbegin.o
 *(.init)
 .init          0x08001498        0x4 C:/SysGCC/arm-eabi/bin/../lib/gcc/arm-none-eabi/13.3.1/thumb/v7e-m+fp/hard/crti.o
                0x08001498                _init
 .init          0x0800149c        0x8 C:/SysGCC/arm-eabi/bin/../lib/gcc/arm-none-eabi/13.3.1/thumb/v7e-m+fp/hard/crtn.o
 *(.fini)
 .fini          0x080014a4        0x4 C:/SysGCC/arm-eabi/bin/../lib/gcc/arm-none-eabi/13.3.1/thumb/v7e-m+fp/hard/crti.o
                0x080014a4                _fini
 .fini          0x080014a8        0x8 C:/SysGCC/arm-eabi/bin/../lib/gcc/arm-none-eabi/13.3.1/thumb/v7e-m+fp/hard/crtn.o
                0x080014b0                        . = ALIGN (0x4)
                0x080014b0                        _etext = .

.vfp11_veneer   0x080014b0        0x0
 .vfp11_veneer  0x080014b0        0x0 linker stubs

.v4_bx          0x080014b0        0x0
 .v4_bx         0x080014b0        0x0 linker stubs

.iplt           0x080014b0        0x0
 .iplt          0x080014b0        0x0 C:/SysGCC/arm-eabi/bin/../lib/gcc/arm-none-eabi/13.3.1/thumb/v7e-m+fp/hard/crtbegin.o

.rel.dyn        0x080014b0        0x0
 .rel.iplt      0x080014b0        0x0 C:/SysGCC/arm-eabi/bin/../lib/gcc/arm-none-eabi/13.3.1/thumb/v7e-m+fp/hard/crtbegin.o

.rodata         0x080014b0        0x0
                0x080014b0                        . = ALIGN (0x4)
 *(.rodata)
 *(.rodata*)
                0x080014b0                        . = ALIGN (0x4)

.ARM.extab
 *(.ARM.extab* .gnu.linkonce.armextab.*)

.ARM            0x080014b0        0x0
                0x080014b0                        __exidx_start = .
 *(.ARM.exidx*)
                0x080014b0                        __exidx_end = .

.preinit_array  0x080014b0        0x0
                0x080014b0                        PROVIDE (__preinit_array_start = .)
 *(.preinit_array*)
                0x080014b0                        PROVIDE (__preinit_array_end = .)

.init_array     0x080014b0        0x4
                0x080014b0                        PROVIDE (__init_array_start = .)
 *(SORT_BY_NAME(.init_array.*))
 *(.init_array*)
 .init_array    0x080014b0        0x4 C:/SysGCC/arm-eabi/bin/../lib/gcc/arm-none-eabi/13.3.1/thumb/v7e-m+fp/hard/crtbegin.o
                0x080014b4                        PROVIDE (__init_array_end = .)

.fini_array     0x080014b4        0x4
                [!provide]                        PROVIDE (__fini_array_start = .)
 *(SORT_BY_NAME(.fini_array.*))
 *(.fini_array*)
 .fini_array    0x080014b4        0x4 C:/SysGCC/arm-eabi/bin/../lib/gcc/arm-none-eabi/13.3.1/thumb/v7e-m+fp/hard/crtbegin.o
                [!provide]                        PROVIDE (__fini_array_end = .)
                0x080014b8                        _sidata = LOADADDR (.data)

.data           0x20000000       0x18 load address 0x080014b8
                0x20000000                        . = ALIGN (0x4)
                0x20000000                        _sdata = .
 *(.data)
 *(.data*)
 .data.minSpeed
                0x20000000        0x4 build_F411RE/utils.o
                0x20000000                minSpeed
 .data.maxSpeed
                0x20000004        0x4 build_F411RE/utils.o
                0x20000004                maxSpeed
 .data.kp       0x20000008        0x4 build_F411RE/utils.o
                0x20000008                kp
 .data.robotCircumference
                0x2000000c        0x4 build_F411RE/utils.o
                0x2000000c                robotCircumference
 .data.wheelCircumference
                0x20000010        0x4 build_F411RE/utils.o
                0x20000010                wheelCircumference
 .data.moveSpeed
                0x20000014        0x4 build_F411RE/utils.o
                0x20000014                moveSpeed
                0x20000018                        . = ALIGN (0x4)
                0x20000018                        _edata = .

.tm_clone_table
                0x20000018        0x0 load address 0x080014d0
 .tm_clone_table
                0x20000018        0x0 C:/SysGCC/arm-eabi/bin/../lib/gcc/arm-none-eabi/13.3.1/thumb/v7e-m+fp/hard/crtbegin.o
 .tm_clone_table
                0x20000018        0x0 C:/SysGCC/arm-eabi/bin/../lib/gcc/arm-none-eabi/13.3.1/thumb/v7e-m+fp/hard/crtend.o

.igot.plt       0x20000018        0x0 load address 0x080014d0
 .igot.plt      0x20000018        0x0 C:/SysGCC/arm-eabi/bin/../lib/gcc/arm-none-eabi/13.3.1/thumb/v7e-m+fp/hard/crtbegin.o
                0x20000018                        . = ALIGN (0x4)

.bss            0x20000018       0x4c load address 0x080014d0
                0x20000018                        _sbss = .
                0x20000018                        __bss_start__ = _sbss
 *(.bss)
 *(.bss*)
 .bss.completed.1
                0x20000018        0x1 C:/SysGCC/arm-eabi/bin/../lib/gcc/arm-none-eabi/13.3.1/thumb/v7e-m+fp/hard/crtbegin.o
 *fill*         0x20000019        0x3 
 .bss.object.0  0x2000001c       0x18 C:/SysGCC/arm-eabi/bin/../lib/gcc/arm-none-eabi/13.3.1/thumb/v7e-m+fp/hard/crtbegin.o
 .bss.status_button
                0x20000034        0x1 build_F411RE/main.o
                0x20000034                status_button
 *fill*         0x20000035        0x1 
 .bss.button_delay_counter
                0x20000036        0x2 build_F411RE/main.o
                0x20000036                button_delay_counter
 .bss.millis_counter
                0x20000038        0x4 build_F411RE/main.o
                0x20000038                millis_counter
 .bss.sys_tick  0x2000003c        0x4 build_F411RE/main.o
                0x2000003c                sys_tick
 .bss.right_delay_counter
                0x20000040        0x4 build_F411RE/main.o
                0x20000040                right_delay_counter
 .bss.left_delay_counter
                0x20000044        0x4 build_F411RE/main.o
                0x20000044                left_delay_counter
 .bss.right_encoder_ticks
                0x20000048        0x2 build_F411RE/main.o
                0x20000048                right_encoder_ticks
 .bss.left_encoder_ticks
                0x2000004a        0x2 build_F411RE/main.o
                0x2000004a                left_encoder_ticks
 .bss.lastTime  0x2000004c        0x4 build_F411RE/utils.o
                0x2000004c                lastTime
 .bss.integral  0x20000050        0x4 build_F411RE/utils.o
                0x20000050                integral
 .bss.lastError
                0x20000054        0x4 build_F411RE/utils.o
                0x20000054                lastError
 .bss.kd        0x20000058        0x4 build_F411RE/utils.o
                0x20000058                kd
 .bss.ki        0x2000005c        0x4 build_F411RE/utils.o
                0x2000005c                ki
 .bss.rightSpeed
                0x20000060        0x1 build_F411RE/utils.o
                0x20000060                rightSpeed
 .bss.leftSpeed
                0x20000061        0x1 build_F411RE/utils.o
                0x20000061                leftSpeed
 *(COMMON)
                0x20000064                        . = ALIGN (0x4)
 *fill*         0x20000062        0x2 
                0x20000064                        _ebss = .
                0x20000064                        __bss_end__ = _ebss

._user_heap_stack
                0x20000064      0x604 load address 0x080014d0
                0x20000068                        . = ALIGN (0x8)
 *fill*         0x20000064        0x4 
                [!provide]                        PROVIDE (end = .)
                0x20000068                        PROVIDE (_end = .)
                0x20000268                        . = (. + _Min_Heap_Size)
 *fill*         0x20000068      0x200 
                0x20000668                        . = (. + _Min_Stack_Size)
 *fill*         0x20000268      0x400 
                0x20000668                        . = ALIGN (0x8)

/DISCARD/
 libc.a(*)
 libm.a(*)
 libgcc.a(*)

.ARM.attributes
                0x00000000       0x30
 *(.ARM.attributes)
 .ARM.attributes
                0x00000000       0x22 C:/SysGCC/arm-eabi/bin/../lib/gcc/arm-none-eabi/13.3.1/thumb/v7e-m+fp/hard/crti.o
 .ARM.attributes
                0x00000022       0x34 C:/SysGCC/arm-eabi/bin/../lib/gcc/arm-none-eabi/13.3.1/thumb/v7e-m+fp/hard/crtbegin.o
 .ARM.attributes
                0x00000056       0x34 build_F411RE/system_stm32f4xx.o
 .ARM.attributes
                0x0000008a       0x34 build_F411RE/main.o
 .ARM.attributes
                0x000000be       0x34 build_F411RE/init.o
 .ARM.attributes
                0x000000f2       0x34 build_F411RE/it_handlers.o
 .ARM.attributes
                0x00000126       0x34 build_F411RE/utils.o
 .ARM.attributes
                0x0000015a       0x21 build_F411RE/startup_stm32f411xe.o
 .ARM.attributes
                0x0000017b       0x34 C:/SysGCC/arm-eabi/bin/../lib/gcc/arm-none-eabi/13.3.1/thumb/v7e-m+fp/hard\libc_nano.a(libc_a-init.o)
 .ARM.attributes
                0x000001af       0x22 C:/SysGCC/arm-eabi/bin/../lib/gcc/arm-none-eabi/13.3.1/thumb/v7e-m+fp/hard\libgcc.a(_arm_addsubdf3.o)
 .ARM.attributes
                0x000001d1       0x22 C:/SysGCC/arm-eabi/bin/../lib/gcc/arm-none-eabi/13.3.1/thumb/v7e-m+fp/hard\libgcc.a(_arm_muldivdf3.o)
 .ARM.attributes
                0x000001f3       0x22 C:/SysGCC/arm-eabi/bin/../lib/gcc/arm-none-eabi/13.3.1/thumb/v7e-m+fp/hard\libgcc.a(_arm_truncdfsf2.o)
 .ARM.attributes
                0x00000215       0x34 C:/SysGCC/arm-eabi/bin/../lib/gcc/arm-none-eabi/13.3.1/thumb/v7e-m+fp/hard/crtend.o
 .ARM.attributes
                0x00000249       0x22 C:/SysGCC/arm-eabi/bin/../lib/gcc/arm-none-eabi/13.3.1/thumb/v7e-m+fp/hard/crtn.o
OUTPUT(build_F411RE/STM32F411RE.elf elf32-littlearm)
LOAD linker stubs
LOAD C:/SysGCC/arm-eabi/bin/../lib/gcc/arm-none-eabi/13.3.1/thumb/v7e-m+fp/hard\libc.a
LOAD C:/SysGCC/arm-eabi/bin/../lib/gcc/arm-none-eabi/13.3.1/thumb/v7e-m+fp/hard\libm.a
LOAD C:/SysGCC/arm-eabi/bin/../lib/gcc/arm-none-eabi/13.3.1/thumb/v7e-m+fp/hard\libgcc.a

.debug_info     0x00000000     0x29d0
 .debug_info    0x00000000      0x5de build_F411RE/system_stm32f4xx.o
 .debug_info    0x000005de      0x59a build_F411RE/main.o
 .debug_info    0x00000b78      0xecc build_F411RE/init.o
 .debug_info    0x00001a44      0x28a build_F411RE/it_handlers.o
 .debug_info    0x00001cce      0xcd2 build_F411RE/utils.o
 .debug_info    0x000029a0       0x30 build_F411RE/startup_stm32f411xe.o

.debug_abbrev   0x00000000      0x807
 .debug_abbrev  0x00000000      0x11b build_F411RE/system_stm32f4xx.o
 .debug_abbrev  0x0000011b      0x121 build_F411RE/main.o
 .debug_abbrev  0x0000023c      0x21f build_F411RE/init.o
 .debug_abbrev  0x0000045b       0xf2 build_F411RE/it_handlers.o
 .debug_abbrev  0x0000054d      0x29d build_F411RE/utils.o
 .debug_abbrev  0x000007ea       0x1d build_F411RE/startup_stm32f411xe.o

.debug_loc      0x00000000      0xbfb
 .debug_loc     0x00000000      0x181 build_F411RE/system_stm32f4xx.o
 .debug_loc     0x00000181       0x20 build_F411RE/main.o
 .debug_loc     0x000001a1      0x206 build_F411RE/init.o
 .debug_loc     0x000003a7      0x854 build_F411RE/utils.o

.debug_aranges  0x00000000      0x188
 .debug_aranges
                0x00000000       0x28 build_F411RE/system_stm32f4xx.o
 .debug_aranges
                0x00000028       0x20 build_F411RE/main.o
 .debug_aranges
                0x00000048       0x48 build_F411RE/init.o
 .debug_aranges
                0x00000090       0x30 build_F411RE/it_handlers.o
 .debug_aranges
                0x000000c0       0xa0 build_F411RE/utils.o
 .debug_aranges
                0x00000160       0x28 build_F411RE/startup_stm32f411xe.o

.debug_ranges   0x00000000      0x178
 .debug_ranges  0x00000000       0x18 build_F411RE/system_stm32f4xx.o
 .debug_ranges  0x00000018       0x10 build_F411RE/main.o
 .debug_ranges  0x00000028       0x38 build_F411RE/init.o
 .debug_ranges  0x00000060       0x20 build_F411RE/it_handlers.o
 .debug_ranges  0x00000080       0xd8 build_F411RE/utils.o
 .debug_ranges  0x00000158       0x20 build_F411RE/startup_stm32f411xe.o

.debug_line     0x00000000      0xfd4
 .debug_line    0x00000000      0x237 build_F411RE/system_stm32f4xx.o
 .debug_line    0x00000237      0x13f build_F411RE/main.o
 .debug_line    0x00000376      0x3f0 build_F411RE/init.o
 .debug_line    0x00000766      0x205 build_F411RE/it_handlers.o
 .debug_line    0x0000096b      0x5df build_F411RE/utils.o
 .debug_line    0x00000f4a       0x8a build_F411RE/startup_stm32f411xe.o

.debug_str      0x00000000      0xd36
 .debug_str     0x00000000      0xd36 build_F411RE/system_stm32f4xx.o
                                0x362 (size before relaxing)
 .debug_str     0x00000d36      0x3de build_F411RE/main.o
 .debug_str     0x00000d36      0x8c6 build_F411RE/init.o
 .debug_str     0x00000d36      0x298 build_F411RE/it_handlers.o
 .debug_str     0x00000d36      0x516 build_F411RE/utils.o
 .debug_str     0x00000d36       0x6d build_F411RE/startup_stm32f411xe.o

.comment        0x00000000       0x45
 .comment       0x00000000       0x45 build_F411RE/system_stm32f4xx.o
                                 0x46 (size before relaxing)
 .comment       0x00000045       0x46 build_F411RE/main.o
 .comment       0x00000045       0x46 build_F411RE/init.o
 .comment       0x00000045       0x46 build_F411RE/it_handlers.o
 .comment       0x00000045       0x46 build_F411RE/utils.o

.debug_frame    0x00000000      0x43c
 .debug_frame   0x00000000       0x30 build_F411RE/system_stm32f4xx.o
 .debug_frame   0x00000030       0x28 build_F411RE/main.o
 .debug_frame   0x00000058       0x88 build_F411RE/init.o
 .debug_frame   0x000000e0       0x40 build_F411RE/it_handlers.o
 .debug_frame   0x00000120      0x1d0 build_F411RE/utils.o
 .debug_frame   0x000002f0       0x2c C:/SysGCC/arm-eabi/bin/../lib/gcc/arm-none-eabi/13.3.1/thumb/v7e-m+fp/hard\libc_nano.a(libc_a-init.o)
 .debug_frame   0x0000031c       0xac C:/SysGCC/arm-eabi/bin/../lib/gcc/arm-none-eabi/13.3.1/thumb/v7e-m+fp/hard\libgcc.a(_arm_addsubdf3.o)
 .debug_frame   0x000003c8       0x50 C:/SysGCC/arm-eabi/bin/../lib/gcc/arm-none-eabi/13.3.1/thumb/v7e-m+fp/hard\libgcc.a(_arm_muldivdf3.o)
 .debug_frame   0x00000418       0x24 C:/SysGCC/arm-eabi/bin/../lib/gcc/arm-none-eabi/13.3.1/thumb/v7e-m+fp/hard\libgcc.a(_arm_truncdfsf2.o)

.debug_line_str
                0x00000000       0xce
 .debug_line_str
                0x00000000       0xce C:/SysGCC/arm-eabi/bin/../lib/gcc/arm-none-eabi/13.3.1/thumb/v7e-m+fp/hard\libgcc.a(_arm_addsubdf3.o)
 .debug_line_str
                0x000000ce       0xce C:/SysGCC/arm-eabi/bin/../lib/gcc/arm-none-eabi/13.3.1/thumb/v7e-m+fp/hard\libgcc.a(_arm_muldivdf3.o)
 .debug_line_str
                0x000000ce       0xce C:/SysGCC/arm-eabi/bin/../lib/gcc/arm-none-eabi/13.3.1/thumb/v7e-m+fp/hard\libgcc.a(_arm_truncdfsf2.o)

Cross Reference Table

Symbol                                            File
ADC_IRQHandler                                    build_F411RE/startup_stm32f411xe.o
AHBPrescTable                                     build_F411RE/system_stm32f4xx.o
APBPrescTable                                     build_F411RE/system_stm32f4xx.o
BusFault_Handler                                  build_F411RE/startup_stm32f411xe.o
DMA1_Stream0_IRQHandler                           build_F411RE/startup_stm32f411xe.o
DMA1_Stream1_IRQHandler                           build_F411RE/startup_stm32f411xe.o
DMA1_Stream2_IRQHandler                           build_F411RE/startup_stm32f411xe.o
DMA1_Stream3_IRQHandler                           build_F411RE/startup_stm32f411xe.o
DMA1_Stream4_IRQHandler                           build_F411RE/startup_stm32f411xe.o
DMA1_Stream5_IRQHandler                           build_F411RE/startup_stm32f411xe.o
DMA1_Stream6_IRQHandler                           build_F411RE/startup_stm32f411xe.o
DMA1_Stream7_IRQHandler                           build_F411RE/startup_stm32f411xe.o
DMA2_Stream0_IRQHandler                           build_F411RE/startup_stm32f411xe.o
DMA2_Stream1_IRQHandler                           build_F411RE/startup_stm32f411xe.o
DMA2_Stream2_IRQHandler                           build_F411RE/startup_stm32f411xe.o
DMA2_Stream3_IRQHandler                           build_F411RE/startup_stm32f411xe.o
DMA2_Stream4_IRQHandler                           build_F411RE/startup_stm32f411xe.o
DMA2_Stream5_IRQHandler                           build_F411RE/startup_stm32f411xe.o
DMA2_Stream6_IRQHandler                           build_F411RE/startup_stm32f411xe.o
DMA2_Stream7_IRQHandler                           build_F411RE/startup_stm32f411xe.o
DebugMon_Handler                                  build_F411RE/startup_stm32f411xe.o
Default_Handler                                   build_F411RE/startup_stm32f411xe.o
EXTI0_IRQHandler                                  build_F411RE/startup_stm32f411xe.o
EXTI15_10_IRQHandler                              build_F411RE/it_handlers.o
EXTI1_IRQHandler                                  build_F411RE/startup_stm32f411xe.o
EXTI2_IRQHandler                                  build_F411RE/startup_stm32f411xe.o
EXTI3_IRQHandler                                  build_F411RE/startup_stm32f411xe.o
EXTI4_IRQHandler                                  build_F411RE/startup_stm32f411xe.o
EXTI9_5_IRQHandler                                build_F411RE/it_handlers.o
FLASH_IRQHandler                                  build_F411RE/startup_stm32f411xe.o
FPU_IRQHandler                                    build_F411RE/startup_stm32f411xe.o
GPIO_Init_Ports                                   build_F411RE/init.o
                                                  build_F411RE/main.o
HardFault_Handler                                 build_F411RE/startup_stm32f411xe.o
I2C1_ER_IRQHandler                                build_F411RE/startup_stm32f411xe.o
I2C1_EV_IRQHandler                                build_F411RE/startup_stm32f411xe.o
I2C2_ER_IRQHandler                                build_F411RE/startup_stm32f411xe.o
I2C2_EV_IRQHandler                                build_F411RE/startup_stm32f411xe.o
I2C3_ER_IRQHandler                                build_F411RE/startup_stm32f411xe.o
I2C3_EV_IRQHandler                                build_F411RE/startup_stm32f411xe.o
ITR_Init                                          build_F411RE/init.o
                                                  build_F411RE/main.o
MemManage_Handler                                 build_F411RE/startup_stm32f411xe.o
NMI_Handler                                       build_F411RE/startup_stm32f411xe.o
OTG_FS_IRQHandler                                 build_F411RE/startup_stm32f411xe.o
OTG_FS_WKUP_IRQHandler                            build_F411RE/startup_stm32f411xe.o
PVD_IRQHandler                                    build_F411RE/startup_stm32f411xe.o
PendSV_Handler                                    build_F411RE/startup_stm32f411xe.o
RCC_IRQHandler                                    build_F411RE/startup_stm32f411xe.o
RCC_Init                                          build_F411RE/init.o
                                                  build_F411RE/main.o
RTC_Alarm_IRQHandler                              build_F411RE/startup_stm32f411xe.o
RTC_WKUP_IRQHandler                               build_F411RE/startup_stm32f411xe.o
Reset_Handler                                     build_F411RE/startup_stm32f411xe.o
SDIO_IRQHandler                                   build_F411RE/startup_stm32f411xe.o
SPI1_IRQHandler                                   build_F411RE/startup_stm32f411xe.o
SPI2_IRQHandler                                   build_F411RE/startup_stm32f411xe.o
SPI3_IRQHandler                                   build_F411RE/startup_stm32f411xe.o
SPI4_IRQHandler                                   build_F411RE/startup_stm32f411xe.o
SPI5_IRQHandler                                   build_F411RE/startup_stm32f411xe.o
SVC_Handler                                       build_F411RE/startup_stm32f411xe.o
Set_PWM_Left_DutyCycle                            build_F411RE/utils.o
Set_PWM_Right_DutyCycle                           build_F411RE/utils.o
SysTick_Handler                                   build_F411RE/it_handlers.o
SysTick_Init                                      build_F411RE/init.o
                                                  build_F411RE/main.o
SystemCoreClock                                   build_F411RE/system_stm32f4xx.o
SystemCoreClockUpdate                             build_F411RE/system_stm32f4xx.o
SystemInit                                        build_F411RE/system_stm32f4xx.o
                                                  build_F411RE/startup_stm32f411xe.o
TAMP_STAMP_IRQHandler                             build_F411RE/startup_stm32f411xe.o
TIM1_BRK_TIM9_IRQHandler                          build_F411RE/startup_stm32f411xe.o
TIM1_CC_IRQHandler                                build_F411RE/startup_stm32f411xe.o
TIM1_PWM_Init                                     build_F411RE/init.o
                                                  build_F411RE/main.o
TIM1_TRG_COM_TIM11_IRQHandler                     build_F411RE/startup_stm32f411xe.o
TIM1_UP_TIM10_IRQHandler                          build_F411RE/startup_stm32f411xe.o
TIM2_IRQHandler                                   build_F411RE/startup_stm32f411xe.o
TIM3_IRQHandler                                   build_F411RE/startup_stm32f411xe.o
TIM4_IRQHandler                                   build_F411RE/startup_stm32f411xe.o
TIM5_IRQHandler                                   build_F411RE/startup_stm32f411xe.o
USART1_IRQHandler                                 build_F411RE/startup_stm32f411xe.o
USART2_IRQHandler                                 build_F411RE/startup_stm32f411xe.o
USART6_IRQHandler                                 build_F411RE/startup_stm32f411xe.o
UsageFault_Handler                                build_F411RE/startup_stm32f411xe.o
WWDG_IRQHandler                                   build_F411RE/startup_stm32f411xe.o
_ITM_deregisterTMCloneTable                       C:/SysGCC/arm-eabi/bin/../lib/gcc/arm-none-eabi/13.3.1/thumb/v7e-m+fp/hard/crtbegin.o
_ITM_registerTMCloneTable                         C:/SysGCC/arm-eabi/bin/../lib/gcc/arm-none-eabi/13.3.1/thumb/v7e-m+fp/hard/crtbegin.o
_Min_Stack_Size                                   build_F411RE/sysmem.o
__TMC_END__                                       C:/SysGCC/arm-eabi/bin/../lib/gcc/arm-none-eabi/13.3.1/thumb/v7e-m+fp/hard/crtend.o
                                                  C:/SysGCC/arm-eabi/bin/../lib/gcc/arm-none-eabi/13.3.1/thumb/v7e-m+fp/hard/crtbegin.o
__adddf3                                          C:/SysGCC/arm-eabi/bin/../lib/gcc/arm-none-eabi/13.3.1/thumb/v7e-m+fp/hard\libgcc.a(_arm_addsubdf3.o)
__aeabi_d2f                                       C:/SysGCC/arm-eabi/bin/../lib/gcc/arm-none-eabi/13.3.1/thumb/v7e-m+fp/hard\libgcc.a(_arm_truncdfsf2.o)
                                                  build_F411RE/utils.o
__aeabi_dadd                                      C:/SysGCC/arm-eabi/bin/../lib/gcc/arm-none-eabi/13.3.1/thumb/v7e-m+fp/hard\libgcc.a(_arm_addsubdf3.o)
__aeabi_ddiv                                      C:/SysGCC/arm-eabi/bin/../lib/gcc/arm-none-eabi/13.3.1/thumb/v7e-m+fp/hard\libgcc.a(_arm_muldivdf3.o)
                                                  build_F411RE/utils.o
__aeabi_dmul                                      C:/SysGCC/arm-eabi/bin/../lib/gcc/arm-none-eabi/13.3.1/thumb/v7e-m+fp/hard\libgcc.a(_arm_muldivdf3.o)
                                                  C:/SysGCC/arm-eabi/bin/../lib/gcc/arm-none-eabi/13.3.1/thumb/v7e-m+fp/hard\libgcc.a(_arm_muldf3.o)
                                                  build_F411RE/utils.o
__aeabi_drsub                                     C:/SysGCC/arm-eabi/bin/../lib/gcc/arm-none-eabi/13.3.1/thumb/v7e-m+fp/hard\libgcc.a(_arm_addsubdf3.o)
__aeabi_dsub                                      C:/SysGCC/arm-eabi/bin/../lib/gcc/arm-none-eabi/13.3.1/thumb/v7e-m+fp/hard\libgcc.a(_arm_addsubdf3.o)
__aeabi_f2d                                       C:/SysGCC/arm-eabi/bin/../lib/gcc/arm-none-eabi/13.3.1/thumb/v7e-m+fp/hard\libgcc.a(_arm_addsubdf3.o)
                                                  build_F411RE/utils.o
__aeabi_i2d                                       C:/SysGCC/arm-eabi/bin/../lib/gcc/arm-none-eabi/13.3.1/thumb/v7e-m+fp/hard\libgcc.a(_arm_addsubdf3.o)
__aeabi_l2d                                       C:/SysGCC/arm-eabi/bin/../lib/gcc/arm-none-eabi/13.3.1/thumb/v7e-m+fp/hard\libgcc.a(_arm_addsubdf3.o)
__aeabi_ui2d                                      C:/SysGCC/arm-eabi/bin/../lib/gcc/arm-none-eabi/13.3.1/thumb/v7e-m+fp/hard\libgcc.a(_arm_addsubdf3.o)
                                                  build_F411RE/utils.o
__aeabi_ul2d                                      C:/SysGCC/arm-eabi/bin/../lib/gcc/arm-none-eabi/13.3.1/thumb/v7e-m+fp/hard\libgcc.a(_arm_addsubdf3.o)
__bss_end__                                       C:/SysGCC/arm-eabi/bin/../lib/gcc/arm-none-eabi/13.3.1/thumb/v7e-m+fp/hard/crt0.o
__bss_start__                                     C:/SysGCC/arm-eabi/bin/../lib/gcc/arm-none-eabi/13.3.1/thumb/v7e-m+fp/hard/crt0.o
__call_exitprocs                                  C:/SysGCC/arm-eabi/bin/../lib/gcc/arm-none-eabi/13.3.1/thumb/v7e-m+fp/hard\libc_nano.a(libc_a-exit.o)
__deregister_frame_info                           C:/SysGCC/arm-eabi/bin/../lib/gcc/arm-none-eabi/13.3.1/thumb/v7e-m+fp/hard/crtbegin.o
__divdf3                                          C:/SysGCC/arm-eabi/bin/../lib/gcc/arm-none-eabi/13.3.1/thumb/v7e-m+fp/hard\libgcc.a(_arm_muldivdf3.o)
__dso_handle                                      C:/SysGCC/arm-eabi/bin/../lib/gcc/arm-none-eabi/13.3.1/thumb/v7e-m+fp/hard/crtbegin.o
__env                                             build_F411RE/syscalls.o
__errno                                           C:/SysGCC/arm-eabi/bin/../lib/gcc/arm-none-eabi/13.3.1/thumb/v7e-m+fp/hard\libc_nano.a(libc_a-errno.o)
                                                  build_F411RE/sysmem.o
                                                  build_F411RE/syscalls.o
__extendsfdf2                                     C:/SysGCC/arm-eabi/bin/../lib/gcc/arm-none-eabi/13.3.1/thumb/v7e-m+fp/hard\libgcc.a(_arm_addsubdf3.o)
__floatdidf                                       C:/SysGCC/arm-eabi/bin/../lib/gcc/arm-none-eabi/13.3.1/thumb/v7e-m+fp/hard\libgcc.a(_arm_addsubdf3.o)
__floatsidf                                       C:/SysGCC/arm-eabi/bin/../lib/gcc/arm-none-eabi/13.3.1/thumb/v7e-m+fp/hard\libgcc.a(_arm_addsubdf3.o)
__floatundidf                                     C:/SysGCC/arm-eabi/bin/../lib/gcc/arm-none-eabi/13.3.1/thumb/v7e-m+fp/hard\libgcc.a(_arm_addsubdf3.o)
__floatunsidf                                     C:/SysGCC/arm-eabi/bin/../lib/gcc/arm-none-eabi/13.3.1/thumb/v7e-m+fp/hard\libgcc.a(_arm_addsubdf3.o)
__fp_lock_all                                     C:/SysGCC/arm-eabi/bin/../lib/gcc/arm-none-eabi/13.3.1/thumb/v7e-m+fp/hard\libc_nano.a(libc_a-findfp.o)
__fp_unlock_all                                   C:/SysGCC/arm-eabi/bin/../lib/gcc/arm-none-eabi/13.3.1/thumb/v7e-m+fp/hard\libc_nano.a(libc_a-findfp.o)
__init_array_end                                  C:/SysGCC/arm-eabi/bin/../lib/gcc/arm-none-eabi/13.3.1/thumb/v7e-m+fp/hard\libc_nano.a(libc_a-init.o)
__init_array_start                                C:/SysGCC/arm-eabi/bin/../lib/gcc/arm-none-eabi/13.3.1/thumb/v7e-m+fp/hard\libc_nano.a(libc_a-init.o)
__io_getchar                                      build_F411RE/syscalls.o
__io_putchar                                      build_F411RE/syscalls.o
__libc_fini_array                                 C:/SysGCC/arm-eabi/bin/../lib/gcc/arm-none-eabi/13.3.1/thumb/v7e-m+fp/hard/crt0.o
__libc_init_array                                 C:/SysGCC/arm-eabi/bin/../lib/gcc/arm-none-eabi/13.3.1/thumb/v7e-m+fp/hard\libc_nano.a(libc_a-init.o)
                                                  build_F411RE/startup_stm32f411xe.o
                                                  C:/SysGCC/arm-eabi/bin/../lib/gcc/arm-none-eabi/13.3.1/thumb/v7e-m+fp/hard/crt0.o
__lock___arc4random_mutex                         C:/SysGCC/arm-eabi/bin/../lib/gcc/arm-none-eabi/13.3.1/thumb/v7e-m+fp/hard\libc_nano.a(libc_a-lock.o)
__lock___at_quick_exit_mutex                      C:/SysGCC/arm-eabi/bin/../lib/gcc/arm-none-eabi/13.3.1/thumb/v7e-m+fp/hard\libc_nano.a(libc_a-lock.o)
__lock___atexit_recursive_mutex                   C:/SysGCC/arm-eabi/bin/../lib/gcc/arm-none-eabi/13.3.1/thumb/v7e-m+fp/hard\libc_nano.a(libc_a-lock.o)
__lock___dd_hash_mutex                            C:/SysGCC/arm-eabi/bin/../lib/gcc/arm-none-eabi/13.3.1/thumb/v7e-m+fp/hard\libc_nano.a(libc_a-lock.o)
__lock___env_recursive_mutex                      C:/SysGCC/arm-eabi/bin/../lib/gcc/arm-none-eabi/13.3.1/thumb/v7e-m+fp/hard\libc_nano.a(libc_a-lock.o)
__lock___malloc_recursive_mutex                   C:/SysGCC/arm-eabi/bin/../lib/gcc/arm-none-eabi/13.3.1/thumb/v7e-m+fp/hard\libc_nano.a(libc_a-lock.o)
                                                  C:/SysGCC/arm-eabi/bin/../lib/gcc/arm-none-eabi/13.3.1/thumb/v7e-m+fp/hard\libc_nano.a(libc_a-mlock.o)
__lock___sfp_recursive_mutex                      C:/SysGCC/arm-eabi/bin/../lib/gcc/arm-none-eabi/13.3.1/thumb/v7e-m+fp/hard\libc_nano.a(libc_a-lock.o)
                                                  C:/SysGCC/arm-eabi/bin/../lib/gcc/arm-none-eabi/13.3.1/thumb/v7e-m+fp/hard\libc_nano.a(libc_a-findfp.o)
__lock___tz_mutex                                 C:/SysGCC/arm-eabi/bin/../lib/gcc/arm-none-eabi/13.3.1/thumb/v7e-m+fp/hard\libc_nano.a(libc_a-lock.o)
__malloc_free_list                                C:/SysGCC/arm-eabi/bin/../lib/gcc/arm-none-eabi/13.3.1/thumb/v7e-m+fp/hard\libc_nano.a(libc_a-mallocr.o)
                                                  C:/SysGCC/arm-eabi/bin/../lib/gcc/arm-none-eabi/13.3.1/thumb/v7e-m+fp/hard\libc_nano.a(libc_a-freer.o)
__malloc_lock                                     C:/SysGCC/arm-eabi/bin/../lib/gcc/arm-none-eabi/13.3.1/thumb/v7e-m+fp/hard\libc_nano.a(libc_a-mlock.o)
                                                  C:/SysGCC/arm-eabi/bin/../lib/gcc/arm-none-eabi/13.3.1/thumb/v7e-m+fp/hard\libc_nano.a(libc_a-mallocr.o)
                                                  C:/SysGCC/arm-eabi/bin/../lib/gcc/arm-none-eabi/13.3.1/thumb/v7e-m+fp/hard\libc_nano.a(libc_a-freer.o)
__malloc_sbrk_start                               C:/SysGCC/arm-eabi/bin/../lib/gcc/arm-none-eabi/13.3.1/thumb/v7e-m+fp/hard\libc_nano.a(libc_a-mallocr.o)
__malloc_unlock                                   C:/SysGCC/arm-eabi/bin/../lib/gcc/arm-none-eabi/13.3.1/thumb/v7e-m+fp/hard\libc_nano.a(libc_a-mlock.o)
                                                  C:/SysGCC/arm-eabi/bin/../lib/gcc/arm-none-eabi/13.3.1/thumb/v7e-m+fp/hard\libc_nano.a(libc_a-mallocr.o)
                                                  C:/SysGCC/arm-eabi/bin/../lib/gcc/arm-none-eabi/13.3.1/thumb/v7e-m+fp/hard\libc_nano.a(libc_a-freer.o)
__muldf3                                          C:/SysGCC/arm-eabi/bin/../lib/gcc/arm-none-eabi/13.3.1/thumb/v7e-m+fp/hard\libgcc.a(_arm_muldivdf3.o)
                                                  C:/SysGCC/arm-eabi/bin/../lib/gcc/arm-none-eabi/13.3.1/thumb/v7e-m+fp/hard\libgcc.a(_arm_muldf3.o)
__preinit_array_end                               C:/SysGCC/arm-eabi/bin/../lib/gcc/arm-none-eabi/13.3.1/thumb/v7e-m+fp/hard\libc_nano.a(libc_a-init.o)
__preinit_array_start                             C:/SysGCC/arm-eabi/bin/../lib/gcc/arm-none-eabi/13.3.1/thumb/v7e-m+fp/hard\libc_nano.a(libc_a-init.o)
__register_frame_info                             C:/SysGCC/arm-eabi/bin/../lib/gcc/arm-none-eabi/13.3.1/thumb/v7e-m+fp/hard/crtbegin.o
__retarget_lock_acquire                           C:/SysGCC/arm-eabi/bin/../lib/gcc/arm-none-eabi/13.3.1/thumb/v7e-m+fp/hard\libc_nano.a(libc_a-lock.o)
__retarget_lock_acquire_recursive                 C:/SysGCC/arm-eabi/bin/../lib/gcc/arm-none-eabi/13.3.1/thumb/v7e-m+fp/hard\libc_nano.a(libc_a-lock.o)
                                                  C:/SysGCC/arm-eabi/bin/../lib/gcc/arm-none-eabi/13.3.1/thumb/v7e-m+fp/hard\libc_nano.a(libc_a-fflush.o)
                                                  C:/SysGCC/arm-eabi/bin/../lib/gcc/arm-none-eabi/13.3.1/thumb/v7e-m+fp/hard\libc_nano.a(libc_a-mlock.o)
                                                  C:/SysGCC/arm-eabi/bin/../lib/gcc/arm-none-eabi/13.3.1/thumb/v7e-m+fp/hard\libc_nano.a(libc_a-findfp.o)
__retarget_lock_close                             C:/SysGCC/arm-eabi/bin/../lib/gcc/arm-none-eabi/13.3.1/thumb/v7e-m+fp/hard\libc_nano.a(libc_a-lock.o)
__retarget_lock_close_recursive                   C:/SysGCC/arm-eabi/bin/../lib/gcc/arm-none-eabi/13.3.1/thumb/v7e-m+fp/hard\libc_nano.a(libc_a-lock.o)
__retarget_lock_init                              C:/SysGCC/arm-eabi/bin/../lib/gcc/arm-none-eabi/13.3.1/thumb/v7e-m+fp/hard\libc_nano.a(libc_a-lock.o)
__retarget_lock_init_recursive                    C:/SysGCC/arm-eabi/bin/../lib/gcc/arm-none-eabi/13.3.1/thumb/v7e-m+fp/hard\libc_nano.a(libc_a-lock.o)
                                                  C:/SysGCC/arm-eabi/bin/../lib/gcc/arm-none-eabi/13.3.1/thumb/v7e-m+fp/hard\libc_nano.a(libc_a-findfp.o)
__retarget_lock_release                           C:/SysGCC/arm-eabi/bin/../lib/gcc/arm-none-eabi/13.3.1/thumb/v7e-m+fp/hard\libc_nano.a(libc_a-lock.o)
__retarget_lock_release_recursive                 C:/SysGCC/arm-eabi/bin/../lib/gcc/arm-none-eabi/13.3.1/thumb/v7e-m+fp/hard\libc_nano.a(libc_a-lock.o)
                                                  C:/SysGCC/arm-eabi/bin/../lib/gcc/arm-none-eabi/13.3.1/thumb/v7e-m+fp/hard\libc_nano.a(libc_a-fflush.o)
                                                  C:/SysGCC/arm-eabi/bin/../lib/gcc/arm-none-eabi/13.3.1/thumb/v7e-m+fp/hard\libc_nano.a(libc_a-mlock.o)
                                                  C:/SysGCC/arm-eabi/bin/../lib/gcc/arm-none-eabi/13.3.1/thumb/v7e-m+fp/hard\libc_nano.a(libc_a-findfp.o)
__retarget_lock_try_acquire                       C:/SysGCC/arm-eabi/bin/../lib/gcc/arm-none-eabi/13.3.1/thumb/v7e-m+fp/hard\libc_nano.a(libc_a-lock.o)
__retarget_lock_try_acquire_recursive             C:/SysGCC/arm-eabi/bin/../lib/gcc/arm-none-eabi/13.3.1/thumb/v7e-m+fp/hard\libc_nano.a(libc_a-lock.o)
__sclose                                          C:/SysGCC/arm-eabi/bin/../lib/gcc/arm-none-eabi/13.3.1/thumb/v7e-m+fp/hard\libc_nano.a(libc_a-stdio.o)
                                                  C:/SysGCC/arm-eabi/bin/../lib/gcc/arm-none-eabi/13.3.1/thumb/v7e-m+fp/hard\libc_nano.a(libc_a-findfp.o)
__seofread                                        C:/SysGCC/arm-eabi/bin/../lib/gcc/arm-none-eabi/13.3.1/thumb/v7e-m+fp/hard\libc_nano.a(libc_a-stdio.o)
__sf                                              C:/SysGCC/arm-eabi/bin/../lib/gcc/arm-none-eabi/13.3.1/thumb/v7e-m+fp/hard\libc_nano.a(libc_a-findfp.o)
                                                  C:/SysGCC/arm-eabi/bin/../lib/gcc/arm-none-eabi/13.3.1/thumb/v7e-m+fp/hard\libc_nano.a(libc_a-impure.o)
__sflush_r                                        C:/SysGCC/arm-eabi/bin/../lib/gcc/arm-none-eabi/13.3.1/thumb/v7e-m+fp/hard\libc_nano.a(libc_a-fflush.o)
__sfp                                             C:/SysGCC/arm-eabi/bin/../lib/gcc/arm-none-eabi/13.3.1/thumb/v7e-m+fp/hard\libc_nano.a(libc_a-findfp.o)
__sfp_lock_acquire                                C:/SysGCC/arm-eabi/bin/../lib/gcc/arm-none-eabi/13.3.1/thumb/v7e-m+fp/hard\libc_nano.a(libc_a-findfp.o)
__sfp_lock_release                                C:/SysGCC/arm-eabi/bin/../lib/gcc/arm-none-eabi/13.3.1/thumb/v7e-m+fp/hard\libc_nano.a(libc_a-findfp.o)
__sglue                                           C:/SysGCC/arm-eabi/bin/../lib/gcc/arm-none-eabi/13.3.1/thumb/v7e-m+fp/hard\libc_nano.a(libc_a-findfp.o)
                                                  C:/SysGCC/arm-eabi/bin/../lib/gcc/arm-none-eabi/13.3.1/thumb/v7e-m+fp/hard\libc_nano.a(libc_a-fflush.o)
__sinit                                           C:/SysGCC/arm-eabi/bin/../lib/gcc/arm-none-eabi/13.3.1/thumb/v7e-m+fp/hard\libc_nano.a(libc_a-findfp.o)
                                                  C:/SysGCC/arm-eabi/bin/../lib/gcc/arm-none-eabi/13.3.1/thumb/v7e-m+fp/hard\libc_nano.a(libc_a-fflush.o)
__sread                                           C:/SysGCC/arm-eabi/bin/../lib/gcc/arm-none-eabi/13.3.1/thumb/v7e-m+fp/hard\libc_nano.a(libc_a-stdio.o)
                                                  C:/SysGCC/arm-eabi/bin/../lib/gcc/arm-none-eabi/13.3.1/thumb/v7e-m+fp/hard\libc_nano.a(libc_a-findfp.o)
__sseek                                           C:/SysGCC/arm-eabi/bin/../lib/gcc/arm-none-eabi/13.3.1/thumb/v7e-m+fp/hard\libc_nano.a(libc_a-stdio.o)
                                                  C:/SysGCC/arm-eabi/bin/../lib/gcc/arm-none-eabi/13.3.1/thumb/v7e-m+fp/hard\libc_nano.a(libc_a-findfp.o)
__stack                                           C:/SysGCC/arm-eabi/bin/../lib/gcc/arm-none-eabi/13.3.1/thumb/v7e-m+fp/hard/crt0.o
__stdio_exit_handler                              C:/SysGCC/arm-eabi/bin/../lib/gcc/arm-none-eabi/13.3.1/thumb/v7e-m+fp/hard\libc_nano.a(libc_a-findfp.o)
                                                  C:/SysGCC/arm-eabi/bin/../lib/gcc/arm-none-eabi/13.3.1/thumb/v7e-m+fp/hard\libc_nano.a(libc_a-exit.o)
__subdf3                                          C:/SysGCC/arm-eabi/bin/../lib/gcc/arm-none-eabi/13.3.1/thumb/v7e-m+fp/hard\libgcc.a(_arm_addsubdf3.o)
__swrite                                          C:/SysGCC/arm-eabi/bin/../lib/gcc/arm-none-eabi/13.3.1/thumb/v7e-m+fp/hard\libc_nano.a(libc_a-stdio.o)
                                                  C:/SysGCC/arm-eabi/bin/../lib/gcc/arm-none-eabi/13.3.1/thumb/v7e-m+fp/hard\libc_nano.a(libc_a-findfp.o)
__truncdfsf2                                      C:/SysGCC/arm-eabi/bin/../lib/gcc/arm-none-eabi/13.3.1/thumb/v7e-m+fp/hard\libgcc.a(_arm_truncdfsf2.o)
_close                                            build_F411RE/syscalls.o
                                                  C:/SysGCC/arm-eabi/bin/../lib/gcc/arm-none-eabi/13.3.1/thumb/v7e-m+fp/hard\libc_nano.a(libc_a-closer.o)
_close_r                                          C:/SysGCC/arm-eabi/bin/../lib/gcc/arm-none-eabi/13.3.1/thumb/v7e-m+fp/hard\libc_nano.a(libc_a-closer.o)
                                                  C:/SysGCC/arm-eabi/bin/../lib/gcc/arm-none-eabi/13.3.1/thumb/v7e-m+fp/hard\libc_nano.a(libc_a-stdio.o)
_ebss                                             build_F411RE/startup_stm32f411xe.o
_edata                                            build_F411RE/startup_stm32f411xe.o
_end                                              build_F411RE/sysmem.o
_estack                                           build_F411RE/startup_stm32f411xe.o
                                                  build_F411RE/sysmem.o
_execve                                           build_F411RE/syscalls.o
_exit                                             build_F411RE/syscalls.o
                                                  C:/SysGCC/arm-eabi/bin/../lib/gcc/arm-none-eabi/13.3.1/thumb/v7e-m+fp/hard\libc_nano.a(libc_a-exit.o)
_fflush_r                                         C:/SysGCC/arm-eabi/bin/../lib/gcc/arm-none-eabi/13.3.1/thumb/v7e-m+fp/hard\libc_nano.a(libc_a-fflush.o)
                                                  C:/SysGCC/arm-eabi/bin/../lib/gcc/arm-none-eabi/13.3.1/thumb/v7e-m+fp/hard\libc_nano.a(libc_a-findfp.o)
_fini                                             C:/SysGCC/arm-eabi/bin/../lib/gcc/arm-none-eabi/13.3.1/thumb/v7e-m+fp/hard/crti.o
_fork                                             build_F411RE/syscalls.o
_free_r                                           C:/SysGCC/arm-eabi/bin/../lib/gcc/arm-none-eabi/13.3.1/thumb/v7e-m+fp/hard\libc_nano.a(libc_a-freer.o)
                                                  C:/SysGCC/arm-eabi/bin/../lib/gcc/arm-none-eabi/13.3.1/thumb/v7e-m+fp/hard\libc_nano.a(libc_a-fflush.o)
                                                  C:/SysGCC/arm-eabi/bin/../lib/gcc/arm-none-eabi/13.3.1/thumb/v7e-m+fp/hard\libc_nano.a(libc_a-reent.o)
_fstat                                            build_F411RE/syscalls.o
_fwalk_sglue                                      C:/SysGCC/arm-eabi/bin/../lib/gcc/arm-none-eabi/13.3.1/thumb/v7e-m+fp/hard\libc_nano.a(libc_a-fwalk.o)
                                                  C:/SysGCC/arm-eabi/bin/../lib/gcc/arm-none-eabi/13.3.1/thumb/v7e-m+fp/hard\libc_nano.a(libc_a-fflush.o)
                                                  C:/SysGCC/arm-eabi/bin/../lib/gcc/arm-none-eabi/13.3.1/thumb/v7e-m+fp/hard\libc_nano.a(libc_a-findfp.o)
_getpid                                           build_F411RE/syscalls.o
_impure_data                                      C:/SysGCC/arm-eabi/bin/../lib/gcc/arm-none-eabi/13.3.1/thumb/v7e-m+fp/hard\libc_nano.a(libc_a-impure.o)
                                                  C:/SysGCC/arm-eabi/bin/../lib/gcc/arm-none-eabi/13.3.1/thumb/v7e-m+fp/hard\libc_nano.a(libc_a-fflush.o)
                                                  C:/SysGCC/arm-eabi/bin/../lib/gcc/arm-none-eabi/13.3.1/thumb/v7e-m+fp/hard\libc_nano.a(libc_a-findfp.o)
_impure_ptr                                       C:/SysGCC/arm-eabi/bin/../lib/gcc/arm-none-eabi/13.3.1/thumb/v7e-m+fp/hard\libc_nano.a(libc_a-impure.o)
                                                  C:/SysGCC/arm-eabi/bin/../lib/gcc/arm-none-eabi/13.3.1/thumb/v7e-m+fp/hard\libc_nano.a(libc_a-fflush.o)
                                                  C:/SysGCC/arm-eabi/bin/../lib/gcc/arm-none-eabi/13.3.1/thumb/v7e-m+fp/hard\libc_nano.a(libc_a-errno.o)
                                                  C:/SysGCC/arm-eabi/bin/../lib/gcc/arm-none-eabi/13.3.1/thumb/v7e-m+fp/hard\libc_nano.a(libc_a-reent.o)
_init                                             C:/SysGCC/arm-eabi/bin/../lib/gcc/arm-none-eabi/13.3.1/thumb/v7e-m+fp/hard/crti.o
                                                  C:/SysGCC/arm-eabi/bin/../lib/gcc/arm-none-eabi/13.3.1/thumb/v7e-m+fp/hard\libc_nano.a(libc_a-init.o)
_isatty                                           build_F411RE/syscalls.o
_kill                                             build_F411RE/syscalls.o
_link                                             build_F411RE/syscalls.o
_lseek                                            build_F411RE/syscalls.o
                                                  C:/SysGCC/arm-eabi/bin/../lib/gcc/arm-none-eabi/13.3.1/thumb/v7e-m+fp/hard\libc_nano.a(libc_a-lseekr.o)
_lseek_r                                          C:/SysGCC/arm-eabi/bin/../lib/gcc/arm-none-eabi/13.3.1/thumb/v7e-m+fp/hard\libc_nano.a(libc_a-lseekr.o)
                                                  C:/SysGCC/arm-eabi/bin/../lib/gcc/arm-none-eabi/13.3.1/thumb/v7e-m+fp/hard\libc_nano.a(libc_a-stdio.o)
_mainCRTStartup                                   C:/SysGCC/arm-eabi/bin/../lib/gcc/arm-none-eabi/13.3.1/thumb/v7e-m+fp/hard/crt0.o
_malloc_r                                         C:/SysGCC/arm-eabi/bin/../lib/gcc/arm-none-eabi/13.3.1/thumb/v7e-m+fp/hard\libc_nano.a(libc_a-mallocr.o)
                                                  C:/SysGCC/arm-eabi/bin/../lib/gcc/arm-none-eabi/13.3.1/thumb/v7e-m+fp/hard\libc_nano.a(libc_a-findfp.o)
_open                                             build_F411RE/syscalls.o
_read                                             build_F411RE/syscalls.o
                                                  C:/SysGCC/arm-eabi/bin/../lib/gcc/arm-none-eabi/13.3.1/thumb/v7e-m+fp/hard\libc_nano.a(libc_a-readr.o)
_read_r                                           C:/SysGCC/arm-eabi/bin/../lib/gcc/arm-none-eabi/13.3.1/thumb/v7e-m+fp/hard\libc_nano.a(libc_a-readr.o)
                                                  C:/SysGCC/arm-eabi/bin/../lib/gcc/arm-none-eabi/13.3.1/thumb/v7e-m+fp/hard\libc_nano.a(libc_a-stdio.o)
_reclaim_reent                                    C:/SysGCC/arm-eabi/bin/../lib/gcc/arm-none-eabi/13.3.1/thumb/v7e-m+fp/hard\libc_nano.a(libc_a-reent.o)
_sbrk                                             build_F411RE/sysmem.o
                                                  C:/SysGCC/arm-eabi/bin/../lib/gcc/arm-none-eabi/13.3.1/thumb/v7e-m+fp/hard\libc_nano.a(libc_a-sbrkr.o)
_sbrk_r                                           C:/SysGCC/arm-eabi/bin/../lib/gcc/arm-none-eabi/13.3.1/thumb/v7e-m+fp/hard\libc_nano.a(libc_a-sbrkr.o)
                                                  C:/SysGCC/arm-eabi/bin/../lib/gcc/arm-none-eabi/13.3.1/thumb/v7e-m+fp/hard\libc_nano.a(libc_a-mallocr.o)
_sbss                                             build_F411RE/startup_stm32f411xe.o
_sdata                                            build_F411RE/startup_stm32f411xe.o
_sidata                                           build_F411RE/startup_stm32f411xe.o
_stack_init                                       C:/SysGCC/arm-eabi/bin/../lib/gcc/arm-none-eabi/13.3.1/thumb/v7e-m+fp/hard/crt0.o
_start                                            C:/SysGCC/arm-eabi/bin/../lib/gcc/arm-none-eabi/13.3.1/thumb/v7e-m+fp/hard/crt0.o
_stat                                             build_F411RE/syscalls.o
_times                                            build_F411RE/syscalls.o
_unlink                                           build_F411RE/syscalls.o
_wait                                             build_F411RE/syscalls.o
_write                                            build_F411RE/syscalls.o
                                                  C:/SysGCC/arm-eabi/bin/../lib/gcc/arm-none-eabi/13.3.1/thumb/v7e-m+fp/hard\libc_nano.a(libc_a-writer.o)
_write_r                                          C:/SysGCC/arm-eabi/bin/../lib/gcc/arm-none-eabi/13.3.1/thumb/v7e-m+fp/hard\libc_nano.a(libc_a-writer.o)
                                                  C:/SysGCC/arm-eabi/bin/../lib/gcc/arm-none-eabi/13.3.1/thumb/v7e-m+fp/hard\libc_nano.a(libc_a-stdio.o)
atexit                                            C:/SysGCC/arm-eabi/bin/../lib/gcc/arm-none-eabi/13.3.1/thumb/v7e-m+fp/hard/crt0.o
button_delay_counter                              build_F411RE/main.o
                                                  build_F411RE/it_handlers.o
calculatePID                                      build_F411RE/utils.o
calculatePulsesForAngle                           build_F411RE/utils.o
calculatePulsesForDistance                        build_F411RE/utils.o
constrain                                         build_F411RE/utils.o
constrainf                                        build_F411RE/utils.o
delay_ms                                          build_F411RE/utils.o
                                                  build_F411RE/main.o
environ                                           build_F411RE/syscalls.o
errno                                             C:/SysGCC/arm-eabi/bin/../lib/gcc/arm-none-eabi/13.3.1/thumb/v7e-m+fp/hard\libc_nano.a(libc_a-reent.o)
                                                  C:/SysGCC/arm-eabi/bin/../lib/gcc/arm-none-eabi/13.3.1/thumb/v7e-m+fp/hard\libc_nano.a(libc_a-sbrkr.o)
                                                  C:/SysGCC/arm-eabi/bin/../lib/gcc/arm-none-eabi/13.3.1/thumb/v7e-m+fp/hard\libc_nano.a(libc_a-writer.o)
                                                  C:/SysGCC/arm-eabi/bin/../lib/gcc/arm-none-eabi/13.3.1/thumb/v7e-m+fp/hard\libc_nano.a(libc_a-readr.o)
                                                  C:/SysGCC/arm-eabi/bin/../lib/gcc/arm-none-eabi/13.3.1/thumb/v7e-m+fp/hard\libc_nano.a(libc_a-lseekr.o)
                                                  C:/SysGCC/arm-eabi/bin/../lib/gcc/arm-none-eabi/13.3.1/thumb/v7e-m+fp/hard\libc_nano.a(libc_a-closer.o)
exit                                              C:/SysGCC/arm-eabi/bin/../lib/gcc/arm-none-eabi/13.3.1/thumb/v7e-m+fp/hard\libc_nano.a(libc_a-exit.o)
                                                  C:/SysGCC/arm-eabi/bin/../lib/gcc/arm-none-eabi/13.3.1/thumb/v7e-m+fp/hard/crt0.o
fflush                                            C:/SysGCC/arm-eabi/bin/../lib/gcc/arm-none-eabi/13.3.1/thumb/v7e-m+fp/hard\libc_nano.a(libc_a-fflush.o)
g_pfnVectors                                      build_F411RE/startup_stm32f411xe.o
hardware_init_hook                                C:/SysGCC/arm-eabi/bin/../lib/gcc/arm-none-eabi/13.3.1/thumb/v7e-m+fp/hard/crt0.o
initialise_monitor_handles                        build_F411RE/syscalls.o
integral                                          build_F411RE/utils.o
kd                                                build_F411RE/utils.o
ki                                                build_F411RE/utils.o
kp                                                build_F411RE/utils.o
lastError                                         build_F411RE/utils.o
lastTime                                          build_F411RE/utils.o
leftSpeed                                         build_F411RE/utils.o
left_delay_counter                                build_F411RE/main.o
                                                  build_F411RE/it_handlers.o
left_encoder_ticks                                build_F411RE/main.o
                                                  build_F411RE/utils.o
                                                  build_F411RE/it_handlers.o
left_wheel_direction                              build_F411RE/utils.o
main                                              build_F411RE/main.o
                                                  build_F411RE/startup_stm32f411xe.o
                                                  C:/SysGCC/arm-eabi/bin/../lib/gcc/arm-none-eabi/13.3.1/thumb/v7e-m+fp/hard/crt0.o
maxSpeed                                          build_F411RE/utils.o
memset                                            C:/SysGCC/arm-eabi/bin/../lib/gcc/arm-none-eabi/13.3.1/thumb/v7e-m+fp/hard\libc_nano.a(libc_a-memset.o)
                                                  C:/SysGCC/arm-eabi/bin/../lib/gcc/arm-none-eabi/13.3.1/thumb/v7e-m+fp/hard\libc_nano.a(libc_a-findfp.o)
                                                  C:/SysGCC/arm-eabi/bin/../lib/gcc/arm-none-eabi/13.3.1/thumb/v7e-m+fp/hard/crt0.o
millis                                            build_F411RE/utils.o
millis_counter                                    build_F411RE/main.o
                                                  build_F411RE/utils.o
                                                  build_F411RE/it_handlers.o
minSpeed                                          build_F411RE/utils.o
moveForward                                       build_F411RE/utils.o
                                                  build_F411RE/main.o
moveSpeed                                         build_F411RE/utils.o
pwm_state_pa8                                     build_F411RE/main.o
pwm_state_pa9                                     build_F411RE/main.o
resetEncoders                                     build_F411RE/utils.o
resetPID                                          build_F411RE/utils.o
rightSpeed                                        build_F411RE/utils.o
right_delay_counter                               build_F411RE/main.o
                                                  build_F411RE/it_handlers.o
right_encoder_ticks                               build_F411RE/main.o
                                                  build_F411RE/utils.o
                                                  build_F411RE/it_handlers.o
right_wheel_direction                             build_F411RE/utils.o
robotCircumference                                build_F411RE/utils.o
software_init_hook                                C:/SysGCC/arm-eabi/bin/../lib/gcc/arm-none-eabi/13.3.1/thumb/v7e-m+fp/hard/crt0.o
status_button                                     build_F411RE/main.o
                                                  build_F411RE/it_handlers.o
stopMotors                                        build_F411RE/utils.o
sys_tick                                          build_F411RE/main.o
                                                  build_F411RE/utils.o
                                                  build_F411RE/it_handlers.o
turnLeft                                          build_F411RE/utils.o
                                                  build_F411RE/main.o
turnRight                                         build_F411RE/utils.o
turnSpeed                                         build_F411RE/utils.o
wheelCircumference                                build_F411RE/utils.o
