Archive member included to satisfy reference by file (symbol)

C:/SysGCC/arm-eabi/bin/../lib/gcc/arm-none-eabi/13.3.1/thumb/v7e-m+fp/hard\libc_nano.a(libc_a-exit.o)
                              C:/SysGCC/arm-eabi/bin/../lib/gcc/arm-none-eabi/13.3.1/thumb/v7e-m+fp/hard/crt0.o (exit)
C:/SysGCC/arm-eabi/bin/../lib/gcc/arm-none-eabi/13.3.1/thumb/v7e-m+fp/hard\libc_nano.a(libc_a-nano-vfprintf_float.o)
                              (_printf_float)
C:/SysGCC/arm-eabi/bin/../lib/gcc/arm-none-eabi/13.3.1/thumb/v7e-m+fp/hard\libc_nano.a(libc_a-nano-vfprintf_i.o)
                              C:/SysGCC/arm-eabi/bin/../lib/gcc/arm-none-eabi/13.3.1/thumb/v7e-m+fp/hard\libc_nano.a(libc_a-nano-vfprintf_float.o) (_printf_common)
C:/SysGCC/arm-eabi/bin/../lib/gcc/arm-none-eabi/13.3.1/thumb/v7e-m+fp/hard\libc_nano.a(libc_a-findfp.o)
                              C:/SysGCC/arm-eabi/bin/../lib/gcc/arm-none-eabi/13.3.1/thumb/v7e-m+fp/hard\libc_nano.a(libc_a-exit.o) (__stdio_exit_handler)
C:/SysGCC/arm-eabi/bin/../lib/gcc/arm-none-eabi/13.3.1/thumb/v7e-m+fp/hard\libc_nano.a(libc_a-fwalk.o)
                              C:/SysGCC/arm-eabi/bin/../lib/gcc/arm-none-eabi/13.3.1/thumb/v7e-m+fp/hard\libc_nano.a(libc_a-findfp.o) (_fwalk_sglue)
C:/SysGCC/arm-eabi/bin/../lib/gcc/arm-none-eabi/13.3.1/thumb/v7e-m+fp/hard\libc_nano.a(libc_a-stdio.o)
                              C:/SysGCC/arm-eabi/bin/../lib/gcc/arm-none-eabi/13.3.1/thumb/v7e-m+fp/hard\libc_nano.a(libc_a-findfp.o) (__sread)
C:/SysGCC/arm-eabi/bin/../lib/gcc/arm-none-eabi/13.3.1/thumb/v7e-m+fp/hard\libc_nano.a(libc_a-memset.o)
                              C:/SysGCC/arm-eabi/bin/../lib/gcc/arm-none-eabi/13.3.1/thumb/v7e-m+fp/hard/crt0.o (memset)
C:/SysGCC/arm-eabi/bin/../lib/gcc/arm-none-eabi/13.3.1/thumb/v7e-m+fp/hard\libc_nano.a(libc_a-localeconv.o)
                              C:/SysGCC/arm-eabi/bin/../lib/gcc/arm-none-eabi/13.3.1/thumb/v7e-m+fp/hard\libc_nano.a(libc_a-nano-vfprintf_float.o) (_localeconv_r)
C:/SysGCC/arm-eabi/bin/../lib/gcc/arm-none-eabi/13.3.1/thumb/v7e-m+fp/hard\libc_nano.a(libc_a-closer.o)
                              C:/SysGCC/arm-eabi/bin/../lib/gcc/arm-none-eabi/13.3.1/thumb/v7e-m+fp/hard\libc_nano.a(libc_a-stdio.o) (_close_r)
C:/SysGCC/arm-eabi/bin/../lib/gcc/arm-none-eabi/13.3.1/thumb/v7e-m+fp/hard\libc_nano.a(libc_a-reent.o)
                              C:/SysGCC/arm-eabi/bin/../lib/gcc/arm-none-eabi/13.3.1/thumb/v7e-m+fp/hard\libc_nano.a(libc_a-closer.o) (errno)
C:/SysGCC/arm-eabi/bin/../lib/gcc/arm-none-eabi/13.3.1/thumb/v7e-m+fp/hard\libc_nano.a(libc_a-impure.o)
                              C:/SysGCC/arm-eabi/bin/../lib/gcc/arm-none-eabi/13.3.1/thumb/v7e-m+fp/hard\libc_nano.a(libc_a-reent.o) (_impure_ptr)
C:/SysGCC/arm-eabi/bin/../lib/gcc/arm-none-eabi/13.3.1/thumb/v7e-m+fp/hard\libc_nano.a(libc_a-lseekr.o)
                              C:/SysGCC/arm-eabi/bin/../lib/gcc/arm-none-eabi/13.3.1/thumb/v7e-m+fp/hard\libc_nano.a(libc_a-stdio.o) (_lseek_r)
C:/SysGCC/arm-eabi/bin/../lib/gcc/arm-none-eabi/13.3.1/thumb/v7e-m+fp/hard\libc_nano.a(libc_a-readr.o)
                              C:/SysGCC/arm-eabi/bin/../lib/gcc/arm-none-eabi/13.3.1/thumb/v7e-m+fp/hard\libc_nano.a(libc_a-stdio.o) (_read_r)
C:/SysGCC/arm-eabi/bin/../lib/gcc/arm-none-eabi/13.3.1/thumb/v7e-m+fp/hard\libc_nano.a(libc_a-writer.o)
                              C:/SysGCC/arm-eabi/bin/../lib/gcc/arm-none-eabi/13.3.1/thumb/v7e-m+fp/hard\libc_nano.a(libc_a-stdio.o) (_write_r)
C:/SysGCC/arm-eabi/bin/../lib/gcc/arm-none-eabi/13.3.1/thumb/v7e-m+fp/hard\libc_nano.a(libc_a-errno.o)
                              build_F411RE/syscalls.o (__errno)
C:/SysGCC/arm-eabi/bin/../lib/gcc/arm-none-eabi/13.3.1/thumb/v7e-m+fp/hard\libc_nano.a(libc_a-init.o)
                              C:/SysGCC/arm-eabi/bin/../lib/gcc/arm-none-eabi/13.3.1/thumb/v7e-m+fp/hard/crt0.o (__libc_init_array)
C:/SysGCC/arm-eabi/bin/../lib/gcc/arm-none-eabi/13.3.1/thumb/v7e-m+fp/hard\libc_nano.a(libc_a-lock.o)
                              C:/SysGCC/arm-eabi/bin/../lib/gcc/arm-none-eabi/13.3.1/thumb/v7e-m+fp/hard\libc_nano.a(libc_a-findfp.o) (__retarget_lock_init_recursive)
C:/SysGCC/arm-eabi/bin/../lib/gcc/arm-none-eabi/13.3.1/thumb/v7e-m+fp/hard\libc_nano.a(libc_a-memchr.o)
                              C:/SysGCC/arm-eabi/bin/../lib/gcc/arm-none-eabi/13.3.1/thumb/v7e-m+fp/hard\libc_nano.a(libc_a-nano-vfprintf_i.o) (memchr)
C:/SysGCC/arm-eabi/bin/../lib/gcc/arm-none-eabi/13.3.1/thumb/v7e-m+fp/hard\libc_nano.a(libc_a-strlen.o)
                              C:/SysGCC/arm-eabi/bin/../lib/gcc/arm-none-eabi/13.3.1/thumb/v7e-m+fp/hard\libc_nano.a(libc_a-nano-vfprintf_float.o) (strlen)
C:/SysGCC/arm-eabi/bin/../lib/gcc/arm-none-eabi/13.3.1/thumb/v7e-m+fp/hard\libc_nano.a(libc_a-dtoa.o)
                              C:/SysGCC/arm-eabi/bin/../lib/gcc/arm-none-eabi/13.3.1/thumb/v7e-m+fp/hard\libc_nano.a(libc_a-nano-vfprintf_float.o) (_dtoa_r)
[...]
Memory Configuration

Name             Origin             Length             Attributes
RAM              0x20000000         0x00020000         xrw
FLASH            0x08000000         0x00080000         xr
*default*        0x00000000         0xffffffff

Linker script and memory map

LOAD C:/SysGCC/arm-eabi/bin/../lib/gcc/arm-none-eabi/13.3.1/thumb/v7e-m+fp/hard/crti.o
LOAD C:/SysGCC/arm-eabi/bin/../lib/gcc/arm-none-eabi/13.3.1/thumb/v7e-m+fp/hard/crtbegin.o
LOAD C:/SysGCC/arm-eabi/bin/../lib/gcc/arm-none-eabi/13.3.1/thumb/v7e-m+fp/hard/crt0.o
LOAD build_F411RE/system_stm32f4xx.o
LOAD build_F411RE/syscalls.o
LOAD build_F411RE/sysmem.o
LOAD build_F411RE/main.o
LOAD build_F411RE/init.o
LOAD build_F411RE/it_handlers.o
LOAD build_F411RE/mpu_i2c.o
LOAD build_F411RE/utils.o
LOAD build_F411RE/startup_stm32f411xe.o
LOAD C:/SysGCC/arm-eabi/bin/../lib/gcc/arm-none-eabi/13.3.1/thumb/v7e-m+fp/hard\libc_nano.a
LOAD C:/SysGCC/arm-eabi/bin/../lib/gcc/arm-none-eabi/13.3.1/thumb/v7e-m+fp/hard\libm.a
LOAD C:/SysGCC/arm-eabi/bin/../lib/gcc/arm-none-eabi/13.3.1/thumb/v7e-m+fp/hard\libnosys.a
START GROUP
LOAD C:/SysGCC/arm-eabi/bin/../lib/gcc/arm-none-eabi/13.3.1/thumb/v7e-m+fp/hard\libgcc.a
LOAD C:/SysGCC/arm-eabi/bin/../lib/gcc/arm-none-eabi/13.3.1/thumb/v7e-m+fp/hard\libc_nano.a
END GROUP
START GROUP
LOAD C:/SysGCC/arm-eabi/bin/../lib/gcc/arm-none-eabi/13.3.1/thumb/v7e-m+fp/hard\libgcc.a
LOAD C:/SysGCC/arm-eabi/bin/../lib/gcc/arm-none-eabi/13.3.1/thumb/v7e-m+fp/hard\libc_nano.a
END GROUP
LOAD C:/SysGCC/arm-eabi/bin/../lib/gcc/arm-none-eabi/13.3.1/thumb/v7e-m+fp/hard/crtend.o
LOAD C:/SysGCC/arm-eabi/bin/../lib/gcc/arm-none-eabi/13.3.1/thumb/v7e-m+fp/hard/crtn.o
                0x20020000                        _estack = 0x20020000
                0x00000200                        _Min_Heap_Size = 0x200
                0x00000400                        _Min_Stack_Size = 0x400

.isr_vector     0x08000000      0x198
                0x08000000                        . = ALIGN (0x4)
 *(.isr_vector)
 .isr_vector    0x08000000      0x198 build_F411RE/startup_stm32f411xe.o
                0x08000000                g_pfnVectors
                0x08000198                        . = ALIGN (0x4)

.text           0x080001a0     0x4504
                0x080001a0                        . = ALIGN (0x4)
 *(.text)
 .text          0x080001a0       0xa0 C:/SysGCC/arm-eabi/bin/../lib/gcc/arm-none-eabi/13.3.1/thumb/v7e-m+fp/hard\libc_nano.a(libc_a-memchr.o)
                0x080001a0                memchr
 .text          0x08000240       0x10 C:/SysGCC/arm-eabi/bin/../lib/gcc/arm-none-eabi/13.3.1/thumb/v7e-m+fp/hard\libc_nano.a(libc_a-strlen.o)
                0x08000240                strlen
 .text          0x08000250      0x378 C:/SysGCC/arm-eabi/bin/../lib/gcc/arm-none-eabi/13.3.1/thumb/v7e-m+fp/hard\libgcc.a(_arm_addsubdf3.o)
                0x08000250                __aeabi_drsub
                0x08000258                __aeabi_dsub
                0x08000258                __subdf3
                0x0800025c                __aeabi_dadd
                0x0800025c                __adddf3
                0x080004d4                __floatunsidf
                0x080004d4                __aeabi_ui2d
                0x080004f4                __floatsidf
                0x080004f4                __aeabi_i2d
                0x08000518                __aeabi_f2d
                0x08000518                __extendsfdf2
                0x0800055c                __floatundidf
                0x0800055c                __aeabi_ul2d
                0x0800056c                __floatdidf
                0x0800056c                __aeabi_l2d
 .text          0x080005c8      0x424 C:/SysGCC/arm-eabi/bin/../lib/gcc/arm-none-eabi/13.3.1/thumb/v7e-m+fp/hard\libgcc.a(_arm_muldivdf3.o)
                0x080005c8                __aeabi_dmul
                0x080005c8                __muldf3
                0x0800081c                __divdf3
                0x0800081c                __aeabi_ddiv
 .text          0x080009ec      0x110 C:/SysGCC/arm-eabi/bin/../lib/gcc/arm-none-eabi/13.3.1/thumb/v7e-m+fp/hard\libgcc.a(_arm_cmpdf2.o)
                0x080009ec                __gtdf2
                0x080009ec                __gedf2
                0x080009f4                __ltdf2
                0x080009f4                __ledf2
                0x080009fc                __nedf2
                0x080009fc                __eqdf2
                0x080009fc                __cmpdf2
                0x08000a78                __aeabi_cdrcmple
                0x08000a88                __aeabi_cdcmpeq
                0x08000a88                __aeabi_cdcmple
                0x08000a98                __aeabi_dcmpeq
                0x08000aac                __aeabi_dcmplt
                0x08000ac0                __aeabi_dcmple
                0x08000ad4                __aeabi_dcmpge
                0x08000ae8                __aeabi_dcmpgt
 .text          0x08000afc       0x2c C:/SysGCC/arm-eabi/bin/../lib/gcc/arm-none-eabi/13.3.1/thumb/v7e-m+fp/hard\libgcc.a(_arm_unorddf2.o)
                0x08000afc                __unorddf2
                0x08000afc                __aeabi_dcmpun
 .text          0x08000b28       0x50 C:/SysGCC/arm-eabi/bin/../lib/gcc/arm-none-eabi/13.3.1/thumb/v7e-m+fp/hard\libgcc.a(_arm_fixdfsi.o)
                0x08000b28                __aeabi_d2iz
                0x08000b28                __fixdfsi
 .text          0x08000b78       0xa0 C:/SysGCC/arm-eabi/bin/../lib/gcc/arm-none-eabi/13.3.1/thumb/v7e-m+fp/hard\libgcc.a(_arm_truncdfsf2.o)
                0x08000b78                __truncdfsf2
                0x08000b78                __aeabi_d2f
 *(.text*)
 .text.deregister_tm_clones
                0x08000c18       0x1c C:/SysGCC/arm-eabi/bin/../lib/gcc/arm-none-eabi/13.3.1/thumb/v7e-m+fp/hard/crtbegin.o
 .text.register_tm_clones
                0x08000c34       0x24 C:/SysGCC/arm-eabi/bin/../lib/gcc/arm-none-eabi/13.3.1/thumb/v7e-m+fp/hard/crtbegin.o
 .text.__do_global_dtors_aux
                0x08000c58       0x28 C:/SysGCC/arm-eabi/bin/../lib/gcc/arm-none-eabi/13.3.1/thumb/v7e-m+fp/hard/crtbegin.o
 .text.frame_dummy
                0x08000c80       0x24 C:/SysGCC/arm-eabi/bin/../lib/gcc/arm-none-eabi/13.3.1/thumb/v7e-m+fp/hard/crtbegin.o
 .text.SystemInit
                0x08000ca4       0x14 build_F411RE/system_stm32f4xx.o
                0x08000ca4                SystemInit
 .text._getpid  0x08000cb8        0x4 build_F411RE/syscalls.o
                0x08000cb8                _getpid
 .text._kill    0x08000cbc       0x10 build_F411RE/syscalls.o
                0x08000cbc                _kill
 .text._exit    0x08000ccc        0xc build_F411RE/syscalls.o
                0x08000ccc                _exit
 .text._read    0x08000cd8       0x20 build_F411RE/syscalls.o
                0x08000cd8                _read
 .text._write   0x08000cf8       0x1c build_F411RE/syscalls.o
                0x08000cf8                _write
 .text._close   0x08000d14        0x6 build_F411RE/syscalls.o
                0x08000d14                _close
 .text._fstat   0x08000d1a        0xa build_F411RE/syscalls.o
                0x08000d1a                _fstat
 .text._isatty  0x08000d24        0x4 build_F411RE/syscalls.o
                0x08000d24                _isatty
 .text._lseek   0x08000d28        0x4 build_F411RE/syscalls.o
                0x08000d28                _lseek
 .text._sbrk    0x08000d2c       0x48 build_F411RE/sysmem.o
                0x08000d2c                _sbrk
 .text.main     0x08000d74       0x40 build_F411RE/main.o
                0x08000d74                main
 .text.NVIC_EncodePriority
                0x08000db4       0x3e build_F411RE/init.o
 *fill*         0x08000df2        0x2 
 .text.GPIO_Init_Ports
                0x08000df4       0xc4 build_F411RE/init.o
                0x08000df4                GPIO_Init_Ports
 .text.SysTick_Init
                0x08000eb8       0x46 build_F411RE/init.o
                0x08000eb8                SysTick_Init
 *fill*         0x08000efe        0x2 
 .text.RCC_Init
                0x08000f00       0xe0 build_F411RE/init.o
                0x08000f00                RCC_Init
 .text.TIM1_PWM_Init
                0x08000fe0       0xa8 build_F411RE/init.o
                0x08000fe0                TIM1_PWM_Init
 .text.ITR_Init
                0x08001088       0xe4 build_F411RE/init.o
                0x08001088                ITR_Init
 .text.SysTick_Handler
                0x0800116c       0x40 build_F411RE/it_handlers.o
                0x0800116c                SysTick_Handler
 .text.EXTI15_10_IRQHandler
                0x080011ac       0x84 build_F411RE/it_handlers.o
                0x080011ac                EXTI15_10_IRQHandler
 .text.EXTI9_5_IRQHandler
                0x08001230       0x3c build_F411RE/it_handlers.o
                0x08001230                EXTI9_5_IRQHandler
 .text.I2C_Wait
                0x0800126c       0x22 build_F411RE/mpu_i2c.o
                0x0800126c                I2C_Wait
 *fill*         0x0800128e        0x2 
 .text.I2C_Init_HW
                0x08001290       0x90 build_F411RE/mpu_i2c.o
                0x08001290                I2C_Init_HW
 .text.I2C_Start
                0x08001320       0x20 build_F411RE/mpu_i2c.o
                0x08001320                I2C_Start
 .text.I2C_Stop
                0x08001340       0x14 build_F411RE/mpu_i2c.o
                0x08001340                I2C_Stop
 .text.I2C_Address
                0x08001354       0x34 build_F411RE/mpu_i2c.o
                0x08001354                I2C_Address
 .text.I2C_Write
                0x08001388       0x34 build_F411RE/mpu_i2c.o
                0x08001388                I2C_Write
 .text.MPU_Read
                0x080013bc       0xec build_F411RE/mpu_i2c.o
                0x080013bc                MPU_Read
 .text.MPU_Calibrate
                0x080014a8       0x8c build_F411RE/mpu_i2c.o
                0x080014a8                MPU_Calibrate
 .text.MPU_Update
                0x08001534      0x154 build_F411RE/mpu_i2c.o
                0x08001534                MPU_Update
 .text.MPU_GetYaw
                0x08001688        0xc build_F411RE/mpu_i2c.o
                0x08001688                MPU_GetYaw
 .text.millis   0x08001694        0xc build_F411RE/utils.o
                0x08001694                millis
 .text.delay_ms
                0x080016a0       0x16 build_F411RE/utils.o
                0x080016a0                delay_ms
 .text.constrainf
                0x080016b6       0x3e build_F411RE/utils.o
                0x080016b6                constrainf
 .text.normalizeAngle
                0x080016f4       0x40 build_F411RE/utils.o
                0x080016f4                normalizeAngle
 .text.PWM_Left
                0x08001734       0x20 build_F411RE/utils.o
                0x08001734                PWM_Left
 .text.PWM_Right
                0x08001754       0x20 build_F411RE/utils.o
                0x08001754                PWM_Right
 .text.left_dir
                0x08001774       0x34 build_F411RE/utils.o
                0x08001774                left_dir
 .text.right_dir
                0x080017a8       0x34 build_F411RE/utils.o
                0x080017a8                right_dir
 .text.stopMotors
                0x080017dc       0x1c build_F411RE/utils.o
                0x080017dc                stopMotors
 .text.PID      0x080017f8       0xcc build_F411RE/utils.o
                0x080017f8                PID
 .text.PID_Reset
                0x080018c4        0x8 build_F411RE/utils.o
                0x080018c4                PID_Reset
 .text.turnByAngle
                0x080018cc      0x1a0 build_F411RE/utils.o
                0x080018cc                turnByAngle
 .text.moveStraight
                0x08001a6c      0x1d4 build_F411RE/utils.o
                0x08001a6c                moveStraight
 .text.Traject  0x08001c40      0x128 build_F411RE/utils.o
                0x08001c40                Traject
 .text.Reset_Handler
                0x08001d68       0x50 build_F411RE/startup_stm32f411xe.o
                0x08001d68                Reset_Handler
 .text.Default_Handler
                0x08001db8        0x2 build_F411RE/startup_stm32f411xe.o
                0x08001db8                RTC_Alarm_IRQHandler
                0x08001db8                EXTI2_IRQHandler
                0x08001db8                DebugMon_Handler
                0x08001db8                SPI4_IRQHandler
                0x08001db8                TIM1_CC_IRQHandler
                0x08001db8                DMA2_Stream5_IRQHandler
                0x08001db8                HardFault_Handler
                0x08001db8                DMA1_Stream5_IRQHandler
                0x08001db8                PVD_IRQHandler
                0x08001db8                SDIO_IRQHandler
                0x08001db8                TAMP_STAMP_IRQHandler
                0x08001db8                PendSV_Handler
                0x08001db8                NMI_Handler
                0x08001db8                EXTI3_IRQHandler
                0x08001db8                TIM1_UP_TIM10_IRQHandler
                0x08001db8                I2C3_ER_IRQHandler
                0x08001db8                EXTI0_IRQHandler
                0x08001db8                I2C2_EV_IRQHandler
                0x08001db8                DMA1_Stream2_IRQHandler
                0x08001db8                FPU_IRQHandler
                0x08001db8                UsageFault_Handler
                0x08001db8                DMA2_Stream2_IRQHandler
                0x08001db8                SPI1_IRQHandler
                0x08001db8                TIM1_BRK_TIM9_IRQHandler
                0x08001db8                DMA2_Stream3_IRQHandler
                0x08001db8                USART6_IRQHandler
                0x08001db8                DMA2_Stream0_IRQHandler
                0x08001db8                TIM4_IRQHandler
                0x08001db8                I2C1_EV_IRQHandler
                0x08001db8                DMA1_Stream6_IRQHandler
                0x08001db8                DMA1_Stream1_IRQHandler
                0x08001db8                TIM3_IRQHandler
                0x08001db8                RCC_IRQHandler
                0x08001db8                Default_Handler
                0x08001db8                ADC_IRQHandler
                0x08001db8                DMA1_Stream7_IRQHandler
                0x08001db8                SPI5_IRQHandler
                0x08001db8                TIM5_IRQHandler
                0x08001db8                DMA2_Stream7_IRQHandler
                0x08001db8                I2C3_EV_IRQHandler
                0x08001db8                RTC_WKUP_IRQHandler
                0x08001db8                SPI2_IRQHandler
                0x08001db8                MemManage_Handler
                0x08001db8                DMA1_Stream0_IRQHandler
                0x08001db8                SVC_Handler
                0x08001db8                EXTI4_IRQHandler
                0x08001db8                WWDG_IRQHandler
                0x08001db8                TIM2_IRQHandler
                0x08001db8                OTG_FS_WKUP_IRQHandler
                0x08001db8                TIM1_TRG_COM_TIM11_IRQHandler
                0x08001db8                EXTI1_IRQHandler
                0x08001db8                USART2_IRQHandler
                0x08001db8                I2C2_ER_IRQHandler
                0x08001db8                DMA2_Stream1_IRQHandler
                0x08001db8                FLASH_IRQHandler
                0x08001db8                DMA2_Stream4_IRQHandler
                0x08001db8                BusFault_Handler
                0x08001db8                USART1_IRQHandler
                0x08001db8                OTG_FS_IRQHandler
                0x08001db8                SPI3_IRQHandler
                0x08001db8                DMA1_Stream4_IRQHandler
                0x08001db8                I2C1_ER_IRQHandler
                0x08001db8                DMA2_Stream6_IRQHandler
                0x08001db8                DMA1_Stream3_IRQHandler
 .text.__cvt    0x08001dba       0xca C:/SysGCC/arm-eabi/bin/../lib/gcc/arm-none-eabi/13.3.1/thumb/v7e-m+fp/hard\libc_nano.a(libc_a-nano-vfprintf_float.o)
                0x08001dba                __cvt
 .text.__exponent
                0x08001e84       0x74 C:/SysGCC/arm-eabi/bin/../lib/gcc/arm-none-eabi/13.3.1/thumb/v7e-m+fp/hard\libc_nano.a(libc_a-nano-vfprintf_float.o)
                0x08001e84                __exponent
 .text._printf_float
                0x08001ef8      0x454 C:/SysGCC/arm-eabi/bin/../lib/gcc/arm-none-eabi/13.3.1/thumb/v7e-m+fp/hard\libc_nano.a(libc_a-nano-vfprintf_float.o)
                0x08001ef8                _printf_float
 .text._printf_common
                0x0800234c       0xda C:/SysGCC/arm-eabi/bin/../lib/gcc/arm-none-eabi/13.3.1/thumb/v7e-m+fp/hard\libc_nano.a(libc_a-nano-vfprintf_i.o)
                0x0800234c                _printf_common
 *fill*         0x08002426        0x2 
 .text._printf_i
                0x08002428      0x23c C:/SysGCC/arm-eabi/bin/../lib/gcc/arm-none-eabi/13.3.1/thumb/v7e-m+fp/hard\libc_nano.a(libc_a-nano-vfprintf_i.o)
                0x08002428                _printf_i
 .text.std      0x08002664       0x6c C:/SysGCC/arm-eabi/bin/../lib/gcc/arm-none-eabi/13.3.1/thumb/v7e-m+fp/hard\libc_nano.a(libc_a-findfp.o)
 .text.stdio_exit_handler
                0x080026d0       0x18 C:/SysGCC/arm-eabi/bin/../lib/gcc/arm-none-eabi/13.3.1/thumb/v7e-m+fp/hard\libc_nano.a(libc_a-findfp.o)
 .text.cleanup_stdio
                0x080026e8       0x40 C:/SysGCC/arm-eabi/bin/../lib/gcc/arm-none-eabi/13.3.1/thumb/v7e-m+fp/hard\libc_nano.a(libc_a-findfp.o)
 .text.global_stdio_init.part.0
                0x08002728       0x3c C:/SysGCC/arm-eabi/bin/../lib/gcc/arm-none-eabi/13.3.1/thumb/v7e-m+fp/hard\libc_nano.a(libc_a-findfp.o)
 .text.__sfp_lock_acquire
                0x08002764        0xc C:/SysGCC/arm-eabi/bin/../lib/gcc/arm-none-eabi/13.3.1/thumb/v7e-m+fp/hard\libc_nano.a(libc_a-findfp.o)
                0x08002764                __sfp_lock_acquire
 .text.__sfp_lock_release
                0x08002770        0xc C:/SysGCC/arm-eabi/bin/../lib/gcc/arm-none-eabi/13.3.1/thumb/v7e-m+fp/hard\libc_nano.a(libc_a-findfp.o)
                0x08002770                __sfp_lock_release
 .text.__sinit  0x0800277c       0x30 C:/SysGCC/arm-eabi/bin/../lib/gcc/arm-none-eabi/13.3.1/thumb/v7e-m+fp/hard\libc_nano.a(libc_a-findfp.o)
                0x0800277c                __sinit
 .text._fwalk_sglue
                0x080027ac       0x3c C:/SysGCC/arm-eabi/bin/../lib/gcc/arm-none-eabi/13.3.1/thumb/v7e-m+fp/hard\libc_nano.a(libc_a-fwalk.o)
                0x080027ac                _fwalk_sglue
 .text.__sread  0x080027e8       0x22 C:/SysGCC/arm-eabi/bin/../lib/gcc/arm-none-eabi/13.3.1/thumb/v7e-m+fp/hard\libc_nano.a(libc_a-stdio.o)
                0x080027e8                __sread
 .text.__swrite
                0x0800280a       0x38 C:/SysGCC/arm-eabi/bin/../lib/gcc/arm-none-eabi/13.3.1/thumb/v7e-m+fp/hard\libc_nano.a(libc_a-stdio.o)
                0x0800280a                __swrite
 .text.__sseek  0x08002842       0x24 C:/SysGCC/arm-eabi/bin/../lib/gcc/arm-none-eabi/13.3.1/thumb/v7e-m+fp/hard\libc_nano.a(libc_a-stdio.o)
                0x08002842                __sseek
 .text.__sclose
                0x08002866        0x8 C:/SysGCC/arm-eabi/bin/../lib/gcc/arm-none-eabi/13.3.1/thumb/v7e-m+fp/hard\libc_nano.a(libc_a-stdio.o)
                0x08002866                __sclose
 .text.memset   0x0800286e       0x10 C:/SysGCC/arm-eabi/bin/../lib/gcc/arm-none-eabi/13.3.1/thumb/v7e-m+fp/hard\libc_nano.a(libc_a-memset.o)
                0x0800286e                memset
 *fill*         0x0800287e        0x2 
 .text._localeconv_r
                0x08002880        0x8 C:/SysGCC/arm-eabi/bin/../lib/gcc/arm-none-eabi/13.3.1/thumb/v7e-m+fp/hard\libc_nano.a(libc_a-localeconv.o)
                0x08002880                _localeconv_r
 .text._close_r
                0x08002888       0x20 C:/SysGCC/arm-eabi/bin/../lib/gcc/arm-none-eabi/13.3.1/thumb/v7e-m+fp/hard\libc_nano.a(libc_a-closer.o)
                0x08002888                _close_r
 .text._lseek_r
                0x080028a8       0x24 C:/SysGCC/arm-eabi/bin/../lib/gcc/arm-none-eabi/13.3.1/thumb/v7e-m+fp/hard\libc_nano.a(libc_a-lseekr.o)
                0x080028a8                _lseek_r
 .text._read_r  0x080028cc       0x24 C:/SysGCC/arm-eabi/bin/../lib/gcc/arm-none-eabi/13.3.1/thumb/v7e-m+fp/hard\libc_nano.a(libc_a-readr.o)
                0x080028cc                _read_r
 .text._write_r
                0x080028f0       0x24 C:/SysGCC/arm-eabi/bin/../lib/gcc/arm-none-eabi/13.3.1/thumb/v7e-m+fp/hard\libc_nano.a(libc_a-writer.o)
                0x080028f0                _write_r
 .text.__errno  0x08002914        0xc C:/SysGCC/arm-eabi/bin/../lib/gcc/arm-none-eabi/13.3.1/thumb/v7e-m+fp/hard\libc_nano.a(libc_a-errno.o)
                0x08002914                __errno
 .text.__libc_init_array
                0x08002920       0x48 C:/SysGCC/arm-eabi/bin/../lib/gcc/arm-none-eabi/13.3.1/thumb/v7e-m+fp/hard\libc_nano.a(libc_a-init.o)
                0x08002920                __libc_init_array
 .text.__retarget_lock_init_recursive
                0x08002968        0x2 C:/SysGCC/arm-eabi/bin/../lib/gcc/arm-none-eabi/13.3.1/thumb/v7e-m+fp/hard\libc_nano.a(libc_a-lock.o)
                0x08002968                __retarget_lock_init_recursive
 .text.__retarget_lock_acquire_recursive
                0x0800296a        0x2 C:/SysGCC/arm-eabi/bin/../lib/gcc/arm-none-eabi/13.3.1/thumb/v7e-m+fp/hard\libc_nano.a(libc_a-lock.o)
                0x0800296a                __retarget_lock_acquire_recursive
 .text.__retarget_lock_release_recursive
                0x0800296c        0x2 C:/SysGCC/arm-eabi/bin/../lib/gcc/arm-none-eabi/13.3.1/thumb/v7e-m+fp/hard\libc_nano.a(libc_a-lock.o)
                0x0800296c                __retarget_lock_release_recursive
 .text.quorem   0x0800296e      0x110 C:/SysGCC/arm-eabi/bin/../lib/gcc/arm-none-eabi/13.3.1/thumb/v7e-m+fp/hard\libc_nano.a(libc_a-dtoa.o)
 *fill*         0x08002a7e        0x2 
 .text._dtoa_r  0x08002a80      0xb74 C:/SysGCC/arm-eabi/bin/../lib/gcc/arm-none-eabi/13.3.1/thumb/v7e-m+fp/hard\libc_nano.a(libc_a-dtoa.o)
                0x08002a80                _dtoa_r
 .text._free_r  0x080035f4       0x94 C:/SysGCC/arm-eabi/bin/../lib/gcc/arm-none-eabi/13.3.1/thumb/v7e-m+fp/hard\libc_nano.a(libc_a-freer.o)
                0x080035f4                _free_r
 .text.malloc   0x08003688       0x10 C:/SysGCC/arm-eabi/bin/../lib/gcc/arm-none-eabi/13.3.1/thumb/v7e-m+fp/hard\libc_nano.a(libc_a-malloc.o)
                0x08003688                malloc
 .text.sbrk_aligned
                0x08003698       0x44 C:/SysGCC/arm-eabi/bin/../lib/gcc/arm-none-eabi/13.3.1/thumb/v7e-m+fp/hard\libc_nano.a(libc_a-mallocr.o)
 .text._malloc_r
                0x080036dc      0x100 C:/SysGCC/arm-eabi/bin/../lib/gcc/arm-none-eabi/13.3.1/thumb/v7e-m+fp/hard\libc_nano.a(libc_a-mallocr.o)
                0x080036dc                _malloc_r
 .text.__malloc_lock
                0x080037dc        0xc C:/SysGCC/arm-eabi/bin/../lib/gcc/arm-none-eabi/13.3.1/thumb/v7e-m+fp/hard\libc_nano.a(libc_a-mlock.o)
                0x080037dc                __malloc_lock
 .text.__malloc_unlock
                0x080037e8        0xc C:/SysGCC/arm-eabi/bin/../lib/gcc/arm-none-eabi/13.3.1/thumb/v7e-m+fp/hard\libc_nano.a(libc_a-mlock.o)
                0x080037e8                __malloc_unlock
 .text._Balloc  0x080037f4       0x80 C:/SysGCC/arm-eabi/bin/../lib/gcc/arm-none-eabi/13.3.1/thumb/v7e-m+fp/hard\libc_nano.a(libc_a-mprec.o)
                0x080037f4                _Balloc
 .text._Bfree   0x08003874       0x44 C:/SysGCC/arm-eabi/bin/../lib/gcc/arm-none-eabi/13.3.1/thumb/v7e-m+fp/hard\libc_nano.a(libc_a-mprec.o)
                0x08003874                _Bfree
 .text.__multadd
                0x080038b8       0x8c C:/SysGCC/arm-eabi/bin/../lib/gcc/arm-none-eabi/13.3.1/thumb/v7e-m+fp/hard\libc_nano.a(libc_a-mprec.o)
                0x080038b8                __multadd
 .text.__hi0bits
                0x08003944       0x3e C:/SysGCC/arm-eabi/bin/../lib/gcc/arm-none-eabi/13.3.1/thumb/v7e-m+fp/hard\libc_nano.a(libc_a-mprec.o)
                0x08003944                __hi0bits
 .text.__lo0bits
                0x08003982       0x5a C:/SysGCC/arm-eabi/bin/../lib/gcc/arm-none-eabi/13.3.1/thumb/v7e-m+fp/hard\libc_nano.a(libc_a-mprec.o)
                0x08003982                __lo0bits
 .text.__i2b    0x080039dc       0x2c C:/SysGCC/arm-eabi/bin/../lib/gcc/arm-none-eabi/13.3.1/thumb/v7e-m+fp/hard\libc_nano.a(libc_a-mprec.o)
                0x080039dc                __i2b
 .text.__multiply
                0x08003a08      0x144 C:/SysGCC/arm-eabi/bin/../lib/gcc/arm-none-eabi/13.3.1/thumb/v7e-m+fp/hard\libc_nano.a(libc_a-mprec.o)
                0x08003a08                __multiply
 .text.__pow5mult
                0x08003b4c       0xb4 C:/SysGCC/arm-eabi/bin/../lib/gcc/arm-none-eabi/13.3.1/thumb/v7e-m+fp/hard\libc_nano.a(libc_a-mprec.o)
                0x08003b4c                __pow5mult
 .text.__lshift
                0x08003c00       0xd8 C:/SysGCC/arm-eabi/bin/../lib/gcc/arm-none-eabi/13.3.1/thumb/v7e-m+fp/hard\libc_nano.a(libc_a-mprec.o)
                0x08003c00                __lshift
 .text.__mcmp   0x08003cd8       0x36 C:/SysGCC/arm-eabi/bin/../lib/gcc/arm-none-eabi/13.3.1/thumb/v7e-m+fp/hard\libc_nano.a(libc_a-mprec.o)
                0x08003cd8                __mcmp
 *fill*         0x08003d0e        0x2 
 .text.__mdiff  0x08003d10      0x128 C:/SysGCC/arm-eabi/bin/../lib/gcc/arm-none-eabi/13.3.1/thumb/v7e-m+fp/hard\libc_nano.a(libc_a-mprec.o)
                0x08003d10                __mdiff
 .text.__d2b    0x08003e38       0xb0 C:/SysGCC/arm-eabi/bin/../lib/gcc/arm-none-eabi/13.3.1/thumb/v7e-m+fp/hard\libc_nano.a(libc_a-mprec.o)
                0x08003e38                __d2b
 .text.__sflush_r
                0x08003ee8      0x108 C:/SysGCC/arm-eabi/bin/../lib/gcc/arm-none-eabi/13.3.1/thumb/v7e-m+fp/hard\libc_nano.a(libc_a-fflush.o)
                0x08003ee8                __sflush_r
 .text._fflush_r
                0x08003ff0       0x50 C:/SysGCC/arm-eabi/bin/../lib/gcc/arm-none-eabi/13.3.1/thumb/v7e-m+fp/hard\libc_nano.a(libc_a-fflush.o)
                0x08003ff0                _fflush_r
 .text._sbrk_r  0x08004040       0x20 C:/SysGCC/arm-eabi/bin/../lib/gcc/arm-none-eabi/13.3.1/thumb/v7e-m+fp/hard\libc_nano.a(libc_a-sbrkr.o)
                0x08004040                _sbrk_r
 .text.memcpy   0x08004060       0x1c C:/SysGCC/arm-eabi/bin/../lib/gcc/arm-none-eabi/13.3.1/thumb/v7e-m+fp/hard\libc_nano.a(libc_a-memcpy-stub.o)
                0x08004060                memcpy
 .text.__assert_func
                0x0800407c       0x3c C:/SysGCC/arm-eabi/bin/../lib/gcc/arm-none-eabi/13.3.1/thumb/v7e-m+fp/hard\libc_nano.a(libc_a-assert.o)
                0x0800407c                __assert_func
 .text._calloc_r
                0x080040b8       0x28 C:/SysGCC/arm-eabi/bin/../lib/gcc/arm-none-eabi/13.3.1/thumb/v7e-m+fp/hard\libc_nano.a(libc_a-callocr.o)
                0x080040b8                _calloc_r
 .text.__ascii_mbtowc
                0x080040e0       0x24 C:/SysGCC/arm-eabi/bin/../lib/gcc/arm-none-eabi/13.3.1/thumb/v7e-m+fp/hard\libc_nano.a(libc_a-mbtowc_r.o)
                0x080040e0                __ascii_mbtowc
 .text.__ascii_wctomb
                0x08004104       0x1a C:/SysGCC/arm-eabi/bin/../lib/gcc/arm-none-eabi/13.3.1/thumb/v7e-m+fp/hard\libc_nano.a(libc_a-wctomb_r.o)
                0x08004104                __ascii_wctomb
 *fill*         0x0800411e        0x2 
 .text.fprintf  0x08004120       0x24 C:/SysGCC/arm-eabi/bin/../lib/gcc/arm-none-eabi/13.3.1/thumb/v7e-m+fp/hard\libc_nano.a(libc_a-fprintf.o)
                0x08004120                fiprintf
                0x08004120                fprintf
 .text.abort    0x08004144        0xe C:/SysGCC/arm-eabi/bin/../lib/gcc/arm-none-eabi/13.3.1/thumb/v7e-m+fp/hard\libc_nano.a(libc_a-abort.o)
                0x08004144                abort
 .text.__sfputc_r
                0x08004152       0x2e C:/SysGCC/arm-eabi/bin/../lib/gcc/arm-none-eabi/13.3.1/thumb/v7e-m+fp/hard\libc_nano.a(libc_a-nano-vfprintf.o)
 .text.__sfputs_r
                0x08004180       0x24 C:/SysGCC/arm-eabi/bin/../lib/gcc/arm-none-eabi/13.3.1/thumb/v7e-m+fp/hard\libc_nano.a(libc_a-nano-vfprintf.o)
                0x08004180                __sfputs_r
 .text._vfprintf_r
                0x080041a4      0x230 C:/SysGCC/arm-eabi/bin/../lib/gcc/arm-none-eabi/13.3.1/thumb/v7e-m+fp/hard\libc_nano.a(libc_a-nano-vfprintf.o)
                0x080041a4                _vfprintf_r
                0x080041a4                _vfiprintf_r
 .text.__swbuf_r
                0x080043d4       0x7c C:/SysGCC/arm-eabi/bin/../lib/gcc/arm-none-eabi/13.3.1/thumb/v7e-m+fp/hard\libc_nano.a(libc_a-wbuf.o)
                0x080043d4                __swbuf_r
 .text.__swsetup_r
                0x08004450       0xac C:/SysGCC/arm-eabi/bin/../lib/gcc/arm-none-eabi/13.3.1/thumb/v7e-m+fp/hard\libc_nano.a(libc_a-wsetup.o)
                0x08004450                __swsetup_r
 .text._raise_r
                0x080044fc       0x50 C:/SysGCC/arm-eabi/bin/../lib/gcc/arm-none-eabi/13.3.1/thumb/v7e-m+fp/hard\libc_nano.a(libc_a-signal.o)
                0x080044fc                _raise_r
 .text.raise    0x0800454c       0x10 C:/SysGCC/arm-eabi/bin/../lib/gcc/arm-none-eabi/13.3.1/thumb/v7e-m+fp/hard\libc_nano.a(libc_a-signal.o)
                0x0800454c                raise
 .text._kill_r  0x0800455c       0x24 C:/SysGCC/arm-eabi/bin/../lib/gcc/arm-none-eabi/13.3.1/thumb/v7e-m+fp/hard\libc_nano.a(libc_a-signalr.o)
                0x0800455c                _kill_r
 .text._getpid_r
                0x08004580        0x4 C:/SysGCC/arm-eabi/bin/../lib/gcc/arm-none-eabi/13.3.1/thumb/v7e-m+fp/hard\libc_nano.a(libc_a-signalr.o)
                0x08004580                _getpid_r
 .text.__swhatbuf_r
                0x08004584       0x4c C:/SysGCC/arm-eabi/bin/../lib/gcc/arm-none-eabi/13.3.1/thumb/v7e-m+fp/hard\libc_nano.a(libc_a-makebuf.o)
                0x08004584                __swhatbuf_r
 .text.__smakebuf_r
                0x080045d0       0x78 C:/SysGCC/arm-eabi/bin/../lib/gcc/arm-none-eabi/13.3.1/thumb/v7e-m+fp/hard\libc_nano.a(libc_a-makebuf.o)
                0x080045d0                __smakebuf_r
 .text._fstat_r
                0x08004648       0x24 C:/SysGCC/arm-eabi/bin/../lib/gcc/arm-none-eabi/13.3.1/thumb/v7e-m+fp/hard\libc_nano.a(libc_a-fstatr.o)
                0x08004648                _fstat_r
 .text._isatty_r
                0x0800466c       0x20 C:/SysGCC/arm-eabi/bin/../lib/gcc/arm-none-eabi/13.3.1/thumb/v7e-m+fp/hard\libc_nano.a(libc_a-isattyr.o)
                0x0800466c                _isatty_r
 *(.glue_7)
 .glue_7        0x0800468c        0x0 linker stubs
 *(.glue_7t)
 .glue_7t       0x0800468c        0x0 linker stubs
 *(.eh_frame)
 .eh_frame      0x0800468c        0x0 C:/SysGCC/arm-eabi/bin/../lib/gcc/arm-none-eabi/13.3.1/thumb/v7e-m+fp/hard/crtbegin.o
 *(.init)
 .init          0x0800468c        0x4 C:/SysGCC/arm-eabi/bin/../lib/gcc/arm-none-eabi/13.3.1/thumb/v7e-m+fp/hard/crti.o
                0x0800468c                _init
 .init          0x08004690        0x8 C:/SysGCC/arm-eabi/bin/../lib/gcc/arm-none-eabi/13.3.1/thumb/v7e-m+fp/hard/crtn.o
 *(.fini)
 .fini          0x08004698        0x4 C:/SysGCC/arm-eabi/bin/../lib/gcc/arm-none-eabi/13.3.1/thumb/v7e-m+fp/hard/crti.o
                0x08004698                _fini
 .fini          0x0800469c        0x8 C:/SysGCC/arm-eabi/bin/../lib/gcc/arm-none-eabi/13.3.1/thumb/v7e-m+fp/hard/crtn.o
                0x080046a4                        . = ALIGN (0x4)
                0x080046a4                        _etext = .

.vfp11_veneer   0x080046a4        0x0
 .vfp11_veneer  0x080046a4        0x0 linker stubs

.v4_bx          0x080046a4        0x0
 .v4_bx         0x080046a4        0x0 linker stubs

.iplt           0x080046a4        0x0
 .iplt          0x080046a4        0x0 C:/SysGCC/arm-eabi/bin/../lib/gcc/arm-none-eabi/13.3.1/thumb/v7e-m+fp/hard/crtbegin.o

.rodata         0x080046a8      0x374
                0x080046a8                        . = ALIGN (0x4)
 *(.rodata)
 *(.rodata*)
 .rodata._printf_float.str1.1
                0x080046a8      0x173 C:/SysGCC/arm-eabi/bin/../lib/gcc/arm-none-eabi/13.3.1/thumb/v7e-m+fp/hard\libc_nano.a(libc_a-nano-vfprintf_float.o)
                                 0x12 (size before relaxing)
 .rodata._printf_i.str1.1
                0x0800481b       0x22 C:/SysGCC/arm-eabi/bin/../lib/gcc/arm-none-eabi/13.3.1/thumb/v7e-m+fp/hard\libc_nano.a(libc_a-nano-vfprintf_i.o)
 .rodata._dtoa_r.str1.1
                0x0800481b       0x90 C:/SysGCC/arm-eabi/bin/../lib/gcc/arm-none-eabi/13.3.1/thumb/v7e-m+fp/hard\libc_nano.a(libc_a-dtoa.o)
 .rodata._Balloc.str1.1
                0x0800481b       0x71 C:/SysGCC/arm-eabi/bin/../lib/gcc/arm-none-eabi/13.3.1/thumb/v7e-m+fp/hard\libc_nano.a(libc_a-mprec.o)
 .rodata.__multadd.str1.1
                0x0800481b       0x11 C:/SysGCC/arm-eabi/bin/../lib/gcc/arm-none-eabi/13.3.1/thumb/v7e-m+fp/hard\libc_nano.a(libc_a-mprec.o)
 *fill*         0x0800481b        0x1 
 .rodata.p05.0  0x0800481c        0xc C:/SysGCC/arm-eabi/bin/../lib/gcc/arm-none-eabi/13.3.1/thumb/v7e-m+fp/hard\libc_nano.a(libc_a-mprec.o)
 .rodata.__mprec_bigtens
                0x08004828       0x28 C:/SysGCC/arm-eabi/bin/../lib/gcc/arm-none-eabi/13.3.1/thumb/v7e-m+fp/hard\libc_nano.a(libc_a-mprec.o)
                0x08004828                __mprec_bigtens
 .rodata.__mprec_tens
                0x08004850       0xc8 C:/SysGCC/arm-eabi/bin/../lib/gcc/arm-none-eabi/13.3.1/thumb/v7e-m+fp/hard\libc_nano.a(libc_a-mprec.o)
                0x08004850                __mprec_tens
 .rodata._setlocale_r.str1.1
                0x08004918        0x9 C:/SysGCC/arm-eabi/bin/../lib/gcc/arm-none-eabi/13.3.1/thumb/v7e-m+fp/hard\libc_nano.a(libc_a-locale.o)
 .rodata.str1.1
                0x08004918        0x2 C:/SysGCC/arm-eabi/bin/../lib/gcc/arm-none-eabi/13.3.1/thumb/v7e-m+fp/hard\libc_nano.a(libc_a-locale.o)
 .rodata.__assert_func.str1.1
                0x08004918       0x3d C:/SysGCC/arm-eabi/bin/../lib/gcc/arm-none-eabi/13.3.1/thumb/v7e-m+fp/hard\libc_nano.a(libc_a-assert.o)
 .rodata._ctype_
                0x08004918      0x101 C:/SysGCC/arm-eabi/bin/../lib/gcc/arm-none-eabi/13.3.1/thumb/v7e-m+fp/hard\libc_nano.a(libc_a-ctype_.o)
                0x08004918                _ctype_
 .rodata._vfprintf_r.str1.1
                0x08004a19       0x11 C:/SysGCC/arm-eabi/bin/../lib/gcc/arm-none-eabi/13.3.1/thumb/v7e-m+fp/hard\libc_nano.a(libc_a-nano-vfprintf.o)
                0x08004a2c                        . = ALIGN (0x4)
 *fill*         0x08004a19        0x3 

.ARM.extab
 *(.ARM.extab* .gnu.linkonce.armextab.*)

.ARM            0x08004a1c        0x8
                0x08004a1c                        __exidx_start = .
 *(.ARM.exidx*)
 .ARM.exidx     0x08004a1c        0x8 C:/SysGCC/arm-eabi/bin/../lib/gcc/arm-none-eabi/13.3.1/thumb/v7e-m+fp/hard\libc_nano.a(libc_a-memchr.o)
 .ARM.exidx     0x08004a24        0x0 C:/SysGCC/arm-eabi/bin/../lib/gcc/arm-none-eabi/13.3.1/thumb/v7e-m+fp/hard\libc_nano.a(libc_a-strlen.o)
                                  0x8 (size before relaxing)
                0x08004a24                        __exidx_end = .

.rel.dyn        0x08004a24        0x0
 .rel.iplt      0x08004a24        0x0 C:/SysGCC/arm-eabi/bin/../lib/gcc/arm-none-eabi/13.3.1/thumb/v7e-m+fp/hard/crtbegin.o

.preinit_array  0x08004a24        0x0
                0x08004a24                        PROVIDE (__preinit_array_start = .)
 *(.preinit_array*)
                0x08004a24                        PROVIDE (__preinit_array_end = .)

.init_array     0x08004a24        0x4
                0x08004a24                        PROVIDE (__init_array_start = .)
 *(SORT_BY_NAME(.init_array.*))
 *(.init_array*)
 .init_array    0x08004a24        0x4 C:/SysGCC/arm-eabi/bin/../lib/gcc/arm-none-eabi/13.3.1/thumb/v7e-m+fp/hard/crtbegin.o
                0x08004a28                        PROVIDE (__init_array_end = .)

.fini_array     0x08004a28        0x4
                [!provide]                        PROVIDE (__fini_array_start = .)
 *(SORT_BY_NAME(.fini_array.*))
 *(.fini_array*)
 .fini_array    0x08004a28        0x4 C:/SysGCC/arm-eabi/bin/../lib/gcc/arm-none-eabi/13.3.1/thumb/v7e-m+fp/hard/crtbegin.o
                [!provide]                        PROVIDE (__fini_array_end = .)
                0x08004a2c                        _sidata = LOADADDR (.data)

.data           0x20000000      0x208 load address 0x08004a2c
                0x20000000                        . = ALIGN (0x4)
                0x20000000                        _sdata = .
 *(.data)
 *(.data*)
 .data.pidSync  0x20000000       0x14 build_F411RE/utils.o
                0x20000000                pidSync
 .data.pidYaw   0x20000014       0x14 build_F411RE/utils.o
                0x20000014                pidYaw
 .data.pidSpeed
                0x20000028       0x14 build_F411RE/utils.o
                0x20000028                pidSpeed
 .data.MAX_PWM  0x2000003c        0x2 build_F411RE/utils.o
                0x2000003c                MAX_PWM
 *fill*         0x2000003e        0x2 
 .data.__sglue  0x20000040        0xc C:/SysGCC/arm-eabi/bin/../lib/gcc/arm-none-eabi/13.3.1/thumb/v7e-m+fp/hard\libc_nano.a(libc_a-findfp.o)
                0x20000040                __sglue
 .data._impure_ptr
                0x2000004c        0x4 C:/SysGCC/arm-eabi/bin/../lib/gcc/arm-none-eabi/13.3.1/thumb/v7e-m+fp/hard\libc_nano.a(libc_a-impure.o)
                0x2000004c                _impure_ptr
 .data._impure_data
                0x20000050       0x4c C:/SysGCC/arm-eabi/bin/../lib/gcc/arm-none-eabi/13.3.1/thumb/v7e-m+fp/hard\libc_nano.a(libc_a-impure.o)
                0x20000050                _impure_data
 .data.__global_locale
                0x2000009c      0x16c C:/SysGCC/arm-eabi/bin/../lib/gcc/arm-none-eabi/13.3.1/thumb/v7e-m+fp/hard\libc_nano.a(libc_a-locale.o)
                0x2000009c                __global_locale
                0x20000208                        . = ALIGN (0x4)
                0x20000208                        _edata = .

.tm_clone_table
                0x20000208        0x0 load address 0x08004c34
 .tm_clone_table
                0x20000208        0x0 C:/SysGCC/arm-eabi/bin/../lib/gcc/arm-none-eabi/13.3.1/thumb/v7e-m+fp/hard/crtbegin.o
 .tm_clone_table
                0x20000208        0x0 C:/SysGCC/arm-eabi/bin/../lib/gcc/arm-none-eabi/13.3.1/thumb/v7e-m+fp/hard/crtend.o

.igot.plt       0x20000208        0x0 load address 0x08004c34
 .igot.plt      0x20000208        0x0 C:/SysGCC/arm-eabi/bin/../lib/gcc/arm-none-eabi/13.3.1/thumb/v7e-m+fp/hard/crtbegin.o
                0x20000208                        . = ALIGN (0x4)

.bss            0x20000208      0x1ac load address 0x08004c34
                0x20000208                        _sbss = .
                0x20000208                        __bss_start__ = _sbss
 *(.bss)
 *(.bss*)
 .bss.completed.1
                0x20000208        0x1 C:/SysGCC/arm-eabi/bin/../lib/gcc/arm-none-eabi/13.3.1/thumb/v7e-m+fp/hard/crtbegin.o
 *fill*         0x20000209        0x3 
 .bss.object.0  0x2000020c       0x18 C:/SysGCC/arm-eabi/bin/../lib/gcc/arm-none-eabi/13.3.1/thumb/v7e-m+fp/hard/crtbegin.o
 .bss.__sbrk_heap_end
                0x20000224        0x4 build_F411RE/sysmem.o
 .bss.status_button
                0x20000228        0x1 build_F411RE/main.o
                0x20000228                status_button
 *fill*         0x20000229        0x1 
 .bss.button_delay_counter
                0x2000022a        0x2 build_F411RE/main.o
                0x2000022a                button_delay_counter
 .bss.sys_tick  0x2000022c        0x4 build_F411RE/main.o
                0x2000022c                sys_tick
 .bss.right_delay_counter
                0x20000230        0x4 build_F411RE/main.o
                0x20000230                right_delay_counter
 .bss.left_delay_counter
                0x20000234        0x4 build_F411RE/main.o
                0x20000234                left_delay_counter
 .bss.right_encoder_ticks
                0x20000238        0x2 build_F411RE/main.o
                0x20000238                right_encoder_ticks
 .bss.left_encoder_ticks
                0x2000023a        0x2 build_F411RE/main.o
                0x2000023a                left_encoder_ticks
 .bss.buffer.0  0x2000023c        0xc build_F411RE/mpu_i2c.o
 .bss.idx.1     0x20000248        0x1 build_F411RE/mpu_i2c.o
 *fill*         0x20000249        0x3 
 .bss.last_update
                0x2000024c        0x4 build_F411RE/mpu_i2c.o
 .bss.yaw_angle
                0x20000250        0x4 build_F411RE/mpu_i2c.o
 .bss.gz_filtered
                0x20000254        0x4 build_F411RE/mpu_i2c.o
 .bss.gyro_offset_z
                0x20000258        0x4 build_F411RE/mpu_i2c.o
                0x20000258                gyro_offset_z
 .bss.mpu       0x2000025c        0xc build_F411RE/mpu_i2c.o
                0x2000025c                mpu
 .bss.__sf      0x20000268      0x138 C:/SysGCC/arm-eabi/bin/../lib/gcc/arm-none-eabi/13.3.1/thumb/v7e-m+fp/hard\libc_nano.a(libc_a-findfp.o)
                0x20000268                __sf
 .bss.__stdio_exit_handler
                0x200003a0        0x4 C:/SysGCC/arm-eabi/bin/../lib/gcc/arm-none-eabi/13.3.1/thumb/v7e-m+fp/hard\libc_nano.a(libc_a-findfp.o)
                0x200003a0                __stdio_exit_handler
 .bss.errno     0x200003a4        0x4 C:/SysGCC/arm-eabi/bin/../lib/gcc/arm-none-eabi/13.3.1/thumb/v7e-m+fp/hard\libc_nano.a(libc_a-reent.o)
                0x200003a4                errno
 .bss.__lock___malloc_recursive_mutex
                0x200003a8        0x1 C:/SysGCC/arm-eabi/bin/../lib/gcc/arm-none-eabi/13.3.1/thumb/v7e-m+fp/hard\libc_nano.a(libc_a-lock.o)
                0x200003a8                __lock___malloc_recursive_mutex
 .bss.__lock___sfp_recursive_mutex
                0x200003a9        0x1 C:/SysGCC/arm-eabi/bin/../lib/gcc/arm-none-eabi/13.3.1/thumb/v7e-m+fp/hard\libc_nano.a(libc_a-lock.o)
                0x200003a9                __lock___sfp_recursive_mutex
 *fill*         0x200003aa        0x2 
 .bss.__malloc_sbrk_start
                0x200003ac        0x4 C:/SysGCC/arm-eabi/bin/../lib/gcc/arm-none-eabi/13.3.1/thumb/v7e-m+fp/hard\libc_nano.a(libc_a-mallocr.o)
                0x200003ac                __malloc_sbrk_start
 .bss.__malloc_free_list
                0x200003b0        0x4 C:/SysGCC/arm-eabi/bin/../lib/gcc/arm-none-eabi/13.3.1/thumb/v7e-m+fp/hard\libc_nano.a(libc_a-mallocr.o)
                0x200003b0                __malloc_free_list
 *(COMMON)
                0x200003b4                        . = ALIGN (0x4)
                0x200003b4                        _ebss = .
                0x200003b4                        __bss_end__ = _ebss

._user_heap_stack
                0x200003b4      0x604 load address 0x08004c34
                0x200003b8                        . = ALIGN (0x8)
 *fill*         0x200003b4        0x4 
                [!provide]                        PROVIDE (end = .)
                0x200003b8                        PROVIDE (_end = .)
                0x200005b8                        . = (. + _Min_Heap_Size)
 *fill*         0x200003b8      0x200 
                0x200009b8                        . = (. + _Min_Stack_Size)
 *fill*         0x200005b8      0x400 
                0x200009b8                        . = ALIGN (0x8)

/DISCARD/
 libc.a(*)
 libm.a(*)
 libgcc.a(*)

.ARM.attributes
                0x00000000       0x30
 *(.ARM.attributes)
 .ARM.attributes
                0x00000000       0x22 C:/SysGCC/arm-eabi/bin/../lib/gcc/arm-none-eabi/13.3.1/thumb/v7e-m+fp/hard/crti.o
 .ARM.attributes
                0x00000022       0x34 C:/SysGCC/arm-eabi/bin/../lib/gcc/arm-none-eabi/13.3.1/thumb/v7e-m+fp/hard/crtbegin.o
 .ARM.attributes
                0x00000056       0x34 build_F411RE/system_stm32f4xx.o
 .ARM.attributes
                0x0000008a       0x34 build_F411RE/syscalls.o
 .ARM.attributes
                0x000000be       0x34 build_F411RE/sysmem.o
 .ARM.attributes
                0x000000f2       0x34 build_F411RE/main.o
 .ARM.attributes
                0x00000126       0x34 build_F411RE/init.o
 .ARM.attributes
                0x0000015a       0x34 build_F411RE/it_handlers.o
 .ARM.attributes
                0x0000018e       0x34 build_F411RE/mpu_i2c.o
 .ARM.attributes
                0x000001c2       0x34 build_F411RE/utils.o
 .ARM.attributes
                0x000001f6       0x21 build_F411RE/startup_stm32f411xe.o
 .ARM.attributes
                0x00000217       0x34 C:/SysGCC/arm-eabi/bin/../lib/gcc/arm-none-eabi/13.3.1/thumb/v7e-m+fp/hard\libc_nano.a(libc_a-nano-vfprintf_float.o)
 .ARM.attributes
                0x0000024b       0x34 C:/SysGCC/arm-eabi/bin/../lib/gcc/arm-none-eabi/13.3.1/thumb/v7e-m+fp/hard\libc_nano.a(libc_a-nano-vfprintf_i.o)
 .ARM.attributes
                0x0000027f       0x34 C:/SysGCC/arm-eabi/bin/../lib/gcc/arm-none-eabi/13.3.1/thumb/v7e-m+fp/hard\libc_nano.a(libc_a-findfp.o)
 .ARM.attributes
                0x000002b3       0x34 C:/SysGCC/arm-eabi/bin/../lib/gcc/arm-none-eabi/13.3.1/thumb/v7e-m+fp/hard\libc_nano.a(libc_a-fwalk.o)
 .ARM.attributes
                0x000002e7       0x34 C:/SysGCC/arm-eabi/bin/../lib/gcc/arm-none-eabi/13.3.1/thumb/v7e-m+fp/hard\libc_nano.a(libc_a-stdio.o)
 .ARM.attributes
                0x0000031b       0x34 C:/SysGCC/arm-eabi/bin/../lib/gcc/arm-none-eabi/13.3.1/thumb/v7e-m+fp/hard\libc_nano.a(libc_a-memset.o)
 .ARM.attributes
                0x0000034f       0x34 C:/SysGCC/arm-eabi/bin/../lib/gcc/arm-none-eabi/13.3.1/thumb/v7e-m+fp/hard\libc_nano.a(libc_a-localeconv.o)
 .ARM.attributes
                0x00000383       0x34 C:/SysGCC/arm-eabi/bin/../lib/gcc/arm-none-eabi/13.3.1/thumb/v7e-m+fp/hard\libc_nano.a(libc_a-closer.o)
 .ARM.attributes
                0x000003b7       0x34 C:/SysGCC/arm-eabi/bin/../lib/gcc/arm-none-eabi/13.3.1/thumb/v7e-m+fp/hard\libc_nano.a(libc_a-reent.o)
 .ARM.attributes
                0x000003eb       0x34 C:/SysGCC/arm-eabi/bin/../lib/gcc/arm-none-eabi/13.3.1/thumb/v7e-m+fp/hard\libc_nano.a(libc_a-impure.o)
 .ARM.attributes
                0x0000041f       0x34 C:/SysGCC/arm-eabi/bin/../lib/gcc/arm-none-eabi/13.3.1/thumb/v7e-m+fp/hard\libc_nano.a(libc_a-lseekr.o)
 .ARM.attributes
                0x00000453       0x34 C:/SysGCC/arm-eabi/bin/../lib/gcc/arm-none-eabi/13.3.1/thumb/v7e-m+fp/hard\libc_nano.a(libc_a-readr.o)
 .ARM.attributes
                0x00000487       0x34 C:/SysGCC/arm-eabi/bin/../lib/gcc/arm-none-eabi/13.3.1/thumb/v7e-m+fp/hard\libc_nano.a(libc_a-writer.o)
 .ARM.attributes
                0x000004bb       0x34 C:/SysGCC/arm-eabi/bin/../lib/gcc/arm-none-eabi/13.3.1/thumb/v7e-m+fp/hard\libc_nano.a(libc_a-errno.o)
 .ARM.attributes
                0x000004ef       0x34 C:/SysGCC/arm-eabi/bin/../lib/gcc/arm-none-eabi/13.3.1/thumb/v7e-m+fp/hard\libc_nano.a(libc_a-init.o)
 .ARM.attributes
                0x00000523       0x34 C:/SysGCC/arm-eabi/bin/../lib/gcc/arm-none-eabi/13.3.1/thumb/v7e-m+fp/hard\libc_nano.a(libc_a-lock.o)
 .ARM.attributes
                0x00000557       0x1c C:/SysGCC/arm-eabi/bin/../lib/gcc/arm-none-eabi/13.3.1/thumb/v7e-m+fp/hard\libc_nano.a(libc_a-memchr.o)
 .ARM.attributes
                0x00000573       0x17 C:/SysGCC/arm-eabi/bin/../lib/gcc/arm-none-eabi/13.3.1/thumb/v7e-m+fp/hard\libc_nano.a(libc_a-strlen.o)
 .ARM.attributes
                0x0000058a       0x34 C:/SysGCC/arm-eabi/bin/../lib/gcc/arm-none-eabi/13.3.1/thumb/v7e-m+fp/hard\libc_nano.a(libc_a-dtoa.o)
 .ARM.attributes
                0x000005be       0x34 C:/SysGCC/arm-eabi/bin/../lib/gcc/arm-none-eabi/13.3.1/thumb/v7e-m+fp/hard\libc_nano.a(libc_a-freer.o)
 .ARM.attributes
                0x000005f2       0x34 C:/SysGCC/arm-eabi/bin/../lib/gcc/arm-none-eabi/13.3.1/thumb/v7e-m+fp/hard\libc_nano.a(libc_a-malloc.o)
 .ARM.attributes
                0x00000626       0x34 C:/SysGCC/arm-eabi/bin/../lib/gcc/arm-none-eabi/13.3.1/thumb/v7e-m+fp/hard\libc_nano.a(libc_a-mallocr.o)
 .ARM.attributes
                0x0000065a       0x34 C:/SysGCC/arm-eabi/bin/../lib/gcc/arm-none-eabi/13.3.1/thumb/v7e-m+fp/hard\libc_nano.a(libc_a-mlock.o)
 .ARM.attributes
                0x0000068e       0x34 C:/SysGCC/arm-eabi/bin/../lib/gcc/arm-none-eabi/13.3.1/thumb/v7e-m+fp/hard\libc_nano.a(libc_a-mprec.o)
 .ARM.attributes
                0x000006c2       0x34 C:/SysGCC/arm-eabi/bin/../lib/gcc/arm-none-eabi/13.3.1/thumb/v7e-m+fp/hard\libc_nano.a(libc_a-fflush.o)
 .ARM.attributes
                0x000006f6       0x34 C:/SysGCC/arm-eabi/bin/../lib/gcc/arm-none-eabi/13.3.1/thumb/v7e-m+fp/hard\libc_nano.a(libc_a-locale.o)
 .ARM.attributes
                0x0000072a       0x34 C:/SysGCC/arm-eabi/bin/../lib/gcc/arm-none-eabi/13.3.1/thumb/v7e-m+fp/hard\libc_nano.a(libc_a-sbrkr.o)
 .ARM.attributes
                0x0000075e       0x34 C:/SysGCC/arm-eabi/bin/../lib/gcc/arm-none-eabi/13.3.1/thumb/v7e-m+fp/hard\libc_nano.a(libc_a-memcpy-stub.o)
 .ARM.attributes
                0x00000792       0x34 C:/SysGCC/arm-eabi/bin/../lib/gcc/arm-none-eabi/13.3.1/thumb/v7e-m+fp/hard\libc_nano.a(libc_a-assert.o)
 .ARM.attributes
                0x000007c6       0x34 C:/SysGCC/arm-eabi/bin/../lib/gcc/arm-none-eabi/13.3.1/thumb/v7e-m+fp/hard\libc_nano.a(libc_a-callocr.o)
 .ARM.attributes
                0x000007fa       0x34 C:/SysGCC/arm-eabi/bin/../lib/gcc/arm-none-eabi/13.3.1/thumb/v7e-m+fp/hard\libc_nano.a(libc_a-mbtowc_r.o)
 .ARM.attributes
                0x0000082e       0x34 C:/SysGCC/arm-eabi/bin/../lib/gcc/arm-none-eabi/13.3.1/thumb/v7e-m+fp/hard\libc_nano.a(libc_a-wctomb_r.o)
 .ARM.attributes
                0x00000862       0x34 C:/SysGCC/arm-eabi/bin/../lib/gcc/arm-none-eabi/13.3.1/thumb/v7e-m+fp/hard\libc_nano.a(libc_a-ctype_.o)
 .ARM.attributes
                0x00000896       0x34 C:/SysGCC/arm-eabi/bin/../lib/gcc/arm-none-eabi/13.3.1/thumb/v7e-m+fp/hard\libc_nano.a(libc_a-fprintf.o)
 .ARM.attributes
                0x000008ca       0x34 C:/SysGCC/arm-eabi/bin/../lib/gcc/arm-none-eabi/13.3.1/thumb/v7e-m+fp/hard\libc_nano.a(libc_a-abort.o)
 .ARM.attributes
                0x000008fe       0x34 C:/SysGCC/arm-eabi/bin/../lib/gcc/arm-none-eabi/13.3.1/thumb/v7e-m+fp/hard\libc_nano.a(libc_a-nano-vfprintf.o)
 .ARM.attributes
                0x00000932       0x34 C:/SysGCC/arm-eabi/bin/../lib/gcc/arm-none-eabi/13.3.1/thumb/v7e-m+fp/hard\libc_nano.a(libc_a-wbuf.o)
 .ARM.attributes
                0x00000966       0x34 C:/SysGCC/arm-eabi/bin/../lib/gcc/arm-none-eabi/13.3.1/thumb/v7e-m+fp/hard\libc_nano.a(libc_a-wsetup.o)
 .ARM.attributes
                0x0000099a       0x34 C:/SysGCC/arm-eabi/bin/../lib/gcc/arm-none-eabi/13.3.1/thumb/v7e-m+fp/hard\libc_nano.a(libc_a-signal.o)
 .ARM.attributes
                0x000009ce       0x34 C:/SysGCC/arm-eabi/bin/../lib/gcc/arm-none-eabi/13.3.1/thumb/v7e-m+fp/hard\libc_nano.a(libc_a-signalr.o)
 .ARM.attributes
                0x00000a02       0x34 C:/SysGCC/arm-eabi/bin/../lib/gcc/arm-none-eabi/13.3.1/thumb/v7e-m+fp/hard\libc_nano.a(libc_a-makebuf.o)
 .ARM.attributes
                0x00000a36       0x34 C:/SysGCC/arm-eabi/bin/../lib/gcc/arm-none-eabi/13.3.1/thumb/v7e-m+fp/hard\libc_nano.a(libc_a-fstatr.o)
 .ARM.attributes
                0x00000a6a       0x34 C:/SysGCC/arm-eabi/bin/../lib/gcc/arm-none-eabi/13.3.1/thumb/v7e-m+fp/hard\libc_nano.a(libc_a-isattyr.o)
 .ARM.attributes
                0x00000a9e       0x22 C:/SysGCC/arm-eabi/bin/../lib/gcc/arm-none-eabi/13.3.1/thumb/v7e-m+fp/hard\libgcc.a(_arm_addsubdf3.o)
 .ARM.attributes
                0x00000ac0       0x22 C:/SysGCC/arm-eabi/bin/../lib/gcc/arm-none-eabi/13.3.1/thumb/v7e-m+fp/hard\libgcc.a(_arm_muldivdf3.o)
 .ARM.attributes
                0x00000ae2       0x22 C:/SysGCC/arm-eabi/bin/../lib/gcc/arm-none-eabi/13.3.1/thumb/v7e-m+fp/hard\libgcc.a(_arm_cmpdf2.o)
 .ARM.attributes
                0x00000b04       0x22 C:/SysGCC/arm-eabi/bin/../lib/gcc/arm-none-eabi/13.3.1/thumb/v7e-m+fp/hard\libgcc.a(_arm_unorddf2.o)
 .ARM.attributes
                0x00000b26       0x22 C:/SysGCC/arm-eabi/bin/../lib/gcc/arm-none-eabi/13.3.1/thumb/v7e-m+fp/hard\libgcc.a(_arm_fixdfsi.o)
 .ARM.attributes
                0x00000b48       0x22 C:/SysGCC/arm-eabi/bin/../lib/gcc/arm-none-eabi/13.3.1/thumb/v7e-m+fp/hard\libgcc.a(_arm_truncdfsf2.o)
 .ARM.attributes
                0x00000b6a       0x34 C:/SysGCC/arm-eabi/bin/../lib/gcc/arm-none-eabi/13.3.1/thumb/v7e-m+fp/hard/crtend.o
 .ARM.attributes
                0x00000b9e       0x22 C:/SysGCC/arm-eabi/bin/../lib/gcc/arm-none-eabi/13.3.1/thumb/v7e-m+fp/hard/crtn.o
OUTPUT(build_F411RE/STM32F411RE.elf elf32-littlearm)
LOAD linker stubs
LOAD C:/SysGCC/arm-eabi/bin/../lib/gcc/arm-none-eabi/13.3.1/thumb/v7e-m+fp/hard\libc.a
LOAD C:/SysGCC/arm-eabi/bin/../lib/gcc/arm-none-eabi/13.3.1/thumb/v7e-m+fp/hard\libm.a
LOAD C:/SysGCC/arm-eabi/bin/../lib/gcc/arm-none-eabi/13.3.1/thumb/v7e-m+fp/hard\libgcc.a

.debug_info     0x00000000     0x4016
 .debug_info    0x00000000      0x5de build_F411RE/system_stm32f4xx.o
 .debug_info    0x000005de      0x848 build_F411RE/syscalls.o
 .debug_info    0x00000e26      0x18c build_F411RE/sysmem.o
 .debug_info    0x00000fb2      0x274 build_F411RE/main.o
 .debug_info    0x00001226      0xecc build_F411RE/init.o
 .debug_info    0x000020f2      0x286 build_F411RE/it_handlers.o
 .debug_info    0x00002378      0xc25 build_F411RE/mpu_i2c.o
 .debug_info    0x00002f9d     0x1049 build_F411RE/utils.o
 .debug_info    0x00003fe6       0x30 build_F411RE/startup_stm32f411xe.o

.debug_abbrev   0x00000000      0xd8e
 .debug_abbrev  0x00000000      0x11b build_F411RE/system_stm32f4xx.o
 .debug_abbrev  0x0000011b      0x1e3 build_F411RE/syscalls.o
 .debug_abbrev  0x000002fe       0xeb build_F411RE/sysmem.o
 .debug_abbrev  0x000003e9       0xfe build_F411RE/main.o
 .debug_abbrev  0x000004e7      0x21f build_F411RE/init.o
 .debug_abbrev  0x00000706       0xf2 build_F411RE/it_handlers.o
 .debug_abbrev  0x000007f8      0x27e build_F411RE/mpu_i2c.o
 .debug_abbrev  0x00000a76      0x2fb build_F411RE/utils.o
 .debug_abbrev  0x00000d71       0x1d build_F411RE/startup_stm32f411xe.o

.debug_loc      0x00000000     0x1863
 .debug_loc     0x00000000      0x181 build_F411RE/system_stm32f4xx.o
 .debug_loc     0x00000181      0x583 build_F411RE/syscalls.o
 .debug_loc     0x00000704       0x90 build_F411RE/sysmem.o
 .debug_loc     0x00000794       0x20 build_F411RE/main.o
 .debug_loc     0x000007b4      0x206 build_F411RE/init.o
 .debug_loc     0x000009ba      0x60f build_F411RE/mpu_i2c.o
 .debug_loc     0x00000fc9      0x89a build_F411RE/utils.o

.debug_aranges  0x00000000      0x2b8
 .debug_aranges
                0x00000000       0x28 build_F411RE/system_stm32f4xx.o
 .debug_aranges
                0x00000028       0xa8 build_F411RE/syscalls.o
 .debug_aranges
                0x000000d0       0x20 build_F411RE/sysmem.o
 .debug_aranges
                0x000000f0       0x20 build_F411RE/main.o
 .debug_aranges
                0x00000110       0x48 build_F411RE/init.o
 .debug_aranges
                0x00000158       0x30 build_F411RE/it_handlers.o
 .debug_aranges
                0x00000188       0x80 build_F411RE/mpu_i2c.o
 .debug_aranges
                0x00000208       0x88 build_F411RE/utils.o
 .debug_aranges
                0x00000290       0x28 build_F411RE/startup_stm32f411xe.o

.debug_ranges   0x00000000      0x2b8
 .debug_ranges  0x00000000       0x18 build_F411RE/system_stm32f4xx.o
 .debug_ranges  0x00000018       0x98 build_F411RE/syscalls.o
 .debug_ranges  0x000000b0       0x10 build_F411RE/sysmem.o
 .debug_ranges  0x000000c0       0x10 build_F411RE/main.o
 .debug_ranges  0x000000d0       0x38 build_F411RE/init.o
 .debug_ranges  0x00000108       0x20 build_F411RE/it_handlers.o
 .debug_ranges  0x00000128       0xc0 build_F411RE/mpu_i2c.o
 .debug_ranges  0x000001e8       0xb0 build_F411RE/utils.o
 .debug_ranges  0x00000298       0x20 build_F411RE/startup_stm32f411xe.o

.debug_line     0x00000000     0x1e42
 .debug_line    0x00000000      0x237 build_F411RE/system_stm32f4xx.o
 .debug_line    0x00000237      0x3a5 build_F411RE/syscalls.o
 .debug_line    0x000005dc      0x16f build_F411RE/sysmem.o
 .debug_line    0x0000074b      0x11a build_F411RE/main.o
 .debug_line    0x00000865      0x3e5 build_F411RE/init.o
 .debug_line    0x00000c4a      0x22a build_F411RE/it_handlers.o
 .debug_line    0x00000e74      0x82d build_F411RE/mpu_i2c.o
 .debug_line    0x000016a1      0x717 build_F411RE/utils.o
 .debug_line    0x00001db8       0x8a build_F411RE/startup_stm32f411xe.o

.debug_str      0x00000000      0xffa
 .debug_str     0x00000000      0xffa build_F411RE/system_stm32f4xx.o
                                0x362 (size before relaxing)
 .debug_str     0x00000ffa      0x3d6 build_F411RE/syscalls.o
 .debug_str     0x00000ffa      0x202 build_F411RE/sysmem.o
 .debug_str     0x00000ffa      0x29c build_F411RE/main.o
 .debug_str     0x00000ffa      0x8c6 build_F411RE/init.o
 .debug_str     0x00000ffa      0x289 build_F411RE/it_handlers.o
 .debug_str     0x00000ffa      0x44b build_F411RE/mpu_i2c.o
 .debug_str     0x00000ffa      0x418 build_F411RE/utils.o
 .debug_str     0x00000ffa       0x6d build_F411RE/startup_stm32f411xe.o

.comment        0x00000000       0x45
 .comment       0x00000000       0x45 build_F411RE/system_stm32f4xx.o
                                 0x46 (size before relaxing)
 .comment       0x00000045       0x46 build_F411RE/syscalls.o
 .comment       0x00000045       0x46 build_F411RE/sysmem.o
 .comment       0x00000045       0x46 build_F411RE/main.o
 .comment       0x00000045       0x46 build_F411RE/init.o
 .comment       0x00000045       0x46 build_F411RE/it_handlers.o
 .comment       0x00000045       0x46 build_F411RE/mpu_i2c.o
 .comment       0x00000045       0x46 build_F411RE/utils.o

.debug_frame    0x00000000     0x1668
 .debug_frame   0x00000000       0x30 build_F411RE/system_stm32f4xx.o
 .debug_frame   0x00000030      0x190 build_F411RE/syscalls.o
 .debug_frame   0x000001c0       0x28 build_F411RE/sysmem.o
 .debug_frame   0x000001e8       0x28 build_F411RE/main.o
 .debug_frame   0x00000210       0x88 build_F411RE/init.o
 .debug_frame   0x00000298       0x40 build_F411RE/it_handlers.o
 .debug_frame   0x000002d8      0x170 build_F411RE/mpu_i2c.o
 .debug_frame   0x00000448      0x1cc build_F411RE/utils.o
 .debug_frame   0x00000614       0x90 C:/SysGCC/arm-eabi/bin/../lib/gcc/arm-none-eabi/13.3.1/thumb/v7e-m+fp/hard\libc_nano.a(libc_a-nano-vfprintf_float.o)
 .debug_frame   0x000006a4       0x60 C:/SysGCC/arm-eabi/bin/../lib/gcc/arm-none-eabi/13.3.1/thumb/v7e-m+fp/hard\libc_nano.a(libc_a-nano-vfprintf_i.o)
 .debug_frame   0x00000704      0x144 C:/SysGCC/arm-eabi/bin/../lib/gcc/arm-none-eabi/13.3.1/thumb/v7e-m+fp/hard\libc_nano.a(libc_a-findfp.o)
 .debug_frame   0x00000848       0x34 C:/SysGCC/arm-eabi/bin/../lib/gcc/arm-none-eabi/13.3.1/thumb/v7e-m+fp/hard\libc_nano.a(libc_a-fwalk.o)
 .debug_frame   0x0000087c       0x88 C:/SysGCC/arm-eabi/bin/../lib/gcc/arm-none-eabi/13.3.1/thumb/v7e-m+fp/hard\libc_nano.a(libc_a-stdio.o)
 .debug_frame   0x00000904       0x20 C:/SysGCC/arm-eabi/bin/../lib/gcc/arm-none-eabi/13.3.1/thumb/v7e-m+fp/hard\libc_nano.a(libc_a-memset.o)
 .debug_frame   0x00000924       0x40 C:/SysGCC/arm-eabi/bin/../lib/gcc/arm-none-eabi/13.3.1/thumb/v7e-m+fp/hard\libc_nano.a(libc_a-localeconv.o)
 .debug_frame   0x00000964       0x2c C:/SysGCC/arm-eabi/bin/../lib/gcc/arm-none-eabi/13.3.1/thumb/v7e-m+fp/hard\libc_nano.a(libc_a-closer.o)
 .debug_frame   0x00000990       0x38 C:/SysGCC/arm-eabi/bin/../lib/gcc/arm-none-eabi/13.3.1/thumb/v7e-m+fp/hard\libc_nano.a(libc_a-reent.o)
 .debug_frame   0x000009c8       0x2c C:/SysGCC/arm-eabi/bin/../lib/gcc/arm-none-eabi/13.3.1/thumb/v7e-m+fp/hard\libc_nano.a(libc_a-lseekr.o)
 .debug_frame   0x000009f4       0x2c C:/SysGCC/arm-eabi/bin/../lib/gcc/arm-none-eabi/13.3.1/thumb/v7e-m+fp/hard\libc_nano.a(libc_a-readr.o)
 .debug_frame   0x00000a20       0x2c C:/SysGCC/arm-eabi/bin/../lib/gcc/arm-none-eabi/13.3.1/thumb/v7e-m+fp/hard\libc_nano.a(libc_a-writer.o)
 .debug_frame   0x00000a4c       0x20 C:/SysGCC/arm-eabi/bin/../lib/gcc/arm-none-eabi/13.3.1/thumb/v7e-m+fp/hard\libc_nano.a(libc_a-errno.o)
 .debug_frame   0x00000a6c       0x2c C:/SysGCC/arm-eabi/bin/../lib/gcc/arm-none-eabi/13.3.1/thumb/v7e-m+fp/hard\libc_nano.a(libc_a-init.o)
 .debug_frame   0x00000a98       0xb0 C:/SysGCC/arm-eabi/bin/../lib/gcc/arm-none-eabi/13.3.1/thumb/v7e-m+fp/hard\libc_nano.a(libc_a-lock.o)
 .debug_frame   0x00000b48       0x70 C:/SysGCC/arm-eabi/bin/../lib/gcc/arm-none-eabi/13.3.1/thumb/v7e-m+fp/hard\libc_nano.a(libc_a-dtoa.o)
 .debug_frame   0x00000bb8       0x38 C:/SysGCC/arm-eabi/bin/../lib/gcc/arm-none-eabi/13.3.1/thumb/v7e-m+fp/hard\libc_nano.a(libc_a-freer.o)
 .debug_frame   0x00000bf0       0x30 C:/SysGCC/arm-eabi/bin/../lib/gcc/arm-none-eabi/13.3.1/thumb/v7e-m+fp/hard\libc_nano.a(libc_a-malloc.o)
 .debug_frame   0x00000c20       0x50 C:/SysGCC/arm-eabi/bin/../lib/gcc/arm-none-eabi/13.3.1/thumb/v7e-m+fp/hard\libc_nano.a(libc_a-mallocr.o)
 .debug_frame   0x00000c70       0x30 C:/SysGCC/arm-eabi/bin/../lib/gcc/arm-none-eabi/13.3.1/thumb/v7e-m+fp/hard\libc_nano.a(libc_a-mlock.o)
 .debug_frame   0x00000ca0      0x260 C:/SysGCC/arm-eabi/bin/../lib/gcc/arm-none-eabi/13.3.1/thumb/v7e-m+fp/hard\libc_nano.a(libc_a-mprec.o)
 .debug_frame   0x00000f00       0x5c C:/SysGCC/arm-eabi/bin/../lib/gcc/arm-none-eabi/13.3.1/thumb/v7e-m+fp/hard\libc_nano.a(libc_a-fflush.o)
 .debug_frame   0x00000f5c       0x48 C:/SysGCC/arm-eabi/bin/../lib/gcc/arm-none-eabi/13.3.1/thumb/v7e-m+fp/hard\libc_nano.a(libc_a-locale.o)
 .debug_frame   0x00000fa4       0x2c C:/SysGCC/arm-eabi/bin/../lib/gcc/arm-none-eabi/13.3.1/thumb/v7e-m+fp/hard\libc_nano.a(libc_a-sbrkr.o)
 .debug_frame   0x00000fd0       0x28 C:/SysGCC/arm-eabi/bin/../lib/gcc/arm-none-eabi/13.3.1/thumb/v7e-m+fp/hard\libc_nano.a(libc_a-memcpy-stub.o)
 .debug_frame   0x00000ff8       0x40 C:/SysGCC/arm-eabi/bin/../lib/gcc/arm-none-eabi/13.3.1/thumb/v7e-m+fp/hard\libc_nano.a(libc_a-assert.o)
 .debug_frame   0x00001038       0x2c C:/SysGCC/arm-eabi/bin/../lib/gcc/arm-none-eabi/13.3.1/thumb/v7e-m+fp/hard\libc_nano.a(libc_a-callocr.o)
 .debug_frame   0x00001064       0x48 C:/SysGCC/arm-eabi/bin/../lib/gcc/arm-none-eabi/13.3.1/thumb/v7e-m+fp/hard\libc_nano.a(libc_a-mbtowc_r.o)
 .debug_frame   0x000010ac       0x3c C:/SysGCC/arm-eabi/bin/../lib/gcc/arm-none-eabi/13.3.1/thumb/v7e-m+fp/hard\libc_nano.a(libc_a-wctomb_r.o)
 .debug_frame   0x000010e8       0x64 C:/SysGCC/arm-eabi/bin/../lib/gcc/arm-none-eabi/13.3.1/thumb/v7e-m+fp/hard\libc_nano.a(libc_a-fprintf.o)
 .debug_frame   0x0000114c       0x28 C:/SysGCC/arm-eabi/bin/../lib/gcc/arm-none-eabi/13.3.1/thumb/v7e-m+fp/hard\libc_nano.a(libc_a-abort.o)
 .debug_frame   0x00001174       0xa8 C:/SysGCC/arm-eabi/bin/../lib/gcc/arm-none-eabi/13.3.1/thumb/v7e-m+fp/hard\libc_nano.a(libc_a-nano-vfprintf.o)
 .debug_frame   0x0000121c       0x40 C:/SysGCC/arm-eabi/bin/../lib/gcc/arm-none-eabi/13.3.1/thumb/v7e-m+fp/hard\libc_nano.a(libc_a-wbuf.o)
 .debug_frame   0x0000125c       0x2c C:/SysGCC/arm-eabi/bin/../lib/gcc/arm-none-eabi/13.3.1/thumb/v7e-m+fp/hard\libc_nano.a(libc_a-wsetup.o)
 .debug_frame   0x00001288       0xcc C:/SysGCC/arm-eabi/bin/../lib/gcc/arm-none-eabi/13.3.1/thumb/v7e-m+fp/hard\libc_nano.a(libc_a-signal.o)
 .debug_frame   0x00001354       0x3c C:/SysGCC/arm-eabi/bin/../lib/gcc/arm-none-eabi/13.3.1/thumb/v7e-m+fp/hard\libc_nano.a(libc_a-signalr.o)
 .debug_frame   0x00001390       0x58 C:/SysGCC/arm-eabi/bin/../lib/gcc/arm-none-eabi/13.3.1/thumb/v7e-m+fp/hard\libc_nano.a(libc_a-makebuf.o)
 .debug_frame   0x000013e8       0x2c C:/SysGCC/arm-eabi/bin/../lib/gcc/arm-none-eabi/13.3.1/thumb/v7e-m+fp/hard\libc_nano.a(libc_a-fstatr.o)
 .debug_frame   0x00001414       0x2c C:/SysGCC/arm-eabi/bin/../lib/gcc/arm-none-eabi/13.3.1/thumb/v7e-m+fp/hard\libc_nano.a(libc_a-isattyr.o)
 .debug_frame   0x00001440       0xac C:/SysGCC/arm-eabi/bin/../lib/gcc/arm-none-eabi/13.3.1/thumb/v7e-m+fp/hard\libgcc.a(_arm_addsubdf3.o)
 .debug_frame   0x000014ec       0x50 C:/SysGCC/arm-eabi/bin/../lib/gcc/arm-none-eabi/13.3.1/thumb/v7e-m+fp/hard\libgcc.a(_arm_muldivdf3.o)
 .debug_frame   0x0000153c       0xc4 C:/SysGCC/arm-eabi/bin/../lib/gcc/arm-none-eabi/13.3.1/thumb/v7e-m+fp/hard\libgcc.a(_arm_cmpdf2.o)
 .debug_frame   0x00001600       0x20 C:/SysGCC/arm-eabi/bin/../lib/gcc/arm-none-eabi/13.3.1/thumb/v7e-m+fp/hard\libgcc.a(_arm_unorddf2.o)
 .debug_frame   0x00001620       0x24 C:/SysGCC/arm-eabi/bin/../lib/gcc/arm-none-eabi/13.3.1/thumb/v7e-m+fp/hard\libgcc.a(_arm_fixdfsi.o)
 .debug_frame   0x00001644       0x24 C:/SysGCC/arm-eabi/bin/../lib/gcc/arm-none-eabi/13.3.1/thumb/v7e-m+fp/hard\libgcc.a(_arm_truncdfsf2.o)

.debug_line_str
                0x00000000      0x1c2
 .debug_line_str
                0x00000000      0x1c2 C:/SysGCC/arm-eabi/bin/../lib/gcc/arm-none-eabi/13.3.1/thumb/v7e-m+fp/hard\libc_nano.a(libc_a-memchr.o)
                                 0xe1 (size before relaxing)
 .debug_line_str
                0x000001c2       0xeb C:/SysGCC/arm-eabi/bin/../lib/gcc/arm-none-eabi/13.3.1/thumb/v7e-m+fp/hard\libc_nano.a(libc_a-strlen.o)
 .debug_line_str
                0x000001c2       0xce C:/SysGCC/arm-eabi/bin/../lib/gcc/arm-none-eabi/13.3.1/thumb/v7e-m+fp/hard\libgcc.a(_arm_addsubdf3.o)
 .debug_line_str
                0x000001c2       0xce C:/SysGCC/arm-eabi/bin/../lib/gcc/arm-none-eabi/13.3.1/thumb/v7e-m+fp/hard\libgcc.a(_arm_muldivdf3.o)
 .debug_line_str
                0x000001c2       0xce C:/SysGCC/arm-eabi/bin/../lib/gcc/arm-none-eabi/13.3.1/thumb/v7e-m+fp/hard\libgcc.a(_arm_cmpdf2.o)
 .debug_line_str
                0x000001c2       0xce C:/SysGCC/arm-eabi/bin/../lib/gcc/arm-none-eabi/13.3.1/thumb/v7e-m+fp/hard\libgcc.a(_arm_unorddf2.o)
 .debug_line_str
                0x000001c2       0xce C:/SysGCC/arm-eabi/bin/../lib/gcc/arm-none-eabi/13.3.1/thumb/v7e-m+fp/hard\libgcc.a(_arm_fixdfsi.o)
 .debug_line_str
                0x000001c2       0xce C:/SysGCC/arm-eabi/bin/../lib/gcc/arm-none-eabi/13.3.1/thumb/v7e-m+fp/hard\libgcc.a(_arm_truncdfsf2.o)

Cross Reference Table

Symbol                                            File
ADC_IRQHandler                                    build_F411RE/startup_stm32f411xe.o
AHBPrescTable                                     build_F411RE/system_stm32f4xx.o
APBPrescTable                                     build_F411RE/system_stm32f4xx.o
BusFault_Handler                                  build_F411RE/startup_stm32f411xe.o
DMA1_Stream0_IRQHandler                           build_F411RE/startup_stm32f411xe.o
DMA1_Stream1_IRQHandler                           build_F411RE/startup_stm32f411xe.o
DMA1_Stream2_IRQHandler                           build_F411RE/startup_stm32f411xe.o
DMA1_Stream3_IRQHandler                           build_F411RE/startup_stm32f411xe.o
DMA1_Stream4_IRQHandler                           build_F411RE/startup_stm32f411xe.o
DMA1_Stream5_IRQHandler                           build_F411RE/startup_stm32f411xe.o
DMA1_Stream6_IRQHandler                           build_F411RE/startup_stm32f411xe.o
DMA1_Stream7_IRQHandler                           build_F411RE/startup_stm32f411xe.o
DMA2_Stream0_IRQHandler                           build_F411RE/startup_stm32f411xe.o
DMA2_Stream1_IRQHandler                           build_F411RE/startup_stm32f411xe.o
DMA2_Stream2_IRQHandler                           build_F411RE/startup_stm32f411xe.o
DMA2_Stream3_IRQHandler                           build_F411RE/startup_stm32f411xe.o
DMA2_Stream4_IRQHandler                           build_F411RE/startup_stm32f411xe.o
DMA2_Stream5_IRQHandler                           build_F411RE/startup_stm32f411xe.o
DMA2_Stream6_IRQHandler                           build_F411RE/startup_stm32f411xe.o
DMA2_Stream7_IRQHandler                           build_F411RE/startup_stm32f411xe.o
DebugMon_Handler                                  build_F411RE/startup_stm32f411xe.o
Default_Handler                                   build_F411RE/startup_stm32f411xe.o
EXTI0_IRQHandler                                  build_F411RE/startup_stm32f411xe.o
EXTI15_10_IRQHandler                              build_F411RE/it_handlers.o
EXTI1_IRQHandler                                  build_F411RE/startup_stm32f411xe.o
EXTI2_IRQHandler                                  build_F411RE/startup_stm32f411xe.o
EXTI3_IRQHandler                                  build_F411RE/startup_stm32f411xe.o
EXTI4_IRQHandler                                  build_F411RE/startup_stm32f411xe.o
EXTI9_5_IRQHandler                                build_F411RE/it_handlers.o
FLASH_IRQHandler                                  build_F411RE/startup_stm32f411xe.o
FPU_IRQHandler                                    build_F411RE/startup_stm32f411xe.o
GPIO_Init_Ports                                   build_F411RE/init.o
                                                  build_F411RE/main.o
HardFault_Handler                                 build_F411RE/startup_stm32f411xe.o
I2C1_ER_IRQHandler                                build_F411RE/startup_stm32f411xe.o
I2C1_EV_IRQHandler                                build_F411RE/startup_stm32f411xe.o
I2C2_ER_IRQHandler                                build_F411RE/startup_stm32f411xe.o
I2C2_EV_IRQHandler                                build_F411RE/startup_stm32f411xe.o
I2C3_ER_IRQHandler                                build_F411RE/startup_stm32f411xe.o
I2C3_EV_IRQHandler                                build_F411RE/startup_stm32f411xe.o
I2C_Address                                       build_F411RE/mpu_i2c.o
I2C_Init_HW                                       build_F411RE/mpu_i2c.o
                                                  build_F411RE/main.o
I2C_Read                                          build_F411RE/mpu_i2c.o
I2C_Start                                         build_F411RE/mpu_i2c.o
I2C_Stop                                          build_F411RE/mpu_i2c.o
I2C_Wait                                          build_F411RE/mpu_i2c.o
I2C_Write                                         build_F411RE/mpu_i2c.o
ITR_Init                                          build_F411RE/init.o
                                                  build_F411RE/main.o
MAX_PWM                                           build_F411RE/utils.o
MIN_PWM                                           build_F411RE/utils.o
MPU_Calibrate                                     build_F411RE/mpu_i2c.o
                                                  build_F411RE/utils.o
                                                  build_F411RE/main.o
MPU_GetYaw                                        build_F411RE/mpu_i2c.o
                                                  build_F411RE/utils.o
MPU_Init                                          build_F411RE/mpu_i2c.o
MPU_Read                                          build_F411RE/mpu_i2c.o
MPU_Update                                        build_F411RE/mpu_i2c.o
                                                  build_F411RE/utils.o
MPU_Write                                         build_F411RE/mpu_i2c.o
MemManage_Handler                                 build_F411RE/startup_stm32f411xe.o
NMI_Handler                                       build_F411RE/startup_stm32f411xe.o
OTG_FS_IRQHandler                                 build_F411RE/startup_stm32f411xe.o
OTG_FS_WKUP_IRQHandler                            build_F411RE/startup_stm32f411xe.o
PID                                               build_F411RE/utils.o
PID_Reset                                         build_F411RE/utils.o
PVD_IRQHandler                                    build_F411RE/startup_stm32f411xe.o
PWM_Left                                          build_F411RE/utils.o
PWM_Right                                         build_F411RE/utils.o
PendSV_Handler                                    build_F411RE/startup_stm32f411xe.o
RCC_IRQHandler                                    build_F411RE/startup_stm32f411xe.o
RCC_Init                                          build_F411RE/init.o
                                                  build_F411RE/main.o
RTC_Alarm_IRQHandler                              build_F411RE/startup_stm32f411xe.o
RTC_WKUP_IRQHandler                               build_F411RE/startup_stm32f411xe.o
Reset_Handler                                     build_F411RE/startup_stm32f411xe.o
SDIO_IRQHandler                                   build_F411RE/startup_stm32f411xe.o
SPI1_IRQHandler                                   build_F411RE/startup_stm32f411xe.o
SPI2_IRQHandler                                   build_F411RE/startup_stm32f411xe.o
SPI3_IRQHandler                                   build_F411RE/startup_stm32f411xe.o
SPI4_IRQHandler                                   build_F411RE/startup_stm32f411xe.o
SPI5_IRQHandler                                   build_F411RE/startup_stm32f411xe.o
SVC_Handler                                       build_F411RE/startup_stm32f411xe.o
SysTick_Handler                                   build_F411RE/it_handlers.o
SysTick_Init                                      build_F411RE/init.o
                                                  build_F411RE/main.o
SystemCoreClock                                   build_F411RE/system_stm32f4xx.o
SystemCoreClockUpdate                             build_F411RE/system_stm32f4xx.o
SystemInit                                        build_F411RE/system_stm32f4xx.o
                                                  build_F411RE/startup_stm32f411xe.o
TAMP_STAMP_IRQHandler                             build_F411RE/startup_stm32f411xe.o
TIM1_BRK_TIM9_IRQHandler                          build_F411RE/startup_stm32f411xe.o
TIM1_CC_IRQHandler                                build_F411RE/startup_stm32f411xe.o
TIM1_PWM_Init                                     build_F411RE/init.o
                                                  build_F411RE/main.o
TIM1_TRG_COM_TIM11_IRQHandler                     build_F411RE/startup_stm32f411xe.o
TIM1_UP_TIM10_IRQHandler                          build_F411RE/startup_stm32f411xe.o
TIM2_IRQHandler                                   build_F411RE/startup_stm32f411xe.o
TIM3_IRQHandler                                   build_F411RE/startup_stm32f411xe.o
TIM4_IRQHandler                                   build_F411RE/startup_stm32f411xe.o
TIM5_IRQHandler                                   build_F411RE/startup_stm32f411xe.o
Traject                                           build_F411RE/utils.o
                                                  build_F411RE/main.o
USART1_IRQHandler                                 build_F411RE/startup_stm32f411xe.o
USART2_IRQHandler                                 build_F411RE/startup_stm32f411xe.o
USART6_IRQHandler                                 build_F411RE/startup_stm32f411xe.o
UsageFault_Handler                                build_F411RE/startup_stm32f411xe.o
WWDG_IRQHandler                                   build_F411RE/startup_stm32f411xe.o
_Balloc                                           C:/SysGCC/arm-eabi/bin/../lib/gcc/arm-none-eabi/13.3.1/thumb/v7e-m+fp/hard\libc_nano.a(libc_a-mprec.o)
                                                  C:/SysGCC/arm-eabi/bin/../lib/gcc/arm-none-eabi/13.3.1/thumb/v7e-m+fp/hard\libc_nano.a(libc_a-dtoa.o)
_Bfree                                            C:/SysGCC/arm-eabi/bin/../lib/gcc/arm-none-eabi/13.3.1/thumb/v7e-m+fp/hard\libc_nano.a(libc_a-mprec.o)
                                                  C:/SysGCC/arm-eabi/bin/../lib/gcc/arm-none-eabi/13.3.1/thumb/v7e-m+fp/hard\libc_nano.a(libc_a-dtoa.o)
_ITM_deregisterTMCloneTable                       C:/SysGCC/arm-eabi/bin/../lib/gcc/arm-none-eabi/13.3.1/thumb/v7e-m+fp/hard/crtbegin.o
_ITM_registerTMCloneTable                         C:/SysGCC/arm-eabi/bin/../lib/gcc/arm-none-eabi/13.3.1/thumb/v7e-m+fp/hard/crtbegin.o
_Min_Stack_Size                                   build_F411RE/sysmem.o
_PathLocale                                       C:/SysGCC/arm-eabi/bin/../lib/gcc/arm-none-eabi/13.3.1/thumb/v7e-m+fp/hard\libc_nano.a(libc_a-locale.o)
__TMC_END__                                       C:/SysGCC/arm-eabi/bin/../lib/gcc/arm-none-eabi/13.3.1/thumb/v7e-m+fp/hard/crtend.o
                                                  C:/SysGCC/arm-eabi/bin/../lib/gcc/arm-none-eabi/13.3.1/thumb/v7e-m+fp/hard/crtbegin.o
__adddf3                                          C:/SysGCC/arm-eabi/bin/../lib/gcc/arm-none-eabi/13.3.1/thumb/v7e-m+fp/hard\libgcc.a(_arm_addsubdf3.o)
__aeabi_cdcmpeq                                   C:/SysGCC/arm-eabi/bin/../lib/gcc/arm-none-eabi/13.3.1/thumb/v7e-m+fp/hard\libgcc.a(_arm_cmpdf2.o)
__aeabi_cdcmple                                   C:/SysGCC/arm-eabi/bin/../lib/gcc/arm-none-eabi/13.3.1/thumb/v7e-m+fp/hard\libgcc.a(_arm_cmpdf2.o)
__aeabi_cdrcmple                                  C:/SysGCC/arm-eabi/bin/../lib/gcc/arm-none-eabi/13.3.1/thumb/v7e-m+fp/hard\libgcc.a(_arm_cmpdf2.o)
__aeabi_d2f                                       C:/SysGCC/arm-eabi/bin/../lib/gcc/arm-none-eabi/13.3.1/thumb/v7e-m+fp/hard\libgcc.a(_arm_truncdfsf2.o)
                                                  build_F411RE/utils.o
__aeabi_d2iz                                      C:/SysGCC/arm-eabi/bin/../lib/gcc/arm-none-eabi/13.3.1/thumb/v7e-m+fp/hard\libgcc.a(_arm_fixdfsi.o)
                                                  C:/SysGCC/arm-eabi/bin/../lib/gcc/arm-none-eabi/13.3.1/thumb/v7e-m+fp/hard\libc_nano.a(libc_a-dtoa.o)
__aeabi_dadd                                      C:/SysGCC/arm-eabi/bin/../lib/gcc/arm-none-eabi/13.3.1/thumb/v7e-m+fp/hard\libgcc.a(_arm_addsubdf3.o)
                                                  C:/SysGCC/arm-eabi/bin/../lib/gcc/arm-none-eabi/13.3.1/thumb/v7e-m+fp/hard\libc_nano.a(libc_a-dtoa.o)
                                                  build_F411RE/utils.o
__aeabi_dcmpeq                                    C:/SysGCC/arm-eabi/bin/../lib/gcc/arm-none-eabi/13.3.1/thumb/v7e-m+fp/hard\libgcc.a(_arm_cmpdf2.o)
                                                  C:/SysGCC/arm-eabi/bin/../lib/gcc/arm-none-eabi/13.3.1/thumb/v7e-m+fp/hard\libc_nano.a(libc_a-dtoa.o)
                                                  C:/SysGCC/arm-eabi/bin/../lib/gcc/arm-none-eabi/13.3.1/thumb/v7e-m+fp/hard\libc_nano.a(libc_a-nano-vfprintf_float.o)
__aeabi_dcmpge                                    C:/SysGCC/arm-eabi/bin/../lib/gcc/arm-none-eabi/13.3.1/thumb/v7e-m+fp/hard\libgcc.a(_arm_cmpdf2.o)
                                                  C:/SysGCC/arm-eabi/bin/../lib/gcc/arm-none-eabi/13.3.1/thumb/v7e-m+fp/hard\libc_nano.a(libc_a-dtoa.o)
__aeabi_dcmpgt                                    C:/SysGCC/arm-eabi/bin/../lib/gcc/arm-none-eabi/13.3.1/thumb/v7e-m+fp/hard\libgcc.a(_arm_cmpdf2.o)
                                                  C:/SysGCC/arm-eabi/bin/../lib/gcc/arm-none-eabi/13.3.1/thumb/v7e-m+fp/hard\libc_nano.a(libc_a-dtoa.o)
__aeabi_dcmple                                    C:/SysGCC/arm-eabi/bin/../lib/gcc/arm-none-eabi/13.3.1/thumb/v7e-m+fp/hard\libgcc.a(_arm_cmpdf2.o)
                                                  C:/SysGCC/arm-eabi/bin/../lib/gcc/arm-none-eabi/13.3.1/thumb/v7e-m+fp/hard\libc_nano.a(libc_a-nano-vfprintf_float.o)
__aeabi_dcmplt                                    C:/SysGCC/arm-eabi/bin/../lib/gcc/arm-none-eabi/13.3.1/thumb/v7e-m+fp/hard\libgcc.a(_arm_cmpdf2.o)
                                                  C:/SysGCC/arm-eabi/bin/../lib/gcc/arm-none-eabi/13.3.1/thumb/v7e-m+fp/hard\libc_nano.a(libc_a-dtoa.o)
                                                  C:/SysGCC/arm-eabi/bin/../lib/gcc/arm-none-eabi/13.3.1/thumb/v7e-m+fp/hard\libc_nano.a(libc_a-nano-vfprintf_float.o)
__aeabi_dcmpun                                    C:/SysGCC/arm-eabi/bin/../lib/gcc/arm-none-eabi/13.3.1/thumb/v7e-m+fp/hard\libgcc.a(_arm_unorddf2.o)
                                                  C:/SysGCC/arm-eabi/bin/../lib/gcc/arm-none-eabi/13.3.1/thumb/v7e-m+fp/hard\libc_nano.a(libc_a-nano-vfprintf_float.o)
__aeabi_ddiv                                      C:/SysGCC/arm-eabi/bin/../lib/gcc/arm-none-eabi/13.3.1/thumb/v7e-m+fp/hard\libgcc.a(_arm_muldivdf3.o)
                                                  C:/SysGCC/arm-eabi/bin/../lib/gcc/arm-none-eabi/13.3.1/thumb/v7e-m+fp/hard\libc_nano.a(libc_a-mprec.o)
                                                  C:/SysGCC/arm-eabi/bin/../lib/gcc/arm-none-eabi/13.3.1/thumb/v7e-m+fp/hard\libc_nano.a(libc_a-dtoa.o)
__aeabi_dmul                                      C:/SysGCC/arm-eabi/bin/../lib/gcc/arm-none-eabi/13.3.1/thumb/v7e-m+fp/hard\libgcc.a(_arm_muldivdf3.o)
                                                  C:/SysGCC/arm-eabi/bin/../lib/gcc/arm-none-eabi/13.3.1/thumb/v7e-m+fp/hard\libgcc.a(_arm_muldf3.o)
                                                  C:/SysGCC/arm-eabi/bin/../lib/gcc/arm-none-eabi/13.3.1/thumb/v7e-m+fp/hard\libc_nano.a(libc_a-mprec.o)
                                                  C:/SysGCC/arm-eabi/bin/../lib/gcc/arm-none-eabi/13.3.1/thumb/v7e-m+fp/hard\libc_nano.a(libc_a-dtoa.o)
                                                  build_F411RE/utils.o
__aeabi_drsub                                     C:/SysGCC/arm-eabi/bin/../lib/gcc/arm-none-eabi/13.3.1/thumb/v7e-m+fp/hard\libgcc.a(_arm_addsubdf3.o)
__aeabi_dsub                                      C:/SysGCC/arm-eabi/bin/../lib/gcc/arm-none-eabi/13.3.1/thumb/v7e-m+fp/hard\libgcc.a(_arm_addsubdf3.o)
                                                  C:/SysGCC/arm-eabi/bin/../lib/gcc/arm-none-eabi/13.3.1/thumb/v7e-m+fp/hard\libc_nano.a(libc_a-dtoa.o)
__aeabi_f2d                                       C:/SysGCC/arm-eabi/bin/../lib/gcc/arm-none-eabi/13.3.1/thumb/v7e-m+fp/hard\libgcc.a(_arm_addsubdf3.o)
                                                  build_F411RE/utils.o
__aeabi_i2d                                       C:/SysGCC/arm-eabi/bin/../lib/gcc/arm-none-eabi/13.3.1/thumb/v7e-m+fp/hard\libgcc.a(_arm_addsubdf3.o)
                                                  C:/SysGCC/arm-eabi/bin/../lib/gcc/arm-none-eabi/13.3.1/thumb/v7e-m+fp/hard\libc_nano.a(libc_a-dtoa.o)
__aeabi_l2d                                       C:/SysGCC/arm-eabi/bin/../lib/gcc/arm-none-eabi/13.3.1/thumb/v7e-m+fp/hard\libgcc.a(_arm_addsubdf3.o)
__aeabi_ui2d                                      C:/SysGCC/arm-eabi/bin/../lib/gcc/arm-none-eabi/13.3.1/thumb/v7e-m+fp/hard\libgcc.a(_arm_addsubdf3.o)
                                                  C:/SysGCC/arm-eabi/bin/../lib/gcc/arm-none-eabi/13.3.1/thumb/v7e-m+fp/hard\libc_nano.a(libc_a-dtoa.o)
__aeabi_ul2d                                      C:/SysGCC/arm-eabi/bin/../lib/gcc/arm-none-eabi/13.3.1/thumb/v7e-m+fp/hard\libgcc.a(_arm_addsubdf3.o)
__any_on                                          C:/SysGCC/arm-eabi/bin/../lib/gcc/arm-none-eabi/13.3.1/thumb/v7e-m+fp/hard\libc_nano.a(libc_a-mprec.o)
__ascii_mbtowc                                    C:/SysGCC/arm-eabi/bin/../lib/gcc/arm-none-eabi/13.3.1/thumb/v7e-m+fp/hard\libc_nano.a(libc_a-mbtowc_r.o)
                                                  C:/SysGCC/arm-eabi/bin/../lib/gcc/arm-none-eabi/13.3.1/thumb/v7e-m+fp/hard\libc_nano.a(libc_a-locale.o)
__ascii_wctomb                                    C:/SysGCC/arm-eabi/bin/../lib/gcc/arm-none-eabi/13.3.1/thumb/v7e-m+fp/hard\libc_nano.a(libc_a-wctomb_r.o)
                                                  C:/SysGCC/arm-eabi/bin/../lib/gcc/arm-none-eabi/13.3.1/thumb/v7e-m+fp/hard\libc_nano.a(libc_a-locale.o)
__assert                                          C:/SysGCC/arm-eabi/bin/../lib/gcc/arm-none-eabi/13.3.1/thumb/v7e-m+fp/hard\libc_nano.a(libc_a-assert.o)
__assert_func                                     C:/SysGCC/arm-eabi/bin/../lib/gcc/arm-none-eabi/13.3.1/thumb/v7e-m+fp/hard\libc_nano.a(libc_a-assert.o)
                                                  C:/SysGCC/arm-eabi/bin/../lib/gcc/arm-none-eabi/13.3.1/thumb/v7e-m+fp/hard\libc_nano.a(libc_a-mprec.o)
                                                  C:/SysGCC/arm-eabi/bin/../lib/gcc/arm-none-eabi/13.3.1/thumb/v7e-m+fp/hard\libc_nano.a(libc_a-dtoa.o)
__b2d                                             C:/SysGCC/arm-eabi/bin/../lib/gcc/arm-none-eabi/13.3.1/thumb/v7e-m+fp/hard\libc_nano.a(libc_a-mprec.o)
__bss_end__                                       C:/SysGCC/arm-eabi/bin/../lib/gcc/arm-none-eabi/13.3.1/thumb/v7e-m+fp/hard/crt0.o
__bss_start__                                     C:/SysGCC/arm-eabi/bin/../lib/gcc/arm-none-eabi/13.3.1/thumb/v7e-m+fp/hard/crt0.o
__call_exitprocs                                  C:/SysGCC/arm-eabi/bin/../lib/gcc/arm-none-eabi/13.3.1/thumb/v7e-m+fp/hard\libc_nano.a(libc_a-exit.o)
__cmpdf2                                          C:/SysGCC/arm-eabi/bin/../lib/gcc/arm-none-eabi/13.3.1/thumb/v7e-m+fp/hard\libgcc.a(_arm_cmpdf2.o)
__copybits                                        C:/SysGCC/arm-eabi/bin/../lib/gcc/arm-none-eabi/13.3.1/thumb/v7e-m+fp/hard\libc_nano.a(libc_a-mprec.o)
__cvt                                             C:/SysGCC/arm-eabi/bin/../lib/gcc/arm-none-eabi/13.3.1/thumb/v7e-m+fp/hard\libc_nano.a(libc_a-nano-vfprintf_float.o)
__d2b                                             C:/SysGCC/arm-eabi/bin/../lib/gcc/arm-none-eabi/13.3.1/thumb/v7e-m+fp/hard\libc_nano.a(libc_a-mprec.o)
                                                  C:/SysGCC/arm-eabi/bin/../lib/gcc/arm-none-eabi/13.3.1/thumb/v7e-m+fp/hard\libc_nano.a(libc_a-dtoa.o)
__deregister_frame_info                           C:/SysGCC/arm-eabi/bin/../lib/gcc/arm-none-eabi/13.3.1/thumb/v7e-m+fp/hard/crtbegin.o
__divdf3                                          C:/SysGCC/arm-eabi/bin/../lib/gcc/arm-none-eabi/13.3.1/thumb/v7e-m+fp/hard\libgcc.a(_arm_muldivdf3.o)
__dso_handle                                      C:/SysGCC/arm-eabi/bin/../lib/gcc/arm-none-eabi/13.3.1/thumb/v7e-m+fp/hard/crtbegin.o
__env                                             build_F411RE/syscalls.o
__eqdf2                                           C:/SysGCC/arm-eabi/bin/../lib/gcc/arm-none-eabi/13.3.1/thumb/v7e-m+fp/hard\libgcc.a(_arm_cmpdf2.o)
__errno                                           C:/SysGCC/arm-eabi/bin/../lib/gcc/arm-none-eabi/13.3.1/thumb/v7e-m+fp/hard\libc_nano.a(libc_a-errno.o)
                                                  build_F411RE/sysmem.o
                                                  build_F411RE/syscalls.o
__exponent                                        C:/SysGCC/arm-eabi/bin/../lib/gcc/arm-none-eabi/13.3.1/thumb/v7e-m+fp/hard\libc_nano.a(libc_a-nano-vfprintf_float.o)
__extendsfdf2                                     C:/SysGCC/arm-eabi/bin/../lib/gcc/arm-none-eabi/13.3.1/thumb/v7e-m+fp/hard\libgcc.a(_arm_addsubdf3.o)
__fixdfsi                                         C:/SysGCC/arm-eabi/bin/../lib/gcc/arm-none-eabi/13.3.1/thumb/v7e-m+fp/hard\libgcc.a(_arm_fixdfsi.o)
__floatdidf                                       C:/SysGCC/arm-eabi/bin/../lib/gcc/arm-none-eabi/13.3.1/thumb/v7e-m+fp/hard\libgcc.a(_arm_addsubdf3.o)
__floatsidf                                       C:/SysGCC/arm-eabi/bin/../lib/gcc/arm-none-eabi/13.3.1/thumb/v7e-m+fp/hard\libgcc.a(_arm_addsubdf3.o)
__floatundidf                                     C:/SysGCC/arm-eabi/bin/../lib/gcc/arm-none-eabi/13.3.1/thumb/v7e-m+fp/hard\libgcc.a(_arm_addsubdf3.o)
__floatunsidf                                     C:/SysGCC/arm-eabi/bin/../lib/gcc/arm-none-eabi/13.3.1/thumb/v7e-m+fp/hard\libgcc.a(_arm_addsubdf3.o)
__fp_lock_all                                     C:/SysGCC/arm-eabi/bin/../lib/gcc/arm-none-eabi/13.3.1/thumb/v7e-m+fp/hard\libc_nano.a(libc_a-findfp.o)
__fp_unlock_all                                   C:/SysGCC/arm-eabi/bin/../lib/gcc/arm-none-eabi/13.3.1/thumb/v7e-m+fp/hard\libc_nano.a(libc_a-findfp.o)
__gedf2                                           C:/SysGCC/arm-eabi/bin/../lib/gcc/arm-none-eabi/13.3.1/thumb/v7e-m+fp/hard\libgcc.a(_arm_cmpdf2.o)
__global_locale                                   C:/SysGCC/arm-eabi/bin/../lib/gcc/arm-none-eabi/13.3.1/thumb/v7e-m+fp/hard\libc_nano.a(libc_a-locale.o)
                                                  C:/SysGCC/arm-eabi/bin/../lib/gcc/arm-none-eabi/13.3.1/thumb/v7e-m+fp/hard\libc_nano.a(libc_a-wctomb_r.o)
                                                  C:/SysGCC/arm-eabi/bin/../lib/gcc/arm-none-eabi/13.3.1/thumb/v7e-m+fp/hard\libc_nano.a(libc_a-mbtowc_r.o)
                                                  C:/SysGCC/arm-eabi/bin/../lib/gcc/arm-none-eabi/13.3.1/thumb/v7e-m+fp/hard\libc_nano.a(libc_a-localeconv.o)
__gtdf2                                           C:/SysGCC/arm-eabi/bin/../lib/gcc/arm-none-eabi/13.3.1/thumb/v7e-m+fp/hard\libgcc.a(_arm_cmpdf2.o)
__hi0bits                                         C:/SysGCC/arm-eabi/bin/../lib/gcc/arm-none-eabi/13.3.1/thumb/v7e-m+fp/hard\libc_nano.a(libc_a-mprec.o)
                                                  C:/SysGCC/arm-eabi/bin/../lib/gcc/arm-none-eabi/13.3.1/thumb/v7e-m+fp/hard\libc_nano.a(libc_a-dtoa.o)
__i2b                                             C:/SysGCC/arm-eabi/bin/../lib/gcc/arm-none-eabi/13.3.1/thumb/v7e-m+fp/hard\libc_nano.a(libc_a-mprec.o)
                                                  C:/SysGCC/arm-eabi/bin/../lib/gcc/arm-none-eabi/13.3.1/thumb/v7e-m+fp/hard\libc_nano.a(libc_a-dtoa.o)
__init_array_end                                  C:/SysGCC/arm-eabi/bin/../lib/gcc/arm-none-eabi/13.3.1/thumb/v7e-m+fp/hard\libc_nano.a(libc_a-init.o)
__init_array_start                                C:/SysGCC/arm-eabi/bin/../lib/gcc/arm-none-eabi/13.3.1/thumb/v7e-m+fp/hard\libc_nano.a(libc_a-init.o)
__io_getchar                                      build_F411RE/syscalls.o
__io_putchar                                      build_F411RE/syscalls.o
__ledf2                                           C:/SysGCC/arm-eabi/bin/../lib/gcc/arm-none-eabi/13.3.1/thumb/v7e-m+fp/hard\libgcc.a(_arm_cmpdf2.o)
__libc_fini_array                                 C:/SysGCC/arm-eabi/bin/../lib/gcc/arm-none-eabi/13.3.1/thumb/v7e-m+fp/hard/crt0.o
__libc_init_array                                 C:/SysGCC/arm-eabi/bin/../lib/gcc/arm-none-eabi/13.3.1/thumb/v7e-m+fp/hard\libc_nano.a(libc_a-init.o)
                                                  build_F411RE/startup_stm32f411xe.o
                                                  C:/SysGCC/arm-eabi/bin/../lib/gcc/arm-none-eabi/13.3.1/thumb/v7e-m+fp/hard/crt0.o
__lo0bits                                         C:/SysGCC/arm-eabi/bin/../lib/gcc/arm-none-eabi/13.3.1/thumb/v7e-m+fp/hard\libc_nano.a(libc_a-mprec.o)
__locale_mb_cur_max                               C:/SysGCC/arm-eabi/bin/../lib/gcc/arm-none-eabi/13.3.1/thumb/v7e-m+fp/hard\libc_nano.a(libc_a-locale.o)
__localeconv_l                                    C:/SysGCC/arm-eabi/bin/../lib/gcc/arm-none-eabi/13.3.1/thumb/v7e-m+fp/hard\libc_nano.a(libc_a-localeconv.o)
__lock___arc4random_mutex                         C:/SysGCC/arm-eabi/bin/../lib/gcc/arm-none-eabi/13.3.1/thumb/v7e-m+fp/hard\libc_nano.a(libc_a-lock.o)
__lock___at_quick_exit_mutex                      C:/SysGCC/arm-eabi/bin/../lib/gcc/arm-none-eabi/13.3.1/thumb/v7e-m+fp/hard\libc_nano.a(libc_a-lock.o)
__lock___atexit_recursive_mutex                   C:/SysGCC/arm-eabi/bin/../lib/gcc/arm-none-eabi/13.3.1/thumb/v7e-m+fp/hard\libc_nano.a(libc_a-lock.o)
__lock___dd_hash_mutex                            C:/SysGCC/arm-eabi/bin/../lib/gcc/arm-none-eabi/13.3.1/thumb/v7e-m+fp/hard\libc_nano.a(libc_a-lock.o)
__lock___env_recursive_mutex                      C:/SysGCC/arm-eabi/bin/../lib/gcc/arm-none-eabi/13.3.1/thumb/v7e-m+fp/hard\libc_nano.a(libc_a-lock.o)
__lock___malloc_recursive_mutex                   C:/SysGCC/arm-eabi/bin/../lib/gcc/arm-none-eabi/13.3.1/thumb/v7e-m+fp/hard\libc_nano.a(libc_a-lock.o)
                                                  C:/SysGCC/arm-eabi/bin/../lib/gcc/arm-none-eabi/13.3.1/thumb/v7e-m+fp/hard\libc_nano.a(libc_a-mlock.o)
__lock___sfp_recursive_mutex                      C:/SysGCC/arm-eabi/bin/../lib/gcc/arm-none-eabi/13.3.1/thumb/v7e-m+fp/hard\libc_nano.a(libc_a-lock.o)
                                                  C:/SysGCC/arm-eabi/bin/../lib/gcc/arm-none-eabi/13.3.1/thumb/v7e-m+fp/hard\libc_nano.a(libc_a-findfp.o)
__lock___tz_mutex                                 C:/SysGCC/arm-eabi/bin/../lib/gcc/arm-none-eabi/13.3.1/thumb/v7e-m+fp/hard\libc_nano.a(libc_a-lock.o)
__lshift                                          C:/SysGCC/arm-eabi/bin/../lib/gcc/arm-none-eabi/13.3.1/thumb/v7e-m+fp/hard\libc_nano.a(libc_a-mprec.o)
                                                  C:/SysGCC/arm-eabi/bin/../lib/gcc/arm-none-eabi/13.3.1/thumb/v7e-m+fp/hard\libc_nano.a(libc_a-dtoa.o)
__ltdf2                                           C:/SysGCC/arm-eabi/bin/../lib/gcc/arm-none-eabi/13.3.1/thumb/v7e-m+fp/hard\libgcc.a(_arm_cmpdf2.o)
__malloc_free_list                                C:/SysGCC/arm-eabi/bin/../lib/gcc/arm-none-eabi/13.3.1/thumb/v7e-m+fp/hard\libc_nano.a(libc_a-mallocr.o)
                                                  C:/SysGCC/arm-eabi/bin/../lib/gcc/arm-none-eabi/13.3.1/thumb/v7e-m+fp/hard\libc_nano.a(libc_a-freer.o)
__malloc_lock                                     C:/SysGCC/arm-eabi/bin/../lib/gcc/arm-none-eabi/13.3.1/thumb/v7e-m+fp/hard\libc_nano.a(libc_a-mlock.o)
                                                  C:/SysGCC/arm-eabi/bin/../lib/gcc/arm-none-eabi/13.3.1/thumb/v7e-m+fp/hard\libc_nano.a(libc_a-mallocr.o)
                                                  C:/SysGCC/arm-eabi/bin/../lib/gcc/arm-none-eabi/13.3.1/thumb/v7e-m+fp/hard\libc_nano.a(libc_a-freer.o)
__malloc_sbrk_start                               C:/SysGCC/arm-eabi/bin/../lib/gcc/arm-none-eabi/13.3.1/thumb/v7e-m+fp/hard\libc_nano.a(libc_a-mallocr.o)
__malloc_unlock                                   C:/SysGCC/arm-eabi/bin/../lib/gcc/arm-none-eabi/13.3.1/thumb/v7e-m+fp/hard\libc_nano.a(libc_a-mlock.o)
                                                  C:/SysGCC/arm-eabi/bin/../lib/gcc/arm-none-eabi/13.3.1/thumb/v7e-m+fp/hard\libc_nano.a(libc_a-mallocr.o)
                                                  C:/SysGCC/arm-eabi/bin/../lib/gcc/arm-none-eabi/13.3.1/thumb/v7e-m+fp/hard\libc_nano.a(libc_a-freer.o)
__mcmp                                            C:/SysGCC/arm-eabi/bin/../lib/gcc/arm-none-eabi/13.3.1/thumb/v7e-m+fp/hard\libc_nano.a(libc_a-mprec.o)