Archive member included to satisfy reference by file (symbol)

C:/SysGCC/arm-eabi/bin/../lib/gcc/arm-none-eabi/13.3.1/thumb/v7e-m+fp/hard\libc_nano.a(libc_a-exit.o)
                              C:/SysGCC/arm-eabi/bin/../lib/gcc/arm-none-eabi/13.3.1/thumb/v7e-m+fp/hard/crt0.o (exit)
C:/SysGCC/arm-eabi/bin/../lib/gcc/arm-none-eabi/13.3.1/thumb/v7e-m+fp/hard\libc_nano.a(libc_a-nano-vfprintf_float.o)
                              (_printf_float)
C:/SysGCC/arm-eabi/bin/../lib/gcc/arm-none-eabi/13.3.1/thumb/v7e-m+fp/hard\libc_nano.a(libc_a-nano-vfprintf_i.o)
                              C:/SysGCC/arm-eabi/bin/../lib/gcc/arm-none-eabi/13.3.1/thumb/v7e-m+fp/hard\libc_nano.a(libc_a-nano-vfprintf_float.o) (_printf_common)
C:/SysGCC/arm-eabi/bin/../lib/gcc/arm-none-eabi/13.3.1/thumb/v7e-m+fp/hard\libc_nano.a(libc_a-findfp.o)
                              C:/SysGCC/arm-eabi/bin/../lib/gcc/arm-none-eabi/13.3.1/thumb/v7e-m+fp/hard\libc_nano.a(libc_a-exit.o) (__stdio_exit_handler)
C:/SysGCC/arm-eabi/bin/../lib/gcc/arm-none-eabi/13.3.1/thumb/v7e-m+fp/hard\libc_nano.a(libc_a-fwalk.o)
                              C:/SysGCC/arm-eabi/bin/../lib/gcc/arm-none-eabi/13.3.1/thumb/v7e-m+fp/hard\libc_nano.a(libc_a-findfp.o) (_fwalk_sglue)
C:/SysGCC/arm-eabi/bin/../lib/gcc/arm-none-eabi/13.3.1/thumb/v7e-m+fp/hard\libc_nano.a(libc_a-sprintf.o)
                              build_F411RE/mpu_i2c.o (sprintf)
C:/SysGCC/arm-eabi/bin/../lib/gcc/arm-none-eabi/13.3.1/thumb/v7e-m+fp/hard\libc_nano.a(libc_a-stdio.o)
                              C:/SysGCC/arm-eabi/bin/../lib/gcc/arm-none-eabi/13.3.1/thumb/v7e-m+fp/hard\libc_nano.a(libc_a-findfp.o) (__sread)
C:/SysGCC/arm-eabi/bin/../lib/gcc/arm-none-eabi/13.3.1/thumb/v7e-m+fp/hard\libc_nano.a(libc_a-memset.o)
                              C:/SysGCC/arm-eabi/bin/../lib/gcc/arm-none-eabi/13.3.1/thumb/v7e-m+fp/hard/crt0.o (memset)
C:/SysGCC/arm-eabi/bin/../lib/gcc/arm-none-eabi/13.3.1/thumb/v7e-m+fp/hard\libc_nano.a(libc_a-localeconv.o)
                              C:/SysGCC/arm-eabi/bin/../lib/gcc/arm-none-eabi/13.3.1/thumb/v7e-m+fp/hard\libc_nano.a(libc_a-nano-vfprintf_float.o) (_localeconv_r)
C:/SysGCC/arm-eabi/bin/../lib/gcc/arm-none-eabi/13.3.1/thumb/v7e-m+fp/hard\libc_nano.a(libc_a-closer.o)
                              C:/SysGCC/arm-eabi/bin/../lib/gcc/arm-none-eabi/13.3.1/thumb/v7e-m+fp/hard\libc_nano.a(libc_a-stdio.o) (_close_r)
C:/SysGCC/arm-eabi/bin/../lib/gcc/arm-none-eabi/13.3.1/thumb/v7e-m+fp/hard\libc_nano.a(libc_a-reent.o)
                              C:/SysGCC/arm-eabi/bin/../lib/gcc/arm-none-eabi/13.3.1/thumb/v7e-m+fp/hard\libc_nano.a(libc_a-closer.o) (errno)
C:/SysGCC/arm-eabi/bin/../lib/gcc/arm-none-eabi/13.3.1/thumb/v7e-m+fp/hard\libc_nano.a(libc_a-impure.o)
                              C:/SysGCC/arm-eabi/bin/../lib/gcc/arm-none-eabi/13.3.1/thumb/v7e-m+fp/hard\libc_nano.a(libc_a-sprintf.o) (_impure_ptr)
C:/SysGCC/arm-eabi/bin/../lib/gcc/arm-none-eabi/13.3.1/thumb/v7e-m+fp/hard\libc_nano.a(libc_a-lseekr.o)
                              C:/SysGCC/arm-eabi/bin/../lib/gcc/arm-none-eabi/13.3.1/thumb/v7e-m+fp/hard\libc_nano.a(libc_a-stdio.o) (_lseek_r)
C:/SysGCC/arm-eabi/bin/../lib/gcc/arm-none-eabi/13.3.1/thumb/v7e-m+fp/hard\libc_nano.a(libc_a-readr.o)
                              C:/SysGCC/arm-eabi/bin/../lib/gcc/arm-none-eabi/13.3.1/thumb/v7e-m+fp/hard\libc_nano.a(libc_a-stdio.o) (_read_r)
C:/SysGCC/arm-eabi/bin/../lib/gcc/arm-none-eabi/13.3.1/thumb/v7e-m+fp/hard\libc_nano.a(libc_a-writer.o)
                              C:/SysGCC/arm-eabi/bin/../lib/gcc/arm-none-eabi/13.3.1/thumb/v7e-m+fp/hard\libc_nano.a(libc_a-stdio.o) (_write_r)
C:/SysGCC/arm-eabi/bin/../lib/gcc/arm-none-eabi/13.3.1/thumb/v7e-m+fp/hard\libc_nano.a(libc_a-errno.o)
                              build_F411RE/syscalls.o (__errno)
C:/SysGCC/arm-eabi/bin/../lib/gcc/arm-none-eabi/13.3.1/thumb/v7e-m+fp/hard\libc_nano.a(libc_a-init.o)
                              C:/SysGCC/arm-eabi/bin/../lib/gcc/arm-none-eabi/13.3.1/thumb/v7e-m+fp/hard/crt0.o (__libc_init_array)
C:/SysGCC/arm-eabi/bin/../lib/gcc/arm-none-eabi/13.3.1/thumb/v7e-m+fp/hard\libc_nano.a(libc_a-lock.o)
                              C:/SysGCC/arm-eabi/bin/../lib/gcc/arm-none-eabi/13.3.1/thumb/v7e-m+fp/hard\libc_nano.a(libc_a-findfp.o) (__retarget_lock_init_recursive)
C:/SysGCC/arm-eabi/bin/../lib/gcc/arm-none-eabi/13.3.1/thumb/v7e-m+fp/hard\libc_nano.a(libc_a-memchr.o)
                              C:/SysGCC/arm-eabi/bin/../lib/gcc/arm-none-eabi/13.3.1/thumb/v7e-m+fp/hard\libc_nano.a(libc_a-nano-vfprintf_i.o) (memchr)
C:/SysGCC/arm-eabi/bin/../lib/gcc/arm-none-eabi/13.3.1/thumb/v7e-m+fp/hard\libc_nano.a(libc_a-strlen.o)
                              C:/SysGCC/arm-eabi/bin/../lib/gcc/arm-none-eabi/13.3.1/thumb/v7e-m+fp/hard\libc_nano.a(libc_a-nano-vfprintf_float.o) (strlen)
C:/SysGCC/arm-eabi/bin/../lib/gcc/arm-none-eabi/13.3.1/thumb/v7e-m+fp/hard\libc_nano.a(libc_a-dtoa.o)
[...]
Memory Configuration

Name             Origin             Length             Attributes
RAM              0x20000000         0x00020000         xrw
FLASH            0x08000000         0x00080000         xr
*default*        0x00000000         0xffffffff

Linker script and memory map

LOAD C:/SysGCC/arm-eabi/bin/../lib/gcc/arm-none-eabi/13.3.1/thumb/v7e-m+fp/hard/crti.o
LOAD C:/SysGCC/arm-eabi/bin/../lib/gcc/arm-none-eabi/13.3.1/thumb/v7e-m+fp/hard/crtbegin.o
LOAD C:/SysGCC/arm-eabi/bin/../lib/gcc/arm-none-eabi/13.3.1/thumb/v7e-m+fp/hard/crt0.o
LOAD build_F411RE/system_stm32f4xx.o
LOAD build_F411RE/syscalls.o
LOAD build_F411RE/sysmem.o
LOAD build_F411RE/main.o
LOAD build_F411RE/init.o
LOAD build_F411RE/it_handlers.o
LOAD build_F411RE/mpu_i2c.o
LOAD build_F411RE/uart_debug.o
LOAD build_F411RE/utils.o
LOAD build_F411RE/startup_stm32f411xe.o
LOAD C:/SysGCC/arm-eabi/bin/../lib/gcc/arm-none-eabi/13.3.1/thumb/v7e-m+fp/hard\libc_nano.a
LOAD C:/SysGCC/arm-eabi/bin/../lib/gcc/arm-none-eabi/13.3.1/thumb/v7e-m+fp/hard\libm.a
LOAD C:/SysGCC/arm-eabi/bin/../lib/gcc/arm-none-eabi/13.3.1/thumb/v7e-m+fp/hard\libnosys.a
START GROUP
LOAD C:/SysGCC/arm-eabi/bin/../lib/gcc/arm-none-eabi/13.3.1/thumb/v7e-m+fp/hard\libgcc.a
LOAD C:/SysGCC/arm-eabi/bin/../lib/gcc/arm-none-eabi/13.3.1/thumb/v7e-m+fp/hard\libc_nano.a
END GROUP
START GROUP
LOAD C:/SysGCC/arm-eabi/bin/../lib/gcc/arm-none-eabi/13.3.1/thumb/v7e-m+fp/hard\libgcc.a
LOAD C:/SysGCC/arm-eabi/bin/../lib/gcc/arm-none-eabi/13.3.1/thumb/v7e-m+fp/hard\libc_nano.a
END GROUP
LOAD C:/SysGCC/arm-eabi/bin/../lib/gcc/arm-none-eabi/13.3.1/thumb/v7e-m+fp/hard/crtend.o
LOAD C:/SysGCC/arm-eabi/bin/../lib/gcc/arm-none-eabi/13.3.1/thumb/v7e-m+fp/hard/crtn.o
                0x20020000                        _estack = 0x20020000
                0x00000200                        _Min_Heap_Size = 0x200
                0x00000400                        _Min_Stack_Size = 0x400

.isr_vector     0x08000000      0x198
                0x08000000                        . = ALIGN (0x4)
 *(.isr_vector)
 .isr_vector    0x08000000      0x198 build_F411RE/startup_stm32f411xe.o
                0x08000000                g_pfnVectors
                0x08000198                        . = ALIGN (0x4)

.text           0x080001a0     0x464c
                0x080001a0                        . = ALIGN (0x4)
 *(.text)
 .text          0x080001a0       0xa0 C:/SysGCC/arm-eabi/bin/../lib/gcc/arm-none-eabi/13.3.1/thumb/v7e-m+fp/hard\libc_nano.a(libc_a-memchr.o)
                0x080001a0                memchr
 .text          0x08000240       0x10 C:/SysGCC/arm-eabi/bin/../lib/gcc/arm-none-eabi/13.3.1/thumb/v7e-m+fp/hard\libc_nano.a(libc_a-strlen.o)
                0x08000240                strlen
 .text          0x08000250      0x378 C:/SysGCC/arm-eabi/bin/../lib/gcc/arm-none-eabi/13.3.1/thumb/v7e-m+fp/hard\libgcc.a(_arm_addsubdf3.o)
                0x08000250                __aeabi_drsub
                0x08000258                __aeabi_dsub
                0x08000258                __subdf3
                0x0800025c                __aeabi_dadd
                0x0800025c                __adddf3
                0x080004d4                __floatunsidf
                0x080004d4                __aeabi_ui2d
                0x080004f4                __floatsidf
                0x080004f4                __aeabi_i2d
                0x08000518                __aeabi_f2d
                0x08000518                __extendsfdf2
                0x0800055c                __floatundidf
                0x0800055c                __aeabi_ul2d
                0x0800056c                __floatdidf
                0x0800056c                __aeabi_l2d
 .text          0x080005c8      0x424 C:/SysGCC/arm-eabi/bin/../lib/gcc/arm-none-eabi/13.3.1/thumb/v7e-m+fp/hard\libgcc.a(_arm_muldivdf3.o)
                0x080005c8                __aeabi_dmul
                0x080005c8                __muldf3
                0x0800081c                __divdf3
                0x0800081c                __aeabi_ddiv
 .text          0x080009ec      0x110 C:/SysGCC/arm-eabi/bin/../lib/gcc/arm-none-eabi/13.3.1/thumb/v7e-m+fp/hard\libgcc.a(_arm_cmpdf2.o)
                0x080009ec                __gtdf2
                0x080009ec                __gedf2
                0x080009f4                __ltdf2
                0x080009f4                __ledf2
                0x080009fc                __nedf2
                0x080009fc                __eqdf2
                0x080009fc                __cmpdf2
                0x08000a78                __aeabi_cdrcmple
                0x08000a88                __aeabi_cdcmpeq
                0x08000a88                __aeabi_cdcmple
                0x08000a98                __aeabi_dcmpeq
                0x08000aac                __aeabi_dcmplt
                0x08000ac0                __aeabi_dcmple
                0x08000ad4                __aeabi_dcmpge
                0x08000ae8                __aeabi_dcmpgt
 .text          0x08000afc       0x2c C:/SysGCC/arm-eabi/bin/../lib/gcc/arm-none-eabi/13.3.1/thumb/v7e-m+fp/hard\libgcc.a(_arm_unorddf2.o)
                0x08000afc                __unorddf2
                0x08000afc                __aeabi_dcmpun
 .text          0x08000b28       0x50 C:/SysGCC/arm-eabi/bin/../lib/gcc/arm-none-eabi/13.3.1/thumb/v7e-m+fp/hard\libgcc.a(_arm_fixdfsi.o)
                0x08000b28                __aeabi_d2iz
                0x08000b28                __fixdfsi
 *(.text*)
 .text.deregister_tm_clones
                0x08000b78       0x1c C:/SysGCC/arm-eabi/bin/../lib/gcc/arm-none-eabi/13.3.1/thumb/v7e-m+fp/hard/crtbegin.o
 .text.register_tm_clones
                0x08000b94       0x24 C:/SysGCC/arm-eabi/bin/../lib/gcc/arm-none-eabi/13.3.1/thumb/v7e-m+fp/hard/crtbegin.o
 .text.__do_global_dtors_aux
                0x08000bb8       0x28 C:/SysGCC/arm-eabi/bin/../lib/gcc/arm-none-eabi/13.3.1/thumb/v7e-m+fp/hard/crtbegin.o
 .text.frame_dummy
                0x08000be0       0x24 C:/SysGCC/arm-eabi/bin/../lib/gcc/arm-none-eabi/13.3.1/thumb/v7e-m+fp/hard/crtbegin.o
 .text.SystemInit
                0x08000c04       0x14 build_F411RE/system_stm32f4xx.o
                0x08000c04                SystemInit
 .text._getpid  0x08000c18        0x4 build_F411RE/syscalls.o
                0x08000c18                _getpid
 .text._kill    0x08000c1c       0x10 build_F411RE/syscalls.o
                0x08000c1c                _kill
 .text._exit    0x08000c2c        0xc build_F411RE/syscalls.o
                0x08000c2c                _exit
 .text._read    0x08000c38       0x20 build_F411RE/syscalls.o
                0x08000c38                _read
 .text._write   0x08000c58       0x1c build_F411RE/syscalls.o
                0x08000c58                _write
 .text._close   0x08000c74        0x6 build_F411RE/syscalls.o
                0x08000c74                _close
 .text._fstat   0x08000c7a        0xa build_F411RE/syscalls.o
                0x08000c7a                _fstat
 .text._isatty  0x08000c84        0x4 build_F411RE/syscalls.o
                0x08000c84                _isatty
 .text._lseek   0x08000c88        0x4 build_F411RE/syscalls.o
                0x08000c88                _lseek
 .text._sbrk    0x08000c8c       0x48 build_F411RE/sysmem.o
                0x08000c8c                _sbrk
 .text.main     0x08000cd4       0x64 build_F411RE/main.o
                0x08000cd4                main
 .text.NVIC_EncodePriority
                0x08000d38       0x3e build_F411RE/init.o
 *fill*         0x08000d76        0x2 
 .text.GPIO_Init_Ports
                0x08000d78       0xb8 build_F411RE/init.o
                0x08000d78                GPIO_Init_Ports
 .text.SysTick_Init
                0x08000e30       0x46 build_F411RE/init.o
                0x08000e30                SysTick_Init
 *fill*         0x08000e76        0x2 
 .text.RCC_Init
                0x08000e78       0xe0 build_F411RE/init.o
                0x08000e78                RCC_Init
 .text.TIM1_PWM_Init
                0x08000f58       0xa8 build_F411RE/init.o
                0x08000f58                TIM1_PWM_Init
 .text.ITR_Init
                0x08001000       0xe8 build_F411RE/init.o
                0x08001000                ITR_Init
 .text.SysTick_Handler
                0x080010e8       0x40 build_F411RE/it_handlers.o
                0x080010e8                SysTick_Handler
 .text.EXTI15_10_IRQHandler
                0x08001128       0x84 build_F411RE/it_handlers.o
                0x08001128                EXTI15_10_IRQHandler
 .text.EXTI9_5_IRQHandler
                0x080011ac       0x3c build_F411RE/it_handlers.o
                0x080011ac                EXTI9_5_IRQHandler
 .text.I2C_Wait
                0x080011e8       0x22 build_F411RE/mpu_i2c.o
                0x080011e8                I2C_Wait
 *fill*         0x0800120a        0x2 
 .text.I2C_Init_HW
                0x0800120c       0x90 build_F411RE/mpu_i2c.o
                0x0800120c                I2C_Init_HW
 .text.I2C_Start
                0x0800129c       0x20 build_F411RE/mpu_i2c.o
                0x0800129c                I2C_Start
 .text.I2C_Stop
                0x080012bc       0x14 build_F411RE/mpu_i2c.o
                0x080012bc                I2C_Stop
 .text.I2C_Address
                0x080012d0       0x34 build_F411RE/mpu_i2c.o
                0x080012d0                I2C_Address
 .text.I2C_Write
                0x08001304       0x34 build_F411RE/mpu_i2c.o
                0x08001304                I2C_Write
 .text.MPU_Read
                0x08001338       0xec build_F411RE/mpu_i2c.o
                0x08001338                MPU_Read
 .text.MPU_Write
                0x08001424       0x52 build_F411RE/mpu_i2c.o
                0x08001424                MPU_Write
 *fill*         0x08001476        0x2 
 .text.MPU_Init
                0x08001478       0x74 build_F411RE/mpu_i2c.o
                0x08001478                MPU_Init
 .text.MPU_Calibrate
                0x080014ec       0x8c build_F411RE/mpu_i2c.o
                0x080014ec                MPU_Calibrate
 .text.MPU_Update
                0x08001578      0x154 build_F411RE/mpu_i2c.o
                0x08001578                MPU_Update
 .text.MPU_GetYaw
                0x080016cc        0xc build_F411RE/mpu_i2c.o
                0x080016cc                MPU_GetYaw
 .text.MPU_Debug_Print
                0x080016d8       0x7c build_F411RE/mpu_i2c.o
                0x080016d8                MPU_Debug_Print
 .text.UART_Init
                0x08001754       0x4c build_F411RE/uart_debug.o
                0x08001754                UART_Init
 .text.UART_SendChar
                0x080017a0       0x14 build_F411RE/uart_debug.o
                0x080017a0                UART_SendChar
 .text.UART_SendString
                0x080017b4       0x14 build_F411RE/uart_debug.o
                0x080017b4                UART_SendString
 .text.millis   0x080017c8        0xc build_F411RE/utils.o
                0x080017c8                millis
 .text.constrainf
                0x080017d4       0x3e build_F411RE/utils.o
                0x080017d4                constrainf
 *fill*         0x08001812        0x2 
 .text.normalizeAngle
                0x08001814       0x40 build_F411RE/utils.o
                0x08001814                normalizeAngle
 .text.PWM_Left
                0x08001854       0x20 build_F411RE/utils.o
                0x08001854                PWM_Left
 .text.PWM_Right
                0x08001874       0x20 build_F411RE/utils.o
                0x08001874                PWM_Right
 .text.left_dir
                0x08001894       0x34 build_F411RE/utils.o
                0x08001894                left_dir
 .text.right_dir
                0x080018c8       0x34 build_F411RE/utils.o
                0x080018c8                right_dir
 .text.stopMotors
                0x080018fc       0x1c build_F411RE/utils.o
                0x080018fc                stopMotors
 .text.PID      0x08001918       0x78 build_F411RE/utils.o
                0x08001918                PID
 .text.PID_Reset
                0x08001990        0x8 build_F411RE/utils.o
                0x08001990                PID_Reset
 .text.turnByAngle
                0x08001998      0x184 build_F411RE/utils.o
                0x08001998                turnByAngle
 .text.Reset_Handler
                0x08001b1c       0x50 build_F411RE/startup_stm32f411xe.o
                0x08001b1c                Reset_Handler
 .text.Default_Handler
                0x08001b6c        0x2 build_F411RE/startup_stm32f411xe.o
                0x08001b6c                RTC_Alarm_IRQHandler
                0x08001b6c                EXTI2_IRQHandler
                0x08001b6c                DebugMon_Handler
                0x08001b6c                SPI4_IRQHandler
                0x08001b6c                TIM1_CC_IRQHandler
                0x08001b6c                DMA2_Stream5_IRQHandler
                0x08001b6c                HardFault_Handler
                0x08001b6c                DMA1_Stream5_IRQHandler
                0x08001b6c                PVD_IRQHandler
                0x08001b6c                SDIO_IRQHandler
                0x08001b6c                TAMP_STAMP_IRQHandler
                0x08001b6c                PendSV_Handler
                0x08001b6c                NMI_Handler
                0x08001b6c                EXTI3_IRQHandler
                0x08001b6c                TIM1_UP_TIM10_IRQHandler
                0x08001b6c                I2C3_ER_IRQHandler
                0x08001b6c                EXTI0_IRQHandler
                0x08001b6c                I2C2_EV_IRQHandler
                0x08001b6c                DMA1_Stream2_IRQHandler
                0x08001b6c                FPU_IRQHandler
                0x08001b6c                UsageFault_Handler
                0x08001b6c                DMA2_Stream2_IRQHandler
                0x08001b6c                SPI1_IRQHandler
                0x08001b6c                TIM1_BRK_TIM9_IRQHandler
                0x08001b6c                DMA2_Stream3_IRQHandler
                0x08001b6c                USART6_IRQHandler
                0x08001b6c                DMA2_Stream0_IRQHandler
                0x08001b6c                TIM4_IRQHandler
                0x08001b6c                I2C1_EV_IRQHandler
                0x08001b6c                DMA1_Stream6_IRQHandler
                0x08001b6c                DMA1_Stream1_IRQHandler
                0x08001b6c                TIM3_IRQHandler
                0x08001b6c                RCC_IRQHandler
                0x08001b6c                Default_Handler
                0x08001b6c                ADC_IRQHandler
                0x08001b6c                DMA1_Stream7_IRQHandler
                0x08001b6c                SPI5_IRQHandler
                0x08001b6c                TIM5_IRQHandler
                0x08001b6c                DMA2_Stream7_IRQHandler
                0x08001b6c                I2C3_EV_IRQHandler
                0x08001b6c                RTC_WKUP_IRQHandler
                0x08001b6c                SPI2_IRQHandler
                0x08001b6c                MemManage_Handler
                0x08001b6c                DMA1_Stream0_IRQHandler
                0x08001b6c                SVC_Handler
                0x08001b6c                EXTI4_IRQHandler
                0x08001b6c                WWDG_IRQHandler
                0x08001b6c                TIM2_IRQHandler
                0x08001b6c                OTG_FS_WKUP_IRQHandler
                0x08001b6c                TIM1_TRG_COM_TIM11_IRQHandler
                0x08001b6c                EXTI1_IRQHandler
                0x08001b6c                USART2_IRQHandler
                0x08001b6c                I2C2_ER_IRQHandler
                0x08001b6c                DMA2_Stream1_IRQHandler
                0x08001b6c                FLASH_IRQHandler
                0x08001b6c                DMA2_Stream4_IRQHandler
                0x08001b6c                BusFault_Handler
                0x08001b6c                USART1_IRQHandler
                0x08001b6c                OTG_FS_IRQHandler
                0x08001b6c                SPI3_IRQHandler
                0x08001b6c                DMA1_Stream4_IRQHandler
                0x08001b6c                I2C1_ER_IRQHandler
                0x08001b6c                DMA2_Stream6_IRQHandler
                0x08001b6c                DMA1_Stream3_IRQHandler
 .text.__cvt    0x08001b6e       0xca C:/SysGCC/arm-eabi/bin/../lib/gcc/arm-none-eabi/13.3.1/thumb/v7e-m+fp/hard\libc_nano.a(libc_a-nano-vfprintf_float.o)
                0x08001b6e                __cvt
 .text.__exponent
                0x08001c38       0x74 C:/SysGCC/arm-eabi/bin/../lib/gcc/arm-none-eabi/13.3.1/thumb/v7e-m+fp/hard\libc_nano.a(libc_a-nano-vfprintf_float.o)
                0x08001c38                __exponent
 .text._printf_float
                0x08001cac      0x454 C:/SysGCC/arm-eabi/bin/../lib/gcc/arm-none-eabi/13.3.1/thumb/v7e-m+fp/hard\libc_nano.a(libc_a-nano-vfprintf_float.o)
                0x08001cac                _printf_float
 .text._printf_common
                0x08002100       0xda C:/SysGCC/arm-eabi/bin/../lib/gcc/arm-none-eabi/13.3.1/thumb/v7e-m+fp/hard\libc_nano.a(libc_a-nano-vfprintf_i.o)
                0x08002100                _printf_common
 *fill*         0x080021da        0x2 
 .text._printf_i
                0x080021dc      0x23c C:/SysGCC/arm-eabi/bin/../lib/gcc/arm-none-eabi/13.3.1/thumb/v7e-m+fp/hard\libc_nano.a(libc_a-nano-vfprintf_i.o)
                0x080021dc                _printf_i
 .text.std      0x08002418       0x6c C:/SysGCC/arm-eabi/bin/../lib/gcc/arm-none-eabi/13.3.1/thumb/v7e-m+fp/hard\libc_nano.a(libc_a-findfp.o)
 .text.stdio_exit_handler
                0x08002484       0x18 C:/SysGCC/arm-eabi/bin/../lib/gcc/arm-none-eabi/13.3.1/thumb/v7e-m+fp/hard\libc_nano.a(libc_a-findfp.o)
 .text.cleanup_stdio
                0x0800249c       0x40 C:/SysGCC/arm-eabi/bin/../lib/gcc/arm-none-eabi/13.3.1/thumb/v7e-m+fp/hard\libc_nano.a(libc_a-findfp.o)
 .text.global_stdio_init.part.0
                0x080024dc       0x3c C:/SysGCC/arm-eabi/bin/../lib/gcc/arm-none-eabi/13.3.1/thumb/v7e-m+fp/hard\libc_nano.a(libc_a-findfp.o)
 .text.__sfp_lock_acquire
                0x08002518        0xc C:/SysGCC/arm-eabi/bin/../lib/gcc/arm-none-eabi/13.3.1/thumb/v7e-m+fp/hard\libc_nano.a(libc_a-findfp.o)
                0x08002518                __sfp_lock_acquire
 .text.__sfp_lock_release
                0x08002524        0xc C:/SysGCC/arm-eabi/bin/../lib/gcc/arm-none-eabi/13.3.1/thumb/v7e-m+fp/hard\libc_nano.a(libc_a-findfp.o)
                0x08002524                __sfp_lock_release
 .text.__sinit  0x08002530       0x30 C:/SysGCC/arm-eabi/bin/../lib/gcc/arm-none-eabi/13.3.1/thumb/v7e-m+fp/hard\libc_nano.a(libc_a-findfp.o)
                0x08002530                __sinit
 .text._fwalk_sglue
                0x08002560       0x3c C:/SysGCC/arm-eabi/bin/../lib/gcc/arm-none-eabi/13.3.1/thumb/v7e-m+fp/hard\libc_nano.a(libc_a-fwalk.o)
                0x08002560                _fwalk_sglue
 .text.sprintf  0x0800259c       0x44 C:/SysGCC/arm-eabi/bin/../lib/gcc/arm-none-eabi/13.3.1/thumb/v7e-m+fp/hard\libc_nano.a(libc_a-sprintf.o)
                0x0800259c                siprintf
                0x0800259c                sprintf
 .text.__sread  0x080025e0       0x22 C:/SysGCC/arm-eabi/bin/../lib/gcc/arm-none-eabi/13.3.1/thumb/v7e-m+fp/hard\libc_nano.a(libc_a-stdio.o)
                0x080025e0                __sread
 .text.__swrite
                0x08002602       0x38 C:/SysGCC/arm-eabi/bin/../lib/gcc/arm-none-eabi/13.3.1/thumb/v7e-m+fp/hard\libc_nano.a(libc_a-stdio.o)
                0x08002602                __swrite
 .text.__sseek  0x0800263a       0x24 C:/SysGCC/arm-eabi/bin/../lib/gcc/arm-none-eabi/13.3.1/thumb/v7e-m+fp/hard\libc_nano.a(libc_a-stdio.o)
                0x0800263a                __sseek
 .text.__sclose
                0x0800265e        0x8 C:/SysGCC/arm-eabi/bin/../lib/gcc/arm-none-eabi/13.3.1/thumb/v7e-m+fp/hard\libc_nano.a(libc_a-stdio.o)
                0x0800265e                __sclose
 .text.memset   0x08002666       0x10 C:/SysGCC/arm-eabi/bin/../lib/gcc/arm-none-eabi/13.3.1/thumb/v7e-m+fp/hard\libc_nano.a(libc_a-memset.o)
                0x08002666                memset
 *fill*         0x08002676        0x2 
 .text._localeconv_r
                0x08002678        0x8 C:/SysGCC/arm-eabi/bin/../lib/gcc/arm-none-eabi/13.3.1/thumb/v7e-m+fp/hard\libc_nano.a(libc_a-localeconv.o)
                0x08002678                _localeconv_r
 .text._close_r
                0x08002680       0x20 C:/SysGCC/arm-eabi/bin/../lib/gcc/arm-none-eabi/13.3.1/thumb/v7e-m+fp/hard\libc_nano.a(libc_a-closer.o)
                0x08002680                _close_r
 .text._lseek_r
                0x080026a0       0x24 C:/SysGCC/arm-eabi/bin/../lib/gcc/arm-none-eabi/13.3.1/thumb/v7e-m+fp/hard\libc_nano.a(libc_a-lseekr.o)
                0x080026a0                _lseek_r
 .text._read_r  0x080026c4       0x24 C:/SysGCC/arm-eabi/bin/../lib/gcc/arm-none-eabi/13.3.1/thumb/v7e-m+fp/hard\libc_nano.a(libc_a-readr.o)
                0x080026c4                _read_r
 .text._write_r
                0x080026e8       0x24 C:/SysGCC/arm-eabi/bin/../lib/gcc/arm-none-eabi/13.3.1/thumb/v7e-m+fp/hard\libc_nano.a(libc_a-writer.o)
                0x080026e8                _write_r
 .text.__errno  0x0800270c        0xc C:/SysGCC/arm-eabi/bin/../lib/gcc/arm-none-eabi/13.3.1/thumb/v7e-m+fp/hard\libc_nano.a(libc_a-errno.o)
                0x0800270c                __errno
 .text.__libc_init_array
                0x08002718       0x48 C:/SysGCC/arm-eabi/bin/../lib/gcc/arm-none-eabi/13.3.1/thumb/v7e-m+fp/hard\libc_nano.a(libc_a-init.o)
                0x08002718                __libc_init_array
 .text.__retarget_lock_init_recursive
                0x08002760        0x2 C:/SysGCC/arm-eabi/bin/../lib/gcc/arm-none-eabi/13.3.1/thumb/v7e-m+fp/hard\libc_nano.a(libc_a-lock.o)
                0x08002760                __retarget_lock_init_recursive
 .text.__retarget_lock_acquire_recursive
                0x08002762        0x2 C:/SysGCC/arm-eabi/bin/../lib/gcc/arm-none-eabi/13.3.1/thumb/v7e-m+fp/hard\libc_nano.a(libc_a-lock.o)
                0x08002762                __retarget_lock_acquire_recursive
 .text.__retarget_lock_release_recursive
                0x08002764        0x2 C:/SysGCC/arm-eabi/bin/../lib/gcc/arm-none-eabi/13.3.1/thumb/v7e-m+fp/hard\libc_nano.a(libc_a-lock.o)
                0x08002764                __retarget_lock_release_recursive
 .text.quorem   0x08002766      0x110 C:/SysGCC/arm-eabi/bin/../lib/gcc/arm-none-eabi/13.3.1/thumb/v7e-m+fp/hard\libc_nano.a(libc_a-dtoa.o)
 *fill*         0x08002876        0x2 
 .text._dtoa_r  0x08002878      0xb74 C:/SysGCC/arm-eabi/bin/../lib/gcc/arm-none-eabi/13.3.1/thumb/v7e-m+fp/hard\libc_nano.a(libc_a-dtoa.o)
                0x08002878                _dtoa_r
 .text._free_r  0x080033ec       0x94 C:/SysGCC/arm-eabi/bin/../lib/gcc/arm-none-eabi/13.3.1/thumb/v7e-m+fp/hard\libc_nano.a(libc_a-freer.o)
                0x080033ec                _free_r
 .text.malloc   0x08003480       0x10 C:/SysGCC/arm-eabi/bin/../lib/gcc/arm-none-eabi/13.3.1/thumb/v7e-m+fp/hard\libc_nano.a(libc_a-malloc.o)
                0x08003480                malloc
 .text.sbrk_aligned
                0x08003490       0x44 C:/SysGCC/arm-eabi/bin/../lib/gcc/arm-none-eabi/13.3.1/thumb/v7e-m+fp/hard\libc_nano.a(libc_a-mallocr.o)
 .text._malloc_r
                0x080034d4      0x100 C:/SysGCC/arm-eabi/bin/../lib/gcc/arm-none-eabi/13.3.1/thumb/v7e-m+fp/hard\libc_nano.a(libc_a-mallocr.o)
                0x080034d4                _malloc_r
 .text.__malloc_lock
                0x080035d4        0xc C:/SysGCC/arm-eabi/bin/../lib/gcc/arm-none-eabi/13.3.1/thumb/v7e-m+fp/hard\libc_nano.a(libc_a-mlock.o)
                0x080035d4                __malloc_lock
 .text.__malloc_unlock
                0x080035e0        0xc C:/SysGCC/arm-eabi/bin/../lib/gcc/arm-none-eabi/13.3.1/thumb/v7e-m+fp/hard\libc_nano.a(libc_a-mlock.o)
                0x080035e0                __malloc_unlock
 .text._Balloc  0x080035ec       0x80 C:/SysGCC/arm-eabi/bin/../lib/gcc/arm-none-eabi/13.3.1/thumb/v7e-m+fp/hard\libc_nano.a(libc_a-mprec.o)
                0x080035ec                _Balloc
 .text._Bfree   0x0800366c       0x44 C:/SysGCC/arm-eabi/bin/../lib/gcc/arm-none-eabi/13.3.1/thumb/v7e-m+fp/hard\libc_nano.a(libc_a-mprec.o)
                0x0800366c                _Bfree
 .text.__multadd
                0x080036b0       0x8c C:/SysGCC/arm-eabi/bin/../lib/gcc/arm-none-eabi/13.3.1/thumb/v7e-m+fp/hard\libc_nano.a(libc_a-mprec.o)
                0x080036b0                __multadd
 .text.__hi0bits
                0x0800373c       0x3e C:/SysGCC/arm-eabi/bin/../lib/gcc/arm-none-eabi/13.3.1/thumb/v7e-m+fp/hard\libc_nano.a(libc_a-mprec.o)
                0x0800373c                __hi0bits
 .text.__lo0bits
                0x0800377a       0x5a C:/SysGCC/arm-eabi/bin/../lib/gcc/arm-none-eabi/13.3.1/thumb/v7e-m+fp/hard\libc_nano.a(libc_a-mprec.o)
                0x0800377a                __lo0bits
 .text.__i2b    0x080037d4       0x2c C:/SysGCC/arm-eabi/bin/../lib/gcc/arm-none-eabi/13.3.1/thumb/v7e-m+fp/hard\libc_nano.a(libc_a-mprec.o)
                0x080037d4                __i2b
 .text.__multiply
                0x08003800      0x144 C:/SysGCC/arm-eabi/bin/../lib/gcc/arm-none-eabi/13.3.1/thumb/v7e-m+fp/hard\libc_nano.a(libc_a-mprec.o)
                0x08003800                __multiply
 .text.__pow5mult
                0x08003944       0xb4 C:/SysGCC/arm-eabi/bin/../lib/gcc/arm-none-eabi/13.3.1/thumb/v7e-m+fp/hard\libc_nano.a(libc_a-mprec.o)
                0x08003944                __pow5mult
 .text.__lshift
                0x080039f8       0xd8 C:/SysGCC/arm-eabi/bin/../lib/gcc/arm-none-eabi/13.3.1/thumb/v7e-m+fp/hard\libc_nano.a(libc_a-mprec.o)
                0x080039f8                __lshift
 .text.__mcmp   0x08003ad0       0x36 C:/SysGCC/arm-eabi/bin/../lib/gcc/arm-none-eabi/13.3.1/thumb/v7e-m+fp/hard\libc_nano.a(libc_a-mprec.o)
                0x08003ad0                __mcmp
 *fill*         0x08003b06        0x2 
 .text.__mdiff  0x08003b08      0x128 C:/SysGCC/arm-eabi/bin/../lib/gcc/arm-none-eabi/13.3.1/thumb/v7e-m+fp/hard\libc_nano.a(libc_a-mprec.o)
                0x08003b08                __mdiff
 .text.__d2b    0x08003c30       0xb0 C:/SysGCC/arm-eabi/bin/../lib/gcc/arm-none-eabi/13.3.1/thumb/v7e-m+fp/hard\libc_nano.a(libc_a-mprec.o)
                0x08003c30                __d2b
 .text.__ssputs_r
                0x08003ce0       0xb6 C:/SysGCC/arm-eabi/bin/../lib/gcc/arm-none-eabi/13.3.1/thumb/v7e-m+fp/hard\libc_nano.a(libc_a-nano-svfprintf.o)
                0x08003ce0                __ssputs_r
 *fill*         0x08003d96        0x2 
 .text._svfprintf_r
                0x08003d98      0x1f8 C:/SysGCC/arm-eabi/bin/../lib/gcc/arm-none-eabi/13.3.1/thumb/v7e-m+fp/hard\libc_nano.a(libc_a-nano-svfprintf.o)
                0x08003d98                _svfiprintf_r
                0x08003d98                _svfprintf_r
 .text.__sflush_r
                0x08003f90      0x108 C:/SysGCC/arm-eabi/bin/../lib/gcc/arm-none-eabi/13.3.1/thumb/v7e-m+fp/hard\libc_nano.a(libc_a-fflush.o)
                0x08003f90                __sflush_r
 .text._fflush_r
                0x08004098       0x50 C:/SysGCC/arm-eabi/bin/../lib/gcc/arm-none-eabi/13.3.1/thumb/v7e-m+fp/hard\libc_nano.a(libc_a-fflush.o)
                0x08004098                _fflush_r
 .text.memmove  0x080040e8       0x34 C:/SysGCC/arm-eabi/bin/../lib/gcc/arm-none-eabi/13.3.1/thumb/v7e-m+fp/hard\libc_nano.a(libc_a-memmove.o)
                0x080040e8                memmove
 .text._sbrk_r  0x0800411c       0x20 C:/SysGCC/arm-eabi/bin/../lib/gcc/arm-none-eabi/13.3.1/thumb/v7e-m+fp/hard\libc_nano.a(libc_a-sbrkr.o)
                0x0800411c                _sbrk_r
 .text.memcpy   0x0800413c       0x1c C:/SysGCC/arm-eabi/bin/../lib/gcc/arm-none-eabi/13.3.1/thumb/v7e-m+fp/hard\libc_nano.a(libc_a-memcpy-stub.o)
                0x0800413c                memcpy
 .text.__assert_func
                0x08004158       0x3c C:/SysGCC/arm-eabi/bin/../lib/gcc/arm-none-eabi/13.3.1/thumb/v7e-m+fp/hard\libc_nano.a(libc_a-assert.o)
                0x08004158                __assert_func
 .text._calloc_r
                0x08004194       0x28 C:/SysGCC/arm-eabi/bin/../lib/gcc/arm-none-eabi/13.3.1/thumb/v7e-m+fp/hard\libc_nano.a(libc_a-callocr.o)
                0x08004194                _calloc_r
 .text.__ascii_mbtowc
                0x080041bc       0x24 C:/SysGCC/arm-eabi/bin/../lib/gcc/arm-none-eabi/13.3.1/thumb/v7e-m+fp/hard\libc_nano.a(libc_a-mbtowc_r.o)
                0x080041bc                __ascii_mbtowc
 .text._realloc_r
                0x080041e0       0x5c C:/SysGCC/arm-eabi/bin/../lib/gcc/arm-none-eabi/13.3.1/thumb/v7e-m+fp/hard\libc_nano.a(libc_a-reallocr.o)
                0x080041e0                _realloc_r
 .text.__ascii_wctomb
                0x0800423c       0x1a C:/SysGCC/arm-eabi/bin/../lib/gcc/arm-none-eabi/13.3.1/thumb/v7e-m+fp/hard\libc_nano.a(libc_a-wctomb_r.o)
                0x0800423c                __ascii_wctomb
 *fill*         0x08004256        0x2 
 .text.fprintf  0x08004258       0x24 C:/SysGCC/arm-eabi/bin/../lib/gcc/arm-none-eabi/13.3.1/thumb/v7e-m+fp/hard\libc_nano.a(libc_a-fprintf.o)
                0x08004258                fiprintf
                0x08004258                fprintf
 .text.abort    0x0800427c        0xe C:/SysGCC/arm-eabi/bin/../lib/gcc/arm-none-eabi/13.3.1/thumb/v7e-m+fp/hard\libc_nano.a(libc_a-abort.o)
                0x0800427c                abort
 .text._malloc_usable_size_r
                0x0800428a       0x10 C:/SysGCC/arm-eabi/bin/../lib/gcc/arm-none-eabi/13.3.1/thumb/v7e-m+fp/hard\libc_nano.a(libc_a-msizer.o)
                0x0800428a                _malloc_usable_size_r
 .text.__sfputc_r
                0x0800429a       0x2e C:/SysGCC/arm-eabi/bin/../lib/gcc/arm-none-eabi/13.3.1/thumb/v7e-m+fp/hard\libc_nano.a(libc_a-nano-vfprintf.o)
 .text.__sfputs_r
                0x080042c8       0x24 C:/SysGCC/arm-eabi/bin/../lib/gcc/arm-none-eabi/13.3.1/thumb/v7e-m+fp/hard\libc_nano.a(libc_a-nano-vfprintf.o)
                0x080042c8                __sfputs_r
 .text._vfprintf_r
                0x080042ec      0x230 C:/SysGCC/arm-eabi/bin/../lib/gcc/arm-none-eabi/13.3.1/thumb/v7e-m+fp/hard\libc_nano.a(libc_a-nano-vfprintf.o)
                0x080042ec                _vfprintf_r
                0x080042ec                _vfiprintf_r
 .text.__swbuf_r
                0x0800451c       0x7c C:/SysGCC/arm-eabi/bin/../lib/gcc/arm-none-eabi/13.3.1/thumb/v7e-m+fp/hard\libc_nano.a(libc_a-wbuf.o)
                0x0800451c                __swbuf_r
 .text.__swsetup_r
                0x08004598       0xac C:/SysGCC/arm-eabi/bin/../lib/gcc/arm-none-eabi/13.3.1/thumb/v7e-m+fp/hard\libc_nano.a(libc_a-wsetup.o)
                0x08004598                __swsetup_r
 .text._raise_r
                0x08004644       0x50 C:/SysGCC/arm-eabi/bin/../lib/gcc/arm-none-eabi/13.3.1/thumb/v7e-m+fp/hard\libc_nano.a(libc_a-signal.o)
                0x08004644                _raise_r
 .text.raise    0x08004694       0x10 C:/SysGCC/arm-eabi/bin/../lib/gcc/arm-none-eabi/13.3.1/thumb/v7e-m+fp/hard\libc_nano.a(libc_a-signal.o)
                0x08004694                raise
 .text._kill_r  0x080046a4       0x24 C:/SysGCC/arm-eabi/bin/../lib/gcc/arm-none-eabi/13.3.1/thumb/v7e-m+fp/hard\libc_nano.a(libc_a-signalr.o)
                0x080046a4                _kill_r
 .text._getpid_r
                0x080046c8        0x4 C:/SysGCC/arm-eabi/bin/../lib/gcc/arm-none-eabi/13.3.1/thumb/v7e-m+fp/hard\libc_nano.a(libc_a-signalr.o)
                0x080046c8                _getpid_r
 .text.__swhatbuf_r
                0x080046cc       0x4c C:/SysGCC/arm-eabi/bin/../lib/gcc/arm-none-eabi/13.3.1/thumb/v7e-m+fp/hard\libc_nano.a(libc_a-makebuf.o)
                0x080046cc                __swhatbuf_r
 .text.__smakebuf_r
                0x08004718       0x78 C:/SysGCC/arm-eabi/bin/../lib/gcc/arm-none-eabi/13.3.1/thumb/v7e-m+fp/hard\libc_nano.a(libc_a-makebuf.o)
                0x08004718                __smakebuf_r
 .text._fstat_r
                0x08004790       0x24 C:/SysGCC/arm-eabi/bin/../lib/gcc/arm-none-eabi/13.3.1/thumb/v7e-m+fp/hard\libc_nano.a(libc_a-fstatr.o)
                0x08004790                _fstat_r
 .text._isatty_r
                0x080047b4       0x20 C:/SysGCC/arm-eabi/bin/../lib/gcc/arm-none-eabi/13.3.1/thumb/v7e-m+fp/hard\libc_nano.a(libc_a-isattyr.o)
                0x080047b4                _isatty_r
 *(.glue_7)
 .glue_7        0x080047d4        0x0 linker stubs
 *(.glue_7t)
 .glue_7t       0x080047d4        0x0 linker stubs
 *(.eh_frame)
 .eh_frame      0x080047d4        0x0 C:/SysGCC/arm-eabi/bin/../lib/gcc/arm-none-eabi/13.3.1/thumb/v7e-m+fp/hard/crtbegin.o
 *(.init)
 .init          0x080047d4        0x4 C:/SysGCC/arm-eabi/bin/../lib/gcc/arm-none-eabi/13.3.1/thumb/v7e-m+fp/hard/crti.o
                0x080047d4                _init
 .init          0x080047d8        0x8 C:/SysGCC/arm-eabi/bin/../lib/gcc/arm-none-eabi/13.3.1/thumb/v7e-m+fp/hard/crtn.o
 *(.fini)
 .fini          0x080047e0        0x4 C:/SysGCC/arm-eabi/bin/../lib/gcc/arm-none-eabi/13.3.1/thumb/v7e-m+fp/hard/crti.o
                0x080047e0                _fini
 .fini          0x080047e4        0x8 C:/SysGCC/arm-eabi/bin/../lib/gcc/arm-none-eabi/13.3.1/thumb/v7e-m+fp/hard/crtn.o
                0x080047ec                        . = ALIGN (0x4)
                0x080047ec                        _etext = .

.vfp11_veneer   0x080047ec        0x0
 .vfp11_veneer  0x080047ec        0x0 linker stubs

.v4_bx          0x080047ec        0x0
 .v4_bx         0x080047ec        0x0 linker stubs

.iplt           0x080047ec        0x0
 .iplt          0x080047ec        0x0 C:/SysGCC/arm-eabi/bin/../lib/gcc/arm-none-eabi/13.3.1/thumb/v7e-m+fp/hard/crtbegin.o

.rodata         0x080047f0      0x3e4
                0x080047f0                        . = ALIGN (0x4)
 *(.rodata)
 *(.rodata*)
 .rodata.main.str1.4
                0x080047f0       0x6d build_F411RE/main.o
                                 0x39 (size before relaxing)
 .rodata.MPU_Debug_Print.str1.4
                0x0800485d       0x31 build_F411RE/mpu_i2c.o
 .rodata._printf_float.str1.1
                0x0800485d      0x173 C:/SysGCC/arm-eabi/bin/../lib/gcc/arm-none-eabi/13.3.1/thumb/v7e-m+fp/hard\libc_nano.a(libc_a-nano-vfprintf_float.o)
                                 0x12 (size before relaxing)
 .rodata._printf_i.str1.1
                0x080049d0       0x22 C:/SysGCC/arm-eabi/bin/../lib/gcc/arm-none-eabi/13.3.1/thumb/v7e-m+fp/hard\libc_nano.a(libc_a-nano-vfprintf_i.o)
 .rodata._dtoa_r.str1.1
                0x080049d0       0x90 C:/SysGCC/arm-eabi/bin/../lib/gcc/arm-none-eabi/13.3.1/thumb/v7e-m+fp/hard\libc_nano.a(libc_a-dtoa.o)
 .rodata._Balloc.str1.1
                0x080049d0       0x71 C:/SysGCC/arm-eabi/bin/../lib/gcc/arm-none-eabi/13.3.1/thumb/v7e-m+fp/hard\libc_nano.a(libc_a-mprec.o)
 .rodata.__multadd.str1.1
                0x080049d0       0x11 C:/SysGCC/arm-eabi/bin/../lib/gcc/arm-none-eabi/13.3.1/thumb/v7e-m+fp/hard\libc_nano.a(libc_a-mprec.o)
 .rodata.p05.0  0x080049d0        0xc C:/SysGCC/arm-eabi/bin/../lib/gcc/arm-none-eabi/13.3.1/thumb/v7e-m+fp/hard\libc_nano.a(libc_a-mprec.o)
 *fill*         0x080049dc        0x4 
 .rodata.__mprec_bigtens
                0x080049e0       0x28 C:/SysGCC/arm-eabi/bin/../lib/gcc/arm-none-eabi/13.3.1/thumb/v7e-m+fp/hard\libc_nano.a(libc_a-mprec.o)
                0x080049e0                __mprec_bigtens
 .rodata.__mprec_tens
                0x08004a08       0xc8 C:/SysGCC/arm-eabi/bin/../lib/gcc/arm-none-eabi/13.3.1/thumb/v7e-m+fp/hard\libc_nano.a(libc_a-mprec.o)
                0x08004a08                __mprec_tens
 .rodata._svfprintf_r.str1.1
                0x08004ad0       0x11 C:/SysGCC/arm-eabi/bin/../lib/gcc/arm-none-eabi/13.3.1/thumb/v7e-m+fp/hard\libc_nano.a(libc_a-nano-svfprintf.o)
 .rodata._setlocale_r.str1.1
                0x08004ad0        0x9 C:/SysGCC/arm-eabi/bin/../lib/gcc/arm-none-eabi/13.3.1/thumb/v7e-m+fp/hard\libc_nano.a(libc_a-locale.o)
 .rodata.str1.1
                0x08004ad0        0x2 C:/SysGCC/arm-eabi/bin/../lib/gcc/arm-none-eabi/13.3.1/thumb/v7e-m+fp/hard\libc_nano.a(libc_a-locale.o)
 .rodata.__assert_func.str1.1
                0x08004ad0       0x3d C:/SysGCC/arm-eabi/bin/../lib/gcc/arm-none-eabi/13.3.1/thumb/v7e-m+fp/hard\libc_nano.a(libc_a-assert.o)
 .rodata._ctype_
                0x08004ad0      0x101 C:/SysGCC/arm-eabi/bin/../lib/gcc/arm-none-eabi/13.3.1/thumb/v7e-m+fp/hard\libc_nano.a(libc_a-ctype_.o)
                0x08004ad0                _ctype_
 .rodata._vfprintf_r.str1.1
                0x08004bd1       0x11 C:/SysGCC/arm-eabi/bin/../lib/gcc/arm-none-eabi/13.3.1/thumb/v7e-m+fp/hard\libc_nano.a(libc_a-nano-vfprintf.o)
                0x08004be4                        . = ALIGN (0x4)
 *fill*         0x08004bd1        0x3 

.ARM.extab
 *(.ARM.extab* .gnu.linkonce.armextab.*)

.ARM            0x08004bd4        0x8
                0x08004bd4                        __exidx_start = .
 *(.ARM.exidx*)
 .ARM.exidx     0x08004bd4        0x8 C:/SysGCC/arm-eabi/bin/../lib/gcc/arm-none-eabi/13.3.1/thumb/v7e-m+fp/hard\libc_nano.a(libc_a-memchr.o)
 .ARM.exidx     0x08004bdc        0x0 C:/SysGCC/arm-eabi/bin/../lib/gcc/arm-none-eabi/13.3.1/thumb/v7e-m+fp/hard\libc_nano.a(libc_a-strlen.o)
                                  0x8 (size before relaxing)
                0x08004bdc                        __exidx_end = .

.rel.dyn        0x08004bdc        0x0
 .rel.iplt      0x08004bdc        0x0 C:/SysGCC/arm-eabi/bin/../lib/gcc/arm-none-eabi/13.3.1/thumb/v7e-m+fp/hard/crtbegin.o

.preinit_array  0x08004bdc        0x0
                0x08004bdc                        PROVIDE (__preinit_array_start = .)
 *(.preinit_array*)
                0x08004bdc                        PROVIDE (__preinit_array_end = .)

.init_array     0x08004bdc        0x4
                0x08004bdc                        PROVIDE (__init_array_start = .)
 *(SORT_BY_NAME(.init_array.*))
 *(.init_array*)
 .init_array    0x08004bdc        0x4 C:/SysGCC/arm-eabi/bin/../lib/gcc/arm-none-eabi/13.3.1/thumb/v7e-m+fp/hard/crtbegin.o
                0x08004be0                        PROVIDE (__init_array_end = .)

.fini_array     0x08004be0        0x4
                [!provide]                        PROVIDE (__fini_array_start = .)
 *(SORT_BY_NAME(.fini_array.*))
 *(.fini_array*)
 .fini_array    0x08004be0        0x4 C:/SysGCC/arm-eabi/bin/../lib/gcc/arm-none-eabi/13.3.1/thumb/v7e-m+fp/hard/crtbegin.o
                [!provide]                        PROVIDE (__fini_array_end = .)
                0x08004be4                        _sidata = LOADADDR (.data)

.data           0x20000000      0x204 load address 0x08004be4
                0x20000000                        . = ALIGN (0x4)
                0x20000000                        _sdata = .
 *(.data)
 *(.data*)
 .data.pidSync  0x20000000       0x14 build_F411RE/utils.o
                0x20000000                pidSync
 .data.pidYaw   0x20000014       0x14 build_F411RE/utils.o
                0x20000014                pidYaw
 .data.pidSpeed
                0x20000028       0x14 build_F411RE/utils.o
                0x20000028                pidSpeed
 .data.__sglue  0x2000003c        0xc C:/SysGCC/arm-eabi/bin/../lib/gcc/arm-none-eabi/13.3.1/thumb/v7e-m+fp/hard\libc_nano.a(libc_a-findfp.o)
                0x2000003c                __sglue
 .data._impure_ptr
                0x20000048        0x4 C:/SysGCC/arm-eabi/bin/../lib/gcc/arm-none-eabi/13.3.1/thumb/v7e-m+fp/hard\libc_nano.a(libc_a-impure.o)
                0x20000048                _impure_ptr
 .data._impure_data
                0x2000004c       0x4c C:/SysGCC/arm-eabi/bin/../lib/gcc/arm-none-eabi/13.3.1/thumb/v7e-m+fp/hard\libc_nano.a(libc_a-impure.o)
                0x2000004c                _impure_data
 .data.__global_locale
                0x20000098      0x16c C:/SysGCC/arm-eabi/bin/../lib/gcc/arm-none-eabi/13.3.1/thumb/v7e-m+fp/hard\libc_nano.a(libc_a-locale.o)
                0x20000098                __global_locale
                0x20000204                        . = ALIGN (0x4)
                0x20000204                        _edata = .

.tm_clone_table
                0x20000204        0x0 load address 0x08004de8
 .tm_clone_table
                0x20000204        0x0 C:/SysGCC/arm-eabi/bin/../lib/gcc/arm-none-eabi/13.3.1/thumb/v7e-m+fp/hard/crtbegin.o
 .tm_clone_table
                0x20000204        0x0 C:/SysGCC/arm-eabi/bin/../lib/gcc/arm-none-eabi/13.3.1/thumb/v7e-m+fp/hard/crtend.o

.igot.plt       0x20000204        0x0 load address 0x08004de8
 .igot.plt      0x20000204        0x0 C:/SysGCC/arm-eabi/bin/../lib/gcc/arm-none-eabi/13.3.1/thumb/v7e-m+fp/hard/crtbegin.o
                0x20000204                        . = ALIGN (0x4)

.bss            0x20000204      0x1b4 load address 0x08004de8
                0x20000204                        _sbss = .
                0x20000204                        __bss_start__ = _sbss
 *(.bss)
 *(.bss*)
 .bss.completed.1
                0x20000204        0x1 C:/SysGCC/arm-eabi/bin/../lib/gcc/arm-none-eabi/13.3.1/thumb/v7e-m+fp/hard/crtbegin.o
 *fill*         0x20000205        0x3 
 .bss.object.0  0x20000208       0x18 C:/SysGCC/arm-eabi/bin/../lib/gcc/arm-none-eabi/13.3.1/thumb/v7e-m+fp/hard/crtbegin.o
 .bss.__sbrk_heap_end
                0x20000220        0x4 build_F411RE/sysmem.o
 .bss.status_button
                0x20000224        0x1 build_F411RE/main.o
                0x20000224                status_button
 *fill*         0x20000225        0x1 
 .bss.button_delay_counter
                0x20000226        0x2 build_F411RE/main.o
                0x20000226                button_delay_counter
 .bss.sys_tick  0x20000228        0x4 build_F411RE/main.o
                0x20000228                sys_tick
 .bss.right_delay_counter
                0x2000022c        0x4 build_F411RE/main.o
                0x2000022c                right_delay_counter
 .bss.left_delay_counter
                0x20000230        0x4 build_F411RE/main.o
                0x20000230                left_delay_counter
 .bss.right_encoder_ticks
                0x20000234        0x2 build_F411RE/main.o
                0x20000234                right_encoder_ticks
 .bss.left_encoder_ticks
                0x20000236        0x2 build_F411RE/main.o
                0x20000236                left_encoder_ticks
 .bss.last_print.0
                0x20000238        0x4 build_F411RE/mpu_i2c.o
 .bss.buffer.1  0x2000023c        0xc build_F411RE/mpu_i2c.o
 .bss.idx.2     0x20000248        0x1 build_F411RE/mpu_i2c.o
 *fill*         0x20000249        0x3 
 .bss.last_update
                0x2000024c        0x4 build_F411RE/mpu_i2c.o
 .bss.yaw_angle
                0x20000250        0x4 build_F411RE/mpu_i2c.o
 .bss.gz_filtered
                0x20000254        0x4 build_F411RE/mpu_i2c.o
 .bss.last_time
                0x20000258        0x4 build_F411RE/mpu_i2c.o
                0x20000258                last_time
 .bss.gyro_offset_z
                0x2000025c        0x4 build_F411RE/mpu_i2c.o
                0x2000025c                gyro_offset_z
 .bss.mpu       0x20000260        0xc build_F411RE/mpu_i2c.o
                0x20000260                mpu
 .bss.__sf      0x2000026c      0x138 C:/SysGCC/arm-eabi/bin/../lib/gcc/arm-none-eabi/13.3.1/thumb/v7e-m+fp/hard\libc_nano.a(libc_a-findfp.o)
                0x2000026c                __sf
 .bss.__stdio_exit_handler
                0x200003a4        0x4 C:/SysGCC/arm-eabi/bin/../lib/gcc/arm-none-eabi/13.3.1/thumb/v7e-m+fp/hard\libc_nano.a(libc_a-findfp.o)
                0x200003a4                __stdio_exit_handler
 .bss.errno     0x200003a8        0x4 C:/SysGCC/arm-eabi/bin/../lib/gcc/arm-none-eabi/13.3.1/thumb/v7e-m+fp/hard\libc_nano.a(libc_a-reent.o)
                0x200003a8                errno
 .bss.__lock___malloc_recursive_mutex
                0x200003ac        0x1 C:/SysGCC/arm-eabi/bin/../lib/gcc/arm-none-eabi/13.3.1/thumb/v7e-m+fp/hard\libc_nano.a(libc_a-lock.o)
                0x200003ac                __lock___malloc_recursive_mutex
 .bss.__lock___sfp_recursive_mutex
                0x200003ad        0x1 C:/SysGCC/arm-eabi/bin/../lib/gcc/arm-none-eabi/13.3.1/thumb/v7e-m+fp/hard\libc_nano.a(libc_a-lock.o)
                0x200003ad                __lock___sfp_recursive_mutex
 *fill*         0x200003ae        0x2 
 .bss.__malloc_sbrk_start
                0x200003b0        0x4 C:/SysGCC/arm-eabi/bin/../lib/gcc/arm-none-eabi/13.3.1/thumb/v7e-m+fp/hard\libc_nano.a(libc_a-mallocr.o)
                0x200003b0                __malloc_sbrk_start
 .bss.__malloc_free_list
                0x200003b4        0x4 C:/SysGCC/arm-eabi/bin/../lib/gcc/arm-none-eabi/13.3.1/thumb/v7e-m+fp/hard\libc_nano.a(libc_a-mallocr.o)
                0x200003b4                __malloc_free_list
 *(COMMON)
                0x200003b8                        . = ALIGN (0x4)
                0x200003b8                        _ebss = .
                0x200003b8                        __bss_end__ = _ebss

._user_heap_stack
                0x200003b8      0x600 load address 0x08004de8
                0x200003b8                        . = ALIGN (0x8)
                [!provide]                        PROVIDE (end = .)
                0x200003b8                        PROVIDE (_end = .)
                0x200005b8                        . = (. + _Min_Heap_Size)
 *fill*         0x200003b8      0x200 
                0x200009b8                        . = (. + _Min_Stack_Size)
 *fill*         0x200005b8      0x400 
                0x200009b8                        . = ALIGN (0x8)

/DISCARD/
 libc.a(*)
 libm.a(*)
 libgcc.a(*)

.ARM.attributes
                0x00000000       0x30
 *(.ARM.attributes)
 .ARM.attributes
                0x00000000       0x22 C:/SysGCC/arm-eabi/bin/../lib/gcc/arm-none-eabi/13.3.1/thumb/v7e-m+fp/hard/crti.o
 .ARM.attributes
                0x00000022       0x34 C:/SysGCC/arm-eabi/bin/../lib/gcc/arm-none-eabi/13.3.1/thumb/v7e-m+fp/hard/crtbegin.o
 .ARM.attributes
                0x00000056       0x34 build_F411RE/system_stm32f4xx.o
 .ARM.attributes
                0x0000008a       0x34 build_F411RE/syscalls.o
 .ARM.attributes
                0x000000be       0x34 build_F411RE/sysmem.o
 .ARM.attributes
                0x000000f2       0x34 build_F411RE/main.o
 .ARM.attributes
                0x00000126       0x34 build_F411RE/init.o
 .ARM.attributes
                0x0000015a       0x34 build_F411RE/it_handlers.o
 .ARM.attributes
                0x0000018e       0x34 build_F411RE/mpu_i2c.o
 .ARM.attributes
                0x000001c2       0x34 build_F411RE/uart_debug.o
 .ARM.attributes
                0x000001f6       0x34 build_F411RE/utils.o
 .ARM.attributes
                0x0000022a       0x21 build_F411RE/startup_stm32f411xe.o
 .ARM.attributes
                0x0000024b       0x34 C:/SysGCC/arm-eabi/bin/../lib/gcc/arm-none-eabi/13.3.1/thumb/v7e-m+fp/hard\libc_nano.a(libc_a-nano-vfprintf_float.o)
 .ARM.attributes
                0x0000027f       0x34 C:/SysGCC/arm-eabi/bin/../lib/gcc/arm-none-eabi/13.3.1/thumb/v7e-m+fp/hard\libc_nano.a(libc_a-nano-vfprintf_i.o)
 .ARM.attributes
                0x000002b3       0x34 C:/SysGCC/arm-eabi/bin/../lib/gcc/arm-none-eabi/13.3.1/thumb/v7e-m+fp/hard\libc_nano.a(libc_a-findfp.o)
 .ARM.attributes
                0x000002e7       0x34 C:/SysGCC/arm-eabi/bin/../lib/gcc/arm-none-eabi/13.3.1/thumb/v7e-m+fp/hard\libc_nano.a(libc_a-fwalk.o)
 .ARM.attributes
                0x0000031b       0x34 C:/SysGCC/arm-eabi/bin/../lib/gcc/arm-none-eabi/13.3.1/thumb/v7e-m+fp/hard\libc_nano.a(libc_a-sprintf.o)
 .ARM.attributes
                0x0000034f       0x34 C:/SysGCC/arm-eabi/bin/../lib/gcc/arm-none-eabi/13.3.1/thumb/v7e-m+fp/hard\libc_nano.a(libc_a-stdio.o)
 .ARM.attributes
                0x00000383       0x34 C:/SysGCC/arm-eabi/bin/../lib/gcc/arm-none-eabi/13.3.1/thumb/v7e-m+fp/hard\libc_nano.a(libc_a-memset.o)
 .ARM.attributes
                0x000003b7       0x34 C:/SysGCC/arm-eabi/bin/../lib/gcc/arm-none-eabi/13.3.1/thumb/v7e-m+fp/hard\libc_nano.a(libc_a-localeconv.o)
 .ARM.attributes
                0x000003eb       0x34 C:/SysGCC/arm-eabi/bin/../lib/gcc/arm-none-eabi/13.3.1/thumb/v7e-m+fp/hard\libc_nano.a(libc_a-closer.o)
 .ARM.attributes
                0x0000041f       0x34 C:/SysGCC/arm-eabi/bin/../lib/gcc/arm-none-eabi/13.3.1/thumb/v7e-m+fp/hard\libc_nano.a(libc_a-reent.o)
 .ARM.attributes
                0x00000453       0x34 C:/SysGCC/arm-eabi/bin/../lib/gcc/arm-none-eabi/13.3.1/thumb/v7e-m+fp/hard\libc_nano.a(libc_a-impure.o)
 .ARM.attributes
                0x00000487       0x34 C:/SysGCC/arm-eabi/bin/../lib/gcc/arm-none-eabi/13.3.1/thumb/v7e-m+fp/hard\libc_nano.a(libc_a-lseekr.o)
 .ARM.attributes
                0x000004bb       0x34 C:/SysGCC/arm-eabi/bin/../lib/gcc/arm-none-eabi/13.3.1/thumb/v7e-m+fp/hard\libc_nano.a(libc_a-readr.o)
 .ARM.attributes
                0x000004ef       0x34 C:/SysGCC/arm-eabi/bin/../lib/gcc/arm-none-eabi/13.3.1/thumb/v7e-m+fp/hard\libc_nano.a(libc_a-writer.o)
 .ARM.attributes
                0x00000523       0x34 C:/SysGCC/arm-eabi/bin/../lib/gcc/arm-none-eabi/13.3.1/thumb/v7e-m+fp/hard\libc_nano.a(libc_a-errno.o)
 .ARM.attributes
                0x00000557       0x34 C:/SysGCC/arm-eabi/bin/../lib/gcc/arm-none-eabi/13.3.1/thumb/v7e-m+fp/hard\libc_nano.a(libc_a-init.o)
 .ARM.attributes
                0x0000058b       0x34 C:/SysGCC/arm-eabi/bin/../lib/gcc/arm-none-eabi/13.3.1/thumb/v7e-m+fp/hard\libc_nano.a(libc_a-lock.o)
 .ARM.attributes
                0x000005bf       0x1c C:/SysGCC/arm-eabi/bin/../lib/gcc/arm-none-eabi/13.3.1/thumb/v7e-m+fp/hard\libc_nano.a(libc_a-memchr.o)
 .ARM.attributes
                0x000005db       0x17 C:/SysGCC/arm-eabi/bin/../lib/gcc/arm-none-eabi/13.3.1/thumb/v7e-m+fp/hard\libc_nano.a(libc_a-strlen.o)
 .ARM.attributes
                0x000005f2       0x34 C:/SysGCC/arm-eabi/bin/../lib/gcc/arm-none-eabi/13.3.1/thumb/v7e-m+fp/hard\libc_nano.a(libc_a-dtoa.o)
 .ARM.attributes
                0x00000626       0x34 C:/SysGCC/arm-eabi/bin/../lib/gcc/arm-none-eabi/13.3.1/thumb/v7e-m+fp/hard\libc_nano.a(libc_a-freer.o)
 .ARM.attributes
                0x0000065a       0x34 C:/SysGCC/arm-eabi/bin/../lib/gcc/arm-none-eabi/13.3.1/thumb/v7e-m+fp/hard\libc_nano.a(libc_a-malloc.o)
 .ARM.attributes
                0x0000068e       0x34 C:/SysGCC/arm-eabi/bin/../lib/gcc/arm-none-eabi/13.3.1/thumb/v7e-m+fp/hard\libc_nano.a(libc_a-mallocr.o)
 .ARM.attributes
                0x000006c2       0x34 C:/SysGCC/arm-eabi/bin/../lib/gcc/arm-none-eabi/13.3.1/thumb/v7e-m+fp/hard\libc_nano.a(libc_a-mlock.o)
 .ARM.attributes
                0x000006f6       0x34 C:/SysGCC/arm-eabi/bin/../lib/gcc/arm-none-eabi/13.3.1/thumb/v7e-m+fp/hard\libc_nano.a(libc_a-mprec.o)
 .ARM.attributes
                0x0000072a       0x34 C:/SysGCC/arm-eabi/bin/../lib/gcc/arm-none-eabi/13.3.1/thumb/v7e-m+fp/hard\libc_nano.a(libc_a-nano-svfprintf.o)
 .ARM.attributes
                0x0000075e       0x34 C:/SysGCC/arm-eabi/bin/../lib/gcc/arm-none-eabi/13.3.1/thumb/v7e-m+fp/hard\libc_nano.a(libc_a-fflush.o)
 .ARM.attributes
                0x00000792       0x34 C:/SysGCC/arm-eabi/bin/../lib/gcc/arm-none-eabi/13.3.1/thumb/v7e-m+fp/hard\libc_nano.a(libc_a-memmove.o)
 .ARM.attributes
                0x000007c6       0x34 C:/SysGCC/arm-eabi/bin/../lib/gcc/arm-none-eabi/13.3.1/thumb/v7e-m+fp/hard\libc_nano.a(libc_a-locale.o)
 .ARM.attributes
                0x000007fa       0x34 C:/SysGCC/arm-eabi/bin/../lib/gcc/arm-none-eabi/13.3.1/thumb/v7e-m+fp/hard\libc_nano.a(libc_a-sbrkr.o)
 .ARM.attributes
                0x0000082e       0x34 C:/SysGCC/arm-eabi/bin/../lib/gcc/arm-none-eabi/13.3.1/thumb/v7e-m+fp/hard\libc_nano.a(libc_a-memcpy-stub.o)
 .ARM.attributes
                0x00000862       0x34 C:/SysGCC/arm-eabi/bin/../lib/gcc/arm-none-eabi/13.3.1/thumb/v7e-m+fp/hard\libc_nano.a(libc_a-assert.o)
 .ARM.attributes
                0x00000896       0x34 C:/SysGCC/arm-eabi/bin/../lib/gcc/arm-none-eabi/13.3.1/thumb/v7e-m+fp/hard\libc_nano.a(libc_a-callocr.o)
 .ARM.attributes
                0x000008ca       0x34 C:/SysGCC/arm-eabi/bin/../lib/gcc/arm-none-eabi/13.3.1/thumb/v7e-m+fp/hard\libc_nano.a(libc_a-mbtowc_r.o)
 .ARM.attributes
                0x000008fe       0x34 C:/SysGCC/arm-eabi/bin/../lib/gcc/arm-none-eabi/13.3.1/thumb/v7e-m+fp/hard\libc_nano.a(libc_a-reallocr.o)
 .ARM.attributes
                0x00000932       0x34 C:/SysGCC/arm-eabi/bin/../lib/gcc/arm-none-eabi/13.3.1/thumb/v7e-m+fp/hard\libc_nano.a(libc_a-wctomb_r.o)
 .ARM.attributes
                0x00000966       0x34 C:/SysGCC/arm-eabi/bin/../lib/gcc/arm-none-eabi/13.3.1/thumb/v7e-m+fp/hard\libc_nano.a(libc_a-ctype_.o)
 .ARM.attributes
                0x0000099a       0x34 C:/SysGCC/arm-eabi/bin/../lib/gcc/arm-none-eabi/13.3.1/thumb/v7e-m+fp/hard\libc_nano.a(libc_a-fprintf.o)
 .ARM.attributes
                0x000009ce       0x34 C:/SysGCC/arm-eabi/bin/../lib/gcc/arm-none-eabi/13.3.1/thumb/v7e-m+fp/hard\libc_nano.a(libc_a-abort.o)
 .ARM.attributes
                0x00000a02       0x34 C:/SysGCC/arm-eabi/bin/../lib/gcc/arm-none-eabi/13.3.1/thumb/v7e-m+fp/hard\libc_nano.a(libc_a-msizer.o)
 .ARM.attributes
                0x00000a36       0x34 C:/SysGCC/arm-eabi/bin/../lib/gcc/arm-none-eabi/13.3.1/thumb/v7e-m+fp/hard\libc_nano.a(libc_a-nano-vfprintf.o)
 .ARM.attributes
                0x00000a6a       0x34 C:/SysGCC/arm-eabi/bin/../lib/gcc/arm-none-eabi/13.3.1/thumb/v7e-m+fp/hard\libc_nano.a(libc_a-wbuf.o)
 .ARM.attributes
                0x00000a9e       0x34 C:/SysGCC/arm-eabi/bin/../lib/gcc/arm-none-eabi/13.3.1/thumb/v7e-m+fp/hard\libc_nano.a(libc_a-wsetup.o)
 .ARM.attributes
                0x00000ad2       0x34 C:/SysGCC/arm-eabi/bin/../lib/gcc/arm-none-eabi/13.3.1/thumb/v7e-m+fp/hard\libc_nano.a(libc_a-signal.o)
 .ARM.attributes
                0x00000b06       0x34 C:/SysGCC/arm-eabi/bin/../lib/gcc/arm-none-eabi/13.3.1/thumb/v7e-m+fp/hard\libc_nano.a(libc_a-signalr.o)
 .ARM.attributes
                0x00000b3a       0x34 C:/SysGCC/arm-eabi/bin/../lib/gcc/arm-none-eabi/13.3.1/thumb/v7e-m+fp/hard\libc_nano.a(libc_a-makebuf.o)
 .ARM.attributes
                0x00000b6e       0x34 C:/SysGCC/arm-eabi/bin/../lib/gcc/arm-none-eabi/13.3.1/thumb/v7e-m+fp/hard\libc_nano.a(libc_a-fstatr.o)
 .ARM.attributes
                0x00000ba2       0x34 C:/SysGCC/arm-eabi/bin/../lib/gcc/arm-none-eabi/13.3.1/thumb/v7e-m+fp/hard\libc_nano.a(libc_a-isattyr.o)
 .ARM.attributes
                0x00000bd6       0x22 C:/SysGCC/arm-eabi/bin/../lib/gcc/arm-none-eabi/13.3.1/thumb/v7e-m+fp/hard\libgcc.a(_arm_addsubdf3.o)
 .ARM.attributes
                0x00000bf8       0x22 C:/SysGCC/arm-eabi/bin/../lib/gcc/arm-none-eabi/13.3.1/thumb/v7e-m+fp/hard\libgcc.a(_arm_muldivdf3.o)
 .ARM.attributes
                0x00000c1a       0x22 C:/SysGCC/arm-eabi/bin/../lib/gcc/arm-none-eabi/13.3.1/thumb/v7e-m+fp/hard\libgcc.a(_arm_cmpdf2.o)
 .ARM.attributes
                0x00000c3c       0x22 C:/SysGCC/arm-eabi/bin/../lib/gcc/arm-none-eabi/13.3.1/thumb/v7e-m+fp/hard\libgcc.a(_arm_unorddf2.o)
 .ARM.attributes
                0x00000c5e       0x22 C:/SysGCC/arm-eabi/bin/../lib/gcc/arm-none-eabi/13.3.1/thumb/v7e-m+fp/hard\libgcc.a(_arm_fixdfsi.o)
 .ARM.attributes
                0x00000c80       0x34 C:/SysGCC/arm-eabi/bin/../lib/gcc/arm-none-eabi/13.3.1/thumb/v7e-m+fp/hard/crtend.o
 .ARM.attributes
                0x00000cb4       0x22 C:/SysGCC/arm-eabi/bin/../lib/gcc/arm-none-eabi/13.3.1/thumb/v7e-m+fp/hard/crtn.o
OUTPUT(build_F411RE/STM32F411RE.elf elf32-littlearm)
LOAD linker stubs
LOAD C:/SysGCC/arm-eabi/bin/../lib/gcc/arm-none-eabi/13.3.1/thumb/v7e-m+fp/hard\libc.a
LOAD C:/SysGCC/arm-eabi/bin/../lib/gcc/arm-none-eabi/13.3.1/thumb/v7e-m+fp/hard\libm.a
LOAD C:/SysGCC/arm-eabi/bin/../lib/gcc/arm-none-eabi/13.3.1/thumb/v7e-m+fp/hard\libgcc.a

.debug_info     0x00000000     0x425f
 .debug_info    0x00000000      0x5de build_F411RE/system_stm32f4xx.o
 .debug_info    0x000005de      0x848 build_F411RE/syscalls.o
 .debug_info    0x00000e26      0x18c build_F411RE/sysmem.o
 .debug_info    0x00000fb2      0x32a build_F411RE/main.o
 .debug_info    0x000012dc      0xecc build_F411RE/init.o
 .debug_info    0x000021a8      0x281 build_F411RE/it_handlers.o
 .debug_info    0x00002429      0xd60 build_F411RE/mpu_i2c.o
 .debug_info    0x00003189      0x4ac build_F411RE/uart_debug.o
 .debug_info    0x00003635      0xbfa build_F411RE/utils.o
 .debug_info    0x0000422f       0x30 build_F411RE/startup_stm32f411xe.o

.debug_abbrev   0x00000000      0xed6
 .debug_abbrev  0x00000000      0x11b build_F411RE/system_stm32f4xx.o
 .debug_abbrev  0x0000011b      0x1e3 build_F411RE/syscalls.o
 .debug_abbrev  0x000002fe       0xeb build_F411RE/sysmem.o
 .debug_abbrev  0x000003e9      0x117 build_F411RE/main.o
 .debug_abbrev  0x00000500      0x21f build_F411RE/init.o
 .debug_abbrev  0x0000071f       0xf2 build_F411RE/it_handlers.o
 .debug_abbrev  0x00000811      0x328 build_F411RE/mpu_i2c.o
 .debug_abbrev  0x00000b39      0x10e build_F411RE/uart_debug.o
 .debug_abbrev  0x00000c47      0x272 build_F411RE/utils.o
 .debug_abbrev  0x00000eb9       0x1d build_F411RE/startup_stm32f411xe.o

.debug_loc      0x00000000     0x182c
 .debug_loc     0x00000000      0x181 build_F411RE/system_stm32f4xx.o
 .debug_loc     0x00000181      0x583 build_F411RE/syscalls.o
 .debug_loc     0x00000704       0x90 build_F411RE/sysmem.o
 .debug_loc     0x00000794       0x20 build_F411RE/main.o
 .debug_loc     0x000007b4      0x206 build_F411RE/init.o
 .debug_loc     0x000009ba      0x678 build_F411RE/mpu_i2c.o
 .debug_loc     0x00001032       0x57 build_F411RE/uart_debug.o
 .debug_loc     0x00001089      0x7a3 build_F411RE/utils.o

.debug_aranges  0x00000000      0x2e8
 .debug_aranges
                0x00000000       0x28 build_F411RE/system_stm32f4xx.o
 .debug_aranges
                0x00000028       0xa8 build_F411RE/syscalls.o
 .debug_aranges
                0x000000d0       0x20 build_F411RE/sysmem.o
 .debug_aranges
                0x000000f0       0x20 build_F411RE/main.o
 .debug_aranges
                0x00000110       0x48 build_F411RE/init.o
 .debug_aranges
                0x00000158       0x30 build_F411RE/it_handlers.o
 .debug_aranges
                0x00000188       0x90 build_F411RE/mpu_i2c.o
 .debug_aranges
                0x00000218       0x30 build_F411RE/uart_debug.o
 .debug_aranges
                0x00000248       0x78 build_F411RE/utils.o
 .debug_aranges
                0x000002c0       0x28 build_F411RE/startup_stm32f411xe.o

.debug_ranges   0x00000000      0x2d0
 .debug_ranges  0x00000000       0x18 build_F411RE/system_stm32f4xx.o
 .debug_ranges  0x00000018       0x98 build_F411RE/syscalls.o
 .debug_ranges  0x000000b0       0x10 build_F411RE/sysmem.o
 .debug_ranges  0x000000c0       0x10 build_F411RE/main.o
 .debug_ranges  0x000000d0       0x38 build_F411RE/init.o
 .debug_ranges  0x00000108       0x20 build_F411RE/it_handlers.o
 .debug_ranges  0x00000128       0xd0 build_F411RE/mpu_i2c.o
 .debug_ranges  0x000001f8       0x20 build_F411RE/uart_debug.o
 .debug_ranges  0x00000218       0x98 build_F411RE/utils.o
 .debug_ranges  0x000002b0       0x20 build_F411RE/startup_stm32f411xe.o

.debug_line     0x00000000     0x203c
 .debug_line    0x00000000      0x237 build_F411RE/system_stm32f4xx.o
 .debug_line    0x00000237      0x3a5 build_F411RE/syscalls.o
 .debug_line    0x000005dc      0x16f build_F411RE/sysmem.o
 .debug_line    0x0000074b      0x13b build_F411RE/main.o
 .debug_line    0x00000886      0x3e4 build_F411RE/init.o
 .debug_line    0x00000c6a      0x22a build_F411RE/it_handlers.o
 .debug_line    0x00000e94      0x90c build_F411RE/mpu_i2c.o
 .debug_line    0x000017a0      0x1c0 build_F411RE/uart_debug.o
 .debug_line    0x00001960      0x652 build_F411RE/utils.o
 .debug_line    0x00001fb2       0x8a build_F411RE/startup_stm32f411xe.o

.debug_str      0x00000000     0x101b
 .debug_str     0x00000000     0x101b build_F411RE/system_stm32f4xx.o
                                0x362 (size before relaxing)
 .debug_str     0x0000101b      0x3d6 build_F411RE/syscalls.o
 .debug_str     0x0000101b      0x202 build_F411RE/sysmem.o
 .debug_str     0x0000101b      0x2cf build_F411RE/main.o
 .debug_str     0x0000101b      0x8c6 build_F411RE/init.o
 .debug_str     0x0000101b      0x289 build_F411RE/it_handlers.o
 .debug_str     0x0000101b      0x497 build_F411RE/mpu_i2c.o
 .debug_str     0x0000101b      0x2ff build_F411RE/uart_debug.o
 .debug_str     0x0000101b      0x3a6 build_F411RE/utils.o
 .debug_str     0x0000101b       0x6d build_F411RE/startup_stm32f411xe.o

.comment        0x00000000       0x45
 .comment       0x00000000       0x45 build_F411RE/system_stm32f4xx.o
                                 0x46 (size before relaxing)
 .comment       0x00000045       0x46 build_F411RE/syscalls.o
 .comment       0x00000045       0x46 build_F411RE/sysmem.o
 .comment       0x00000045       0x46 build_F411RE/main.o
 .comment       0x00000045       0x46 build_F411RE/init.o
 .comment       0x00000045       0x46 build_F411RE/it_handlers.o
 .comment       0x00000045       0x46 build_F411RE/mpu_i2c.o
 .comment       0x00000045       0x46 build_F411RE/uart_debug.o
 .comment       0x00000045       0x46 build_F411RE/utils.o

.debug_frame    0x00000000     0x17c0
 .debug_frame   0x00000000       0x30 build_F411RE/system_stm32f4xx.o
 .debug_frame   0x00000030      0x190 build_F411RE/syscalls.o
 .debug_frame   0x000001c0       0x28 build_F411RE/sysmem.o
 .debug_frame   0x000001e8       0x28 build_F411RE/main.o
 .debug_frame   0x00000210       0x88 build_F411RE/init.o
 .debug_frame   0x00000298       0x40 build_F411RE/it_handlers.o
 .debug_frame   0x000002d8      0x1a4 build_F411RE/mpu_i2c.o
 .debug_frame   0x0000047c       0x48 build_F411RE/uart_debug.o
 .debug_frame   0x000004c4      0x144 build_F411RE/utils.o
 .debug_frame   0x00000608       0x90 C:/SysGCC/arm-eabi/bin/../lib/gcc/arm-none-eabi/13.3.1/thumb/v7e-m+fp/hard\libc_nano.a(libc_a-nano-vfprintf_float.o)
 .debug_frame   0x00000698       0x60 C:/SysGCC/arm-eabi/bin/../lib/gcc/arm-none-eabi/13.3.1/thumb/v7e-m+fp/hard\libc_nano.a(libc_a-nano-vfprintf_i.o)
 .debug_frame   0x000006f8      0x144 C:/SysGCC/arm-eabi/bin/../lib/gcc/arm-none-eabi/13.3.1/thumb/v7e-m+fp/hard\libc_nano.a(libc_a-findfp.o)
 .debug_frame   0x0000083c       0x34 C:/SysGCC/arm-eabi/bin/../lib/gcc/arm-none-eabi/13.3.1/thumb/v7e-m+fp/hard\libc_nano.a(libc_a-fwalk.o)
 .debug_frame   0x00000870       0x74 C:/SysGCC/arm-eabi/bin/../lib/gcc/arm-none-eabi/13.3.1/thumb/v7e-m+fp/hard\libc_nano.a(libc_a-sprintf.o)
 .debug_frame   0x000008e4       0x88 C:/SysGCC/arm-eabi/bin/../lib/gcc/arm-none-eabi/13.3.1/thumb/v7e-m+fp/hard\libc_nano.a(libc_a-stdio.o)
 .debug_frame   0x0000096c       0x20 C:/SysGCC/arm-eabi/bin/../lib/gcc/arm-none-eabi/13.3.1/thumb/v7e-m+fp/hard\libc_nano.a(libc_a-memset.o)
 .debug_frame   0x0000098c       0x40 C:/SysGCC/arm-eabi/bin/../lib/gcc/arm-none-eabi/13.3.1/thumb/v7e-m+fp/hard\libc_nano.a(libc_a-localeconv.o)
 .debug_frame   0x000009cc       0x2c C:/SysGCC/arm-eabi/bin/../lib/gcc/arm-none-eabi/13.3.1/thumb/v7e-m+fp/hard\libc_nano.a(libc_a-closer.o)
 .debug_frame   0x000009f8       0x38 C:/SysGCC/arm-eabi/bin/../lib/gcc/arm-none-eabi/13.3.1/thumb/v7e-m+fp/hard\libc_nano.a(libc_a-reent.o)
 .debug_frame   0x00000a30       0x2c C:/SysGCC/arm-eabi/bin/../lib/gcc/arm-none-eabi/13.3.1/thumb/v7e-m+fp/hard\libc_nano.a(libc_a-lseekr.o)
 .debug_frame   0x00000a5c       0x2c C:/SysGCC/arm-eabi/bin/../lib/gcc/arm-none-eabi/13.3.1/thumb/v7e-m+fp/hard\libc_nano.a(libc_a-readr.o)
 .debug_frame   0x00000a88       0x2c C:/SysGCC/arm-eabi/bin/../lib/gcc/arm-none-eabi/13.3.1/thumb/v7e-m+fp/hard\libc_nano.a(libc_a-writer.o)
 .debug_frame   0x00000ab4       0x20 C:/SysGCC/arm-eabi/bin/../lib/gcc/arm-none-eabi/13.3.1/thumb/v7e-m+fp/hard\libc_nano.a(libc_a-errno.o)
 .debug_frame   0x00000ad4       0x2c C:/SysGCC/arm-eabi/bin/../lib/gcc/arm-none-eabi/13.3.1/thumb/v7e-m+fp/hard\libc_nano.a(libc_a-init.o)
 .debug_frame   0x00000b00       0xb0 C:/SysGCC/arm-eabi/bin/../lib/gcc/arm-none-eabi/13.3.1/thumb/v7e-m+fp/hard\libc_nano.a(libc_a-lock.o)
 .debug_frame   0x00000bb0       0x70 C:/SysGCC/arm-eabi/bin/../lib/gcc/arm-none-eabi/13.3.1/thumb/v7e-m+fp/hard\libc_nano.a(libc_a-dtoa.o)
 .debug_frame   0x00000c20       0x38 C:/SysGCC/arm-eabi/bin/../lib/gcc/arm-none-eabi/13.3.1/thumb/v7e-m+fp/hard\libc_nano.a(libc_a-freer.o)
 .debug_frame   0x00000c58       0x30 C:/SysGCC/arm-eabi/bin/../lib/gcc/arm-none-eabi/13.3.1/thumb/v7e-m+fp/hard\libc_nano.a(libc_a-malloc.o)
 .debug_frame   0x00000c88       0x50 C:/SysGCC/arm-eabi/bin/../lib/gcc/arm-none-eabi/13.3.1/thumb/v7e-m+fp/hard\libc_nano.a(libc_a-mallocr.o)
 .debug_frame   0x00000cd8       0x30 C:/SysGCC/arm-eabi/bin/../lib/gcc/arm-none-eabi/13.3.1/thumb/v7e-m+fp/hard\libc_nano.a(libc_a-mlock.o)
 .debug_frame   0x00000d08      0x260 C:/SysGCC/arm-eabi/bin/../lib/gcc/arm-none-eabi/13.3.1/thumb/v7e-m+fp/hard\libc_nano.a(libc_a-mprec.o)
 .debug_frame   0x00000f68       0x90 C:/SysGCC/arm-eabi/bin/../lib/gcc/arm-none-eabi/13.3.1/thumb/v7e-m+fp/hard\libc_nano.a(libc_a-nano-svfprintf.o)
 .debug_frame   0x00000ff8       0x5c C:/SysGCC/arm-eabi/bin/../lib/gcc/arm-none-eabi/13.3.1/thumb/v7e-m+fp/hard\libc_nano.a(libc_a-fflush.o)
 .debug_frame   0x00001054       0x28 C:/SysGCC/arm-eabi/bin/../lib/gcc/arm-none-eabi/13.3.1/thumb/v7e-m+fp/hard\libc_nano.a(libc_a-memmove.o)
 .debug_frame   0x0000107c       0x48 C:/SysGCC/arm-eabi/bin/../lib/gcc/arm-none-eabi/13.3.1/thumb/v7e-m+fp/hard\libc_nano.a(libc_a-locale.o)
 .debug_frame   0x000010c4       0x2c C:/SysGCC/arm-eabi/bin/../lib/gcc/arm-none-eabi/13.3.1/thumb/v7e-m+fp/hard\libc_nano.a(libc_a-sbrkr.o)
 .debug_frame   0x000010f0       0x28 C:/SysGCC/arm-eabi/bin/../lib/gcc/arm-none-eabi/13.3.1/thumb/v7e-m+fp/hard\libc_nano.a(libc_a-memcpy-stub.o)
 .debug_frame   0x00001118       0x40 C:/SysGCC/arm-eabi/bin/../lib/gcc/arm-none-eabi/13.3.1/thumb/v7e-m+fp/hard\libc_nano.a(libc_a-assert.o)
 .debug_frame   0x00001158       0x2c C:/SysGCC/arm-eabi/bin/../lib/gcc/arm-none-eabi/13.3.1/thumb/v7e-m+fp/hard\libc_nano.a(libc_a-callocr.o)
 .debug_frame   0x00001184       0x48 C:/SysGCC/arm-eabi/bin/../lib/gcc/arm-none-eabi/13.3.1/thumb/v7e-m+fp/hard\libc_nano.a(libc_a-mbtowc_r.o)
 .debug_frame   0x000011cc       0x3c C:/SysGCC/arm-eabi/bin/../lib/gcc/arm-none-eabi/13.3.1/thumb/v7e-m+fp/hard\libc_nano.a(libc_a-reallocr.o)
 .debug_frame   0x00001208       0x3c C:/SysGCC/arm-eabi/bin/../lib/gcc/arm-none-eabi/13.3.1/thumb/v7e-m+fp/hard\libc_nano.a(libc_a-wctomb_r.o)
 .debug_frame   0x00001244       0x64 C:/SysGCC/arm-eabi/bin/../lib/gcc/arm-none-eabi/13.3.1/thumb/v7e-m+fp/hard\libc_nano.a(libc_a-fprintf.o)
 .debug_frame   0x000012a8       0x28 C:/SysGCC/arm-eabi/bin/../lib/gcc/arm-none-eabi/13.3.1/thumb/v7e-m+fp/hard\libc_nano.a(libc_a-abort.o)
 .debug_frame   0x000012d0       0x20 C:/SysGCC/arm-eabi/bin/../lib/gcc/arm-none-eabi/13.3.1/thumb/v7e-m+fp/hard\libc_nano.a(libc_a-msizer.o)
 .debug_frame   0x000012f0       0xa8 C:/SysGCC/arm-eabi/bin/../lib/gcc/arm-none-eabi/13.3.1/thumb/v7e-m+fp/hard\libc_nano.a(libc_a-nano-vfprintf.o)
 .debug_frame   0x00001398       0x40 C:/SysGCC/arm-eabi/bin/../lib/gcc/arm-none-eabi/13.3.1/thumb/v7e-m+fp/hard\libc_nano.a(libc_a-wbuf.o)
 .debug_frame   0x000013d8       0x2c C:/SysGCC/arm-eabi/bin/../lib/gcc/arm-none-eabi/13.3.1/thumb/v7e-m+fp/hard\libc_nano.a(libc_a-wsetup.o)
 .debug_frame   0x00001404       0xcc C:/SysGCC/arm-eabi/bin/../lib/gcc/arm-none-eabi/13.3.1/thumb/v7e-m+fp/hard\libc_nano.a(libc_a-signal.o)
 .debug_frame   0x000014d0       0x3c C:/SysGCC/arm-eabi/bin/../lib/gcc/arm-none-eabi/13.3.1/thumb/v7e-m+fp/hard\libc_nano.a(libc_a-signalr.o)
 .debug_frame   0x0000150c       0x58 C:/SysGCC/arm-eabi/bin/../lib/gcc/arm-none-eabi/13.3.1/thumb/v7e-m+fp/hard\libc_nano.a(libc_a-makebuf.o)
 .debug_frame   0x00001564       0x2c C:/SysGCC/arm-eabi/bin/../lib/gcc/arm-none-eabi/13.3.1/thumb/v7e-m+fp/hard\libc_nano.a(libc_a-fstatr.o)
 .debug_frame   0x00001590       0x2c C:/SysGCC/arm-eabi/bin/../lib/gcc/arm-none-eabi/13.3.1/thumb/v7e-m+fp/hard\libc_nano.a(libc_a-isattyr.o)
 .debug_frame   0x000015bc       0xac C:/SysGCC/arm-eabi/bin/../lib/gcc/arm-none-eabi/13.3.1/thumb/v7e-m+fp/hard\libgcc.a(_arm_addsubdf3.o)
 .debug_frame   0x00001668       0x50 C:/SysGCC/arm-eabi/bin/../lib/gcc/arm-none-eabi/13.3.1/thumb/v7e-m+fp/hard\libgcc.a(_arm_muldivdf3.o)
 .debug_frame   0x000016b8       0xc4 C:/SysGCC/arm-eabi/bin/../lib/gcc/arm-none-eabi/13.3.1/thumb/v7e-m+fp/hard\libgcc.a(_arm_cmpdf2.o)
 .debug_frame   0x0000177c       0x20 C:/SysGCC/arm-eabi/bin/../lib/gcc/arm-none-eabi/13.3.1/thumb/v7e-m+fp/hard\libgcc.a(_arm_unorddf2.o)
 .debug_frame   0x0000179c       0x24 C:/SysGCC/arm-eabi/bin/../lib/gcc/arm-none-eabi/13.3.1/thumb/v7e-m+fp/hard\libgcc.a(_arm_fixdfsi.o)

.debug_line_str
                0x00000000      0x1c2
 .debug_line_str
                0x00000000      0x1c2 C:/SysGCC/arm-eabi/bin/../lib/gcc/arm-none-eabi/13.3.1/thumb/v7e-m+fp/hard\libc_nano.a(libc_a-memchr.o)
                                 0xe1 (size before relaxing)
 .debug_line_str
                0x000001c2       0xeb C:/SysGCC/arm-eabi/bin/../lib/gcc/arm-none-eabi/13.3.1/thumb/v7e-m+fp/hard\libc_nano.a(libc_a-strlen.o)
 .debug_line_str
                0x000001c2       0xce C:/SysGCC/arm-eabi/bin/../lib/gcc/arm-none-eabi/13.3.1/thumb/v7e-m+fp/hard\libgcc.a(_arm_addsubdf3.o)
 .debug_line_str
                0x000001c2       0xce C:/SysGCC/arm-eabi/bin/../lib/gcc/arm-none-eabi/13.3.1/thumb/v7e-m+fp/hard\libgcc.a(_arm_muldivdf3.o)
 .debug_line_str
                0x000001c2       0xce C:/SysGCC/arm-eabi/bin/../lib/gcc/arm-none-eabi/13.3.1/thumb/v7e-m+fp/hard\libgcc.a(_arm_cmpdf2.o)
 .debug_line_str
                0x000001c2       0xce C:/SysGCC/arm-eabi/bin/../lib/gcc/arm-none-eabi/13.3.1/thumb/v7e-m+fp/hard\libgcc.a(_arm_unorddf2.o)
 .debug_line_str
                0x000001c2       0xce C:/SysGCC/arm-eabi/bin/../lib/gcc/arm-none-eabi/13.3.1/thumb/v7e-m+fp/hard\libgcc.a(_arm_fixdfsi.o)

Cross Reference Table

Symbol                                            File
ADC_IRQHandler                                    build_F411RE/startup_stm32f411xe.o
AHBPrescTable                                     build_F411RE/system_stm32f4xx.o
APBPrescTable                                     build_F411RE/system_stm32f4xx.o
BusFault_Handler                                  build_F411RE/startup_stm32f411xe.o
DMA1_Stream0_IRQHandler                           build_F411RE/startup_stm32f411xe.o
DMA1_Stream1_IRQHandler                           build_F411RE/startup_stm32f411xe.o
DMA1_Stream2_IRQHandler                           build_F411RE/startup_stm32f411xe.o
DMA1_Stream3_IRQHandler                           build_F411RE/startup_stm32f411xe.o
DMA1_Stream4_IRQHandler                           build_F411RE/startup_stm32f411xe.o
DMA1_Stream5_IRQHandler                           build_F411RE/startup_stm32f411xe.o
DMA1_Stream6_IRQHandler                           build_F411RE/startup_stm32f411xe.o
DMA1_Stream7_IRQHandler                           build_F411RE/startup_stm32f411xe.o
DMA2_Stream0_IRQHandler                           build_F411RE/startup_stm32f411xe.o
DMA2_Stream1_IRQHandler                           build_F411RE/startup_stm32f411xe.o
DMA2_Stream2_IRQHandler                           build_F411RE/startup_stm32f411xe.o
DMA2_Stream3_IRQHandler                           build_F411RE/startup_stm32f411xe.o
DMA2_Stream4_IRQHandler                           build_F411RE/startup_stm32f411xe.o
DMA2_Stream5_IRQHandler                           build_F411RE/startup_stm32f411xe.o
DMA2_Stream6_IRQHandler                           build_F411RE/startup_stm32f411xe.o
DMA2_Stream7_IRQHandler                           build_F411RE/startup_stm32f411xe.o
DebugMon_Handler                                  build_F411RE/startup_stm32f411xe.o
Default_Handler                                   build_F411RE/startup_stm32f411xe.o
EXTI0_IRQHandler                                  build_F411RE/startup_stm32f411xe.o
EXTI15_10_IRQHandler                              build_F411RE/it_handlers.o
EXTI1_IRQHandler                                  build_F411RE/startup_stm32f411xe.o
EXTI2_IRQHandler                                  build_F411RE/startup_stm32f411xe.o
EXTI3_IRQHandler                                  build_F411RE/startup_stm32f411xe.o
EXTI4_IRQHandler                                  build_F411RE/startup_stm32f411xe.o
EXTI9_5_IRQHandler                                build_F411RE/it_handlers.o
FLASH_IRQHandler                                  build_F411RE/startup_stm32f411xe.o
FPU_IRQHandler                                    build_F411RE/startup_stm32f411xe.o
GPIO_Init_Ports                                   build_F411RE/init.o
                                                  build_F411RE/main.o
HardFault_Handler                                 build_F411RE/startup_stm32f411xe.o
I2C1_ER_IRQHandler                                build_F411RE/startup_stm32f411xe.o
I2C1_EV_IRQHandler                                build_F411RE/startup_stm32f411xe.o
I2C2_ER_IRQHandler                                build_F411RE/startup_stm32f411xe.o
I2C2_EV_IRQHandler                                build_F411RE/startup_stm32f411xe.o
I2C3_ER_IRQHandler                                build_F411RE/startup_stm32f411xe.o
I2C3_EV_IRQHandler                                build_F411RE/startup_stm32f411xe.o
I2C_Address                                       build_F411RE/mpu_i2c.o
I2C_Init_HW                                       build_F411RE/mpu_i2c.o
                                                  build_F411RE/main.o
I2C_Read                                          build_F411RE/mpu_i2c.o
I2C_Start                                         build_F411RE/mpu_i2c.o
I2C_Stop                                          build_F411RE/mpu_i2c.o
I2C_Wait                                          build_F411RE/mpu_i2c.o
I2C_Write                                         build_F411RE/mpu_i2c.o
ITR_Init                                          build_F411RE/init.o
                                                  build_F411RE/main.o
MPU_Calibrate                                     build_F411RE/mpu_i2c.o
                                                  build_F411RE/main.o
MPU_Debug_Print                                   build_F411RE/mpu_i2c.o
                                                  build_F411RE/utils.o
                                                  build_F411RE/main.o
MPU_GetYaw                                        build_F411RE/mpu_i2c.o
                                                  build_F411RE/utils.o
MPU_GetYawRate                                    build_F411RE/mpu_i2c.o
MPU_Init                                          build_F411RE/mpu_i2c.o
                                                  build_F411RE/main.o
MPU_Read                                          build_F411RE/mpu_i2c.o
MPU_Update                                        build_F411RE/mpu_i2c.o
                                                  build_F411RE/utils.o
MPU_Write                                         build_F411RE/mpu_i2c.o
MemManage_Handler                                 build_F411RE/startup_stm32f411xe.o
NMI_Handler                                       build_F411RE/startup_stm32f411xe.o
OTG_FS_IRQHandler                                 build_F411RE/startup_stm32f411xe.o
OTG_FS_WKUP_IRQHandler                            build_F411RE/startup_stm32f411xe.o
PID                                               build_F411RE/utils.o
PID_Reset                                         build_F411RE/utils.o
PVD_IRQHandler                                    build_F411RE/startup_stm32f411xe.o
PWM_Left                                          build_F411RE/utils.o
PWM_Right                                         build_F411RE/utils.o
PendSV_Handler                                    build_F411RE/startup_stm32f411xe.o
RCC_IRQHandler                                    build_F411RE/startup_stm32f411xe.o
RCC_Init                                          build_F411RE/init.o
                                                  build_F411RE/main.o
RTC_Alarm_IRQHandler                              build_F411RE/startup_stm32f411xe.o
RTC_WKUP_IRQHandler                               build_F411RE/startup_stm32f411xe.o
Reset_Handler                                     build_F411RE/startup_stm32f411xe.o
SDIO_IRQHandler                                   build_F411RE/startup_stm32f411xe.o
SPI1_IRQHandler                                   build_F411RE/startup_stm32f411xe.o
SPI2_IRQHandler                                   build_F411RE/startup_stm32f411xe.o
SPI3_IRQHandler                                   build_F411RE/startup_stm32f411xe.o
SPI4_IRQHandler                                   build_F411RE/startup_stm32f411xe.o
SPI5_IRQHandler                                   build_F411RE/startup_stm32f411xe.o
SVC_Handler                                       build_F411RE/startup_stm32f411xe.o
SysTick_Handler                                   build_F411RE/it_handlers.o
SysTick_Init                                      build_F411RE/init.o
                                                  build_F411RE/main.o
SystemCoreClock                                   build_F411RE/system_stm32f4xx.o
SystemCoreClockUpdate                             build_F411RE/system_stm32f4xx.o
SystemInit                                        build_F411RE/system_stm32f4xx.o
                                                  build_F411RE/startup_stm32f411xe.o
TAMP_STAMP_IRQHandler                             build_F411RE/startup_stm32f411xe.o
TIM1_BRK_TIM9_IRQHandler                          build_F411RE/startup_stm32f411xe.o
TIM1_CC_IRQHandler                                build_F411RE/startup_stm32f411xe.o
TIM1_PWM_Init                                     build_F411RE/init.o
                                                  build_F411RE/main.o
TIM1_TRG_COM_TIM11_IRQHandler                     build_F411RE/startup_stm32f411xe.o
TIM1_UP_TIM10_IRQHandler                          build_F411RE/startup_stm32f411xe.o
TIM2_IRQHandler                                   build_F411RE/startup_stm32f411xe.o
TIM3_IRQHandler                                   build_F411RE/startup_stm32f411xe.o
TIM4_IRQHandler                                   build_F411RE/startup_stm32f411xe.o
TIM5_IRQHandler                                   build_F411RE/startup_stm32f411xe.o
UART_Init                                         build_F411RE/uart_debug.o
                                                  build_F411RE/main.o
UART_SendChar                                     build_F411RE/uart_debug.o
                                                  build_F411RE/mpu_i2c.o
UART_SendString                                   build_F411RE/uart_debug.o
                                                  build_F411RE/main.o
USART1_IRQHandler                                 build_F411RE/startup_stm32f411xe.o
USART2_IRQHandler                                 build_F411RE/startup_stm32f411xe.o
USART6_IRQHandler                                 build_F411RE/startup_stm32f411xe.o
UsageFault_Handler                                build_F411RE/startup_stm32f411xe.o
WWDG_IRQHandler                                   build_F411RE/startup_stm32f411xe.o
_Balloc                                           C:/SysGCC/arm-eabi/bin/../lib/gcc/arm-none-eabi/13.3.1/thumb/v7e-m+fp/hard\libc_nano.a(libc_a-mprec.o)
                                                  C:/SysGCC/arm-eabi/bin/../lib/gcc/arm-none-eabi/13.3.1/thumb/v7e-m+fp/hard\libc_nano.a(libc_a-dtoa.o)
_Bfree                                            C:/SysGCC/arm-eabi/bin/../lib/gcc/arm-none-eabi/13.3.1/thumb/v7e-m+fp/hard\libc_nano.a(libc_a-mprec.o)
                                                  C:/SysGCC/arm-eabi/bin/../lib/gcc/arm-none-eabi/13.3.1/thumb/v7e-m+fp/hard\libc_nano.a(libc_a-dtoa.o)
_ITM_deregisterTMCloneTable                       C:/SysGCC/arm-eabi/bin/../lib/gcc/arm-none-eabi/13.3.1/thumb/v7e-m+fp/hard/crtbegin.o
_ITM_registerTMCloneTable                         C:/SysGCC/arm-eabi/bin/../lib/gcc/arm-none-eabi/13.3.1/thumb/v7e-m+fp/hard/crtbegin.o
_Min_Stack_Size                                   build_F411RE/sysmem.o
_PathLocale                                       C:/SysGCC/arm-eabi/bin/../lib/gcc/arm-none-eabi/13.3.1/thumb/v7e-m+fp/hard\libc_nano.a(libc_a-locale.o)
__TMC_END__                                       C:/SysGCC/arm-eabi/bin/../lib/gcc/arm-none-eabi/13.3.1/thumb/v7e-m+fp/hard/crtend.o
                                                  C:/SysGCC/arm-eabi/bin/../lib/gcc/arm-none-eabi/13.3.1/thumb/v7e-m+fp/hard/crtbegin.o
__adddf3                                          C:/SysGCC/arm-eabi/bin/../lib/gcc/arm-none-eabi/13.3.1/thumb/v7e-m+fp/hard\libgcc.a(_arm_addsubdf3.o)
__aeabi_cdcmpeq                                   C:/SysGCC/arm-eabi/bin/../lib/gcc/arm-none-eabi/13.3.1/thumb/v7e-m+fp/hard\libgcc.a(_arm_cmpdf2.o)
__aeabi_cdcmple                                   C:/SysGCC/arm-eabi/bin/../lib/gcc/arm-none-eabi/13.3.1/thumb/v7e-m+fp/hard\libgcc.a(_arm_cmpdf2.o)
__aeabi_cdrcmple                                  C:/SysGCC/arm-eabi/bin/../lib/gcc/arm-none-eabi/13.3.1/thumb/v7e-m+fp/hard\libgcc.a(_arm_cmpdf2.o)
__aeabi_d2iz                                      C:/SysGCC/arm-eabi/bin/../lib/gcc/arm-none-eabi/13.3.1/thumb/v7e-m+fp/hard\libgcc.a(_arm_fixdfsi.o)
                                                  C:/SysGCC/arm-eabi/bin/../lib/gcc/arm-none-eabi/13.3.1/thumb/v7e-m+fp/hard\libc_nano.a(libc_a-dtoa.o)
__aeabi_dadd                                      C:/SysGCC/arm-eabi/bin/../lib/gcc/arm-none-eabi/13.3.1/thumb/v7e-m+fp/hard\libgcc.a(_arm_addsubdf3.o)
                                                  C:/SysGCC/arm-eabi/bin/../lib/gcc/arm-none-eabi/13.3.1/thumb/v7e-m+fp/hard\libc_nano.a(libc_a-dtoa.o)
__aeabi_dcmpeq                                    C:/SysGCC/arm-eabi/bin/../lib/gcc/arm-none-eabi/13.3.1/thumb/v7e-m+fp/hard\libgcc.a(_arm_cmpdf2.o)
                                                  C:/SysGCC/arm-eabi/bin/../lib/gcc/arm-none-eabi/13.3.1/thumb/v7e-m+fp/hard\libc_nano.a(libc_a-dtoa.o)
                                                  C:/SysGCC/arm-eabi/bin/../lib/gcc/arm-none-eabi/13.3.1/thumb/v7e-m+fp/hard\libc_nano.a(libc_a-nano-vfprintf_float.o)
__aeabi_dcmpge                                    C:/SysGCC/arm-eabi/bin/../lib/gcc/arm-none-eabi/13.3.1/thumb/v7e-m+fp/hard\libgcc.a(_arm_cmpdf2.o)
                                                  C:/SysGCC/arm-eabi/bin/../lib/gcc/arm-none-eabi/13.3.1/thumb/v7e-m+fp/hard\libc_nano.a(libc_a-dtoa.o)
__aeabi_dcmpgt                                    C:/SysGCC/arm-eabi/bin/../lib/gcc/arm-none-eabi/13.3.1/thumb/v7e-m+fp/hard\libgcc.a(_arm_cmpdf2.o)
                                                  C:/SysGCC/arm-eabi/bin/../lib/gcc/arm-none-eabi/13.3.1/thumb/v7e-m+fp/hard\libc_nano.a(libc_a-dtoa.o)
__aeabi_dcmple                                    C:/SysGCC/arm-eabi/bin/../lib/gcc/arm-none-eabi/13.3.1/thumb/v7e-m+fp/hard\libgcc.a(_arm_cmpdf2.o)
                                                  C:/SysGCC/arm-eabi/bin/../lib/gcc/arm-none-eabi/13.3.1/thumb/v7e-m+fp/hard\libc_nano.a(libc_a-nano-vfprintf_float.o)
__aeabi_dcmplt                                    C:/SysGCC/arm-eabi/bin/../lib/gcc/arm-none-eabi/13.3.1/thumb/v7e-m+fp/hard\libgcc.a(_arm_cmpdf2.o)
                                                  C:/SysGCC/arm-eabi/bin/../lib/gcc/arm-none-eabi/13.3.1/thumb/v7e-m+fp/hard\libc_nano.a(libc_a-dtoa.o)
                                                  C:/SysGCC/arm-eabi/bin/../lib/gcc/arm-none-eabi/13.3.1/thumb/v7e-m+fp/hard\libc_nano.a(libc_a-nano-vfprintf_float.o)
__aeabi_dcmpun                                    C:/SysGCC/arm-eabi/bin/../lib/gcc/arm-none-eabi/13.3.1/thumb/v7e-m+fp/hard\libgcc.a(_arm_unorddf2.o)
                                                  C:/SysGCC/arm-eabi/bin/../lib/gcc/arm-none-eabi/13.3.1/thumb/v7e-m+fp/hard\libc_nano.a(libc_a-nano-vfprintf_float.o)
__aeabi_ddiv                                      C:/SysGCC/arm-eabi/bin/../lib/gcc/arm-none-eabi/13.3.1/thumb/v7e-m+fp/hard\libgcc.a(_arm_muldivdf3.o)
                                                  C:/SysGCC/arm-eabi/bin/../lib/gcc/arm-none-eabi/13.3.1/thumb/v7e-m+fp/hard\libc_nano.a(libc_a-mprec.o)
                                                  C:/SysGCC/arm-eabi/bin/../lib/gcc/arm-none-eabi/13.3.1/thumb/v7e-m+fp/hard\libc_nano.a(libc_a-dtoa.o)
__aeabi_dmul                                      C:/SysGCC/arm-eabi/bin/../lib/gcc/arm-none-eabi/13.3.1/thumb/v7e-m+fp/hard\libgcc.a(_arm_muldivdf3.o)
                                                  C:/SysGCC/arm-eabi/bin/../lib/gcc/arm-none-eabi/13.3.1/thumb/v7e-m+fp/hard\libgcc.a(_arm_muldf3.o)
                                                  C:/SysGCC/arm-eabi/bin/../lib/gcc/arm-none-eabi/13.3.1/thumb/v7e-m+fp/hard\libc_nano.a(libc_a-mprec.o)
                                                  C:/SysGCC/arm-eabi/bin/../lib/gcc/arm-none-eabi/13.3.1/thumb/v7e-m+fp/hard\libc_nano.a(libc_a-dtoa.o)
__aeabi_drsub                                     C:/SysGCC/arm-eabi/bin/../lib/gcc/arm-none-eabi/13.3.1/thumb/v7e-m+fp/hard\libgcc.a(_arm_addsubdf3.o)
__aeabi_dsub                                      C:/SysGCC/arm-eabi/bin/../lib/gcc/arm-none-eabi/13.3.1/thumb/v7e-m+fp/hard\libgcc.a(_arm_addsubdf3.o)
                                                  C:/SysGCC/arm-eabi/bin/../lib/gcc/arm-none-eabi/13.3.1/thumb/v7e-m+fp/hard\libc_nano.a(libc_a-dtoa.o)
__aeabi_f2d                                       C:/SysGCC/arm-eabi/bin/../lib/gcc/arm-none-eabi/13.3.1/thumb/v7e-m+fp/hard\libgcc.a(_arm_addsubdf3.o)
                                                  build_F411RE/mpu_i2c.o
__aeabi_i2d                                       C:/SysGCC/arm-eabi/bin/../lib/gcc/arm-none-eabi/13.3.1/thumb/v7e-m+fp/hard\libgcc.a(_arm_addsubdf3.o)
                                                  C:/SysGCC/arm-eabi/bin/../lib/gcc/arm-none-eabi/13.3.1/thumb/v7e-m+fp/hard\libc_nano.a(libc_a-dtoa.o)
__aeabi_l2d                                       C:/SysGCC/arm-eabi/bin/../lib/gcc/arm-none-eabi/13.3.1/thumb/v7e-m+fp/hard\libgcc.a(_arm_addsubdf3.o)
__aeabi_ui2d                                      C:/SysGCC/arm-eabi/bin/../lib/gcc/arm-none-eabi/13.3.1/thumb/v7e-m+fp/hard\libgcc.a(_arm_addsubdf3.o)
                                                  C:/SysGCC/arm-eabi/bin/../lib/gcc/arm-none-eabi/13.3.1/thumb/v7e-m+fp/hard\libc_nano.a(libc_a-dtoa.o)
__aeabi_ul2d                                      C:/SysGCC/arm-eabi/bin/../lib/gcc/arm-none-eabi/13.3.1/thumb/v7e-m+fp/hard\libgcc.a(_arm_addsubdf3.o)
__any_on                                          C:/SysGCC/arm-eabi/bin/../lib/gcc/arm-none-eabi/13.3.1/thumb/v7e-m+fp/hard\libc_nano.a(libc_a-mprec.o)
__ascii_mbtowc                                    C:/SysGCC/arm-eabi/bin/../lib/gcc/arm-none-eabi/13.3.1/thumb/v7e-m+fp/hard\libc_nano.a(libc_a-mbtowc_r.o)
                                                  C:/SysGCC/arm-eabi/bin/../lib/gcc/arm-none-eabi/13.3.1/thumb/v7e-m+fp/hard\libc_nano.a(libc_a-locale.o)
__ascii_wctomb                                    C:/SysGCC/arm-eabi/bin/../lib/gcc/arm-none-eabi/13.3.1/thumb/v7e-m+fp/hard\libc_nano.a(libc_a-wctomb_r.o)
                                                  C:/SysGCC/arm-eabi/bin/../lib/gcc/arm-none-eabi/13.3.1/thumb/v7e-m+fp/hard\libc_nano.a(libc_a-locale.o)
__assert                                          C:/SysGCC/arm-eabi/bin/../lib/gcc/arm-none-eabi/13.3.1/thumb/v7e-m+fp/hard\libc_nano.a(libc_a-assert.o)
__assert_func                                     C:/SysGCC/arm-eabi/bin/../lib/gcc/arm-none-eabi/13.3.1/thumb/v7e-m+fp/hard\libc_nano.a(libc_a-assert.o)
                                                  C:/SysGCC/arm-eabi/bin/../lib/gcc/arm-none-eabi/13.3.1/thumb/v7e-m+fp/hard\libc_nano.a(libc_a-mprec.o)
                                                  C:/SysGCC/arm-eabi/bin/../lib/gcc/arm-none-eabi/13.3.1/thumb/v7e-m+fp/hard\libc_nano.a(libc_a-dtoa.o)
__b2d                                             C:/SysGCC/arm-eabi/bin/../lib/gcc/arm-none-eabi/13.3.1/thumb/v7e-m+fp/hard\libc_nano.a(libc_a-mprec.o)
__bss_end__                                       C:/SysGCC/arm-eabi/bin/../lib/gcc/arm-none-eabi/13.3.1/thumb/v7e-m+fp/hard/crt0.o
__bss_start__                                     C:/SysGCC/arm-eabi/bin/../lib/gcc/arm-none-eabi/13.3.1/thumb/v7e-m+fp/hard/crt0.o
__call_exitprocs                                  C:/SysGCC/arm-eabi/bin/../lib/gcc/arm-none-eabi/13.3.1/thumb/v7e-m+fp/hard\libc_nano.a(libc_a-exit.o)
__cmpdf2                                          C:/SysGCC/arm-eabi/bin/../lib/gcc/arm-none-eabi/13.3.1/thumb/v7e-m+fp/hard\libgcc.a(_arm_cmpdf2.o)
__copybits                                        C:/SysGCC/arm-eabi/bin/../lib/gcc/arm-none-eabi/13.3.1/thumb/v7e-m+fp/hard\libc_nano.a(libc_a-mprec.o)
__cvt                                             C:/SysGCC/arm-eabi/bin/../lib/gcc/arm-none-eabi/13.3.1/thumb/v7e-m+fp/hard\libc_nano.a(libc_a-nano-vfprintf_float.o)
__d2b                                             C:/SysGCC/arm-eabi/bin/../lib/gcc/arm-none-eabi/13.3.1/thumb/v7e-m+fp/hard\libc_nano.a(libc_a-mprec.o)
                                                  C:/SysGCC/arm-eabi/bin/../lib/gcc/arm-none-eabi/13.3.1/thumb/v7e-m+fp/hard\libc_nano.a(libc_a-dtoa.o)
__deregister_frame_info                           C:/SysGCC/arm-eabi/bin/../lib/gcc/arm-none-eabi/13.3.1/thumb/v7e-m+fp/hard/crtbegin.o
__divdf3                                          C:/SysGCC/arm-eabi/bin/../lib/gcc/arm-none-eabi/13.3.1/thumb/v7e-m+fp/hard\libgcc.a(_arm_muldivdf3.o)
__dso_handle                                      C:/SysGCC/arm-eabi/bin/../lib/gcc/arm-none-eabi/13.3.1/thumb/v7e-m+fp/hard/crtbegin.o
__env                                             build_F411RE/syscalls.o
__eqdf2                                           C:/SysGCC/arm-eabi/bin/../lib/gcc/arm-none-eabi/13.3.1/thumb/v7e-m+fp/hard\libgcc.a(_arm_cmpdf2.o)
__errno                                           C:/SysGCC/arm-eabi/bin/../lib/gcc/arm-none-eabi/13.3.1/thumb/v7e-m+fp/hard\libc_nano.a(libc_a-errno.o)
                                                  build_F411RE/sysmem.o
                                                  build_F411RE/syscalls.o
__exponent                                        C:/SysGCC/arm-eabi/bin/../lib/gcc/arm-none-eabi/13.3.1/thumb/v7e-m+fp/hard\libc_nano.a(libc_a-nano-vfprintf_float.o)
__extendsfdf2                                     C:/SysGCC/arm-eabi/bin/../lib/gcc/arm-none-eabi/13.3.1/thumb/v7e-m+fp/hard\libgcc.a(_arm_addsubdf3.o)
__fixdfsi                                         C:/SysGCC/arm-eabi/bin/../lib/gcc/arm-none-eabi/13.3.1/thumb/v7e-m+fp/hard\libgcc.a(_arm_fixdfsi.o)
__floatdidf                                       C:/SysGCC/arm-eabi/bin/../lib/gcc/arm-none-eabi/13.3.1/thumb/v7e-m+fp/hard\libgcc.a(_arm_addsubdf3.o)
__floatsidf                                       C:/SysGCC/arm-eabi/bin/../lib/gcc/arm-none-eabi/13.3.1/thumb/v7e-m+fp/hard\libgcc.a(_arm_addsubdf3.o)
__floatundidf                                     C:/SysGCC/arm-eabi/bin/../lib/gcc/arm-none-eabi/13.3.1/thumb/v7e-m+fp/hard\libgcc.a(_arm_addsubdf3.o)
__floatunsidf                                     C:/SysGCC/arm-eabi/bin/../lib/gcc/arm-none-eabi/13.3.1/thumb/v7e-m+fp/hard\libgcc.a(_arm_addsubdf3.o)
__fp_lock_all                                     C:/SysGCC/arm-eabi/bin/../lib/gcc/arm-none-eabi/13.3.1/thumb/v7e-m+fp/hard\libc_nano.a(libc_a-findfp.o)
__fp_unlock_all                                   C:/SysGCC/arm-eabi/bin/../lib/gcc/arm-none-eabi/13.3.1/thumb/v7e-m+fp/hard\libc_nano.a(libc_a-findfp.o)
__gedf2                                           C:/SysGCC/arm-eabi/bin/../lib/gcc/arm-none-eabi/13.3.1/thumb/v7e-m+fp/hard\libgcc.a(_arm_cmpdf2.o)
__global_locale                                   C:/SysGCC/arm-eabi/bin/../lib/gcc/arm-none-eabi/13.3.1/thumb/v7e-m+fp/hard\libc_nano.a(libc_a-locale.o)
                                                  C:/SysGCC/arm-eabi/bin/../lib/gcc/arm-none-eabi/13.3.1/thumb/v7e-m+fp/hard\libc_nano.a(libc_a-wctomb_r.o)
                                                  C:/SysGCC/arm-eabi/bin/../lib/gcc/arm-none-eabi/13.3.1/thumb/v7e-m+fp/hard\libc_nano.a(libc_a-mbtowc_r.o)
                                                  C:/SysGCC/arm-eabi/bin/../lib/gcc/arm-none-eabi/13.3.1/thumb/v7e-m+fp/hard\libc_nano.a(libc_a-localeconv.o)
__gtdf2                                           C:/SysGCC/arm-eabi/bin/../lib/gcc/arm-none-eabi/13.3.1/thumb/v7e-m+fp/hard\libgcc.a(_arm_cmpdf2.o)
__hi0bits                                         C:/SysGCC/arm-eabi/bin/../lib/gcc/arm-none-eabi/13.3.1/thumb/v7e-m+fp/hard\libc_nano.a(libc_a-mprec.o)
                                                  C:/SysGCC/arm-eabi/bin/../lib/gcc/arm-none-eabi/13.3.1/thumb/v7e-m+fp/hard\libc_nano.a(libc_a-dtoa.o)
__i2b                                             C:/SysGCC/arm-eabi/bin/../lib/gcc/arm-none-eabi/13.3.1/thumb/v7e-m+fp/hard\libc_nano.a(libc_a-mprec.o)
                                                  C:/SysGCC/arm-eabi/bin/../lib/gcc/arm-none-eabi/13.3.1/thumb/v7e-m+fp/hard\libc_nano.a(libc_a-dtoa.o)
__init_array_end                                  C:/SysGCC/arm-eabi/bin/../lib/gcc/arm-none-eabi/13.3.1/thumb/v7e-m+fp/hard\libc_nano.a(libc_a-init.o)
__init_array_start                                C:/SysGCC/arm-eabi/bin/../lib/gcc/arm-none-eabi/13.3.1/thumb/v7e-m+fp/hard\libc_nano.a(libc_a-init.o)
__io_getchar                                      build_F411RE/syscalls.o
__io_putchar                                      build_F411RE/syscalls.o
__ledf2                                           C:/SysGCC/arm-eabi/bin/../lib/gcc/arm-none-eabi/13.3.1/thumb/v7e-m+fp/hard\libgcc.a(_arm_cmpdf2.o)
__libc_fini_array                                 C:/SysGCC/arm-eabi/bin/../lib/gcc/arm-none-eabi/13.3.1/thumb/v7e-m+fp/hard/crt0.o
__libc_init_array                                 C:/SysGCC/arm-eabi/bin/../lib/gcc/arm-none-eabi/13.3.1/thumb/v7e-m+fp/hard\libc_nano.a(libc_a-init.o)
                                                  build_F411RE/startup_stm32f411xe.o
                                                  C:/SysGCC/arm-eabi/bin/../lib/gcc/arm-none-eabi/13.3.1/thumb/v7e-m+fp/hard/crt0.o